core_cm7.h:2073:22:SCB_EnableICache	4	static
core_cm7.h:2123:22:SCB_EnableDCache	24	static
main.c:144:5:main	80	static
main.c:263:6:SystemClock_Config	216	static
main.c:341:13:MX_DMA2D_Init	8	static
main.c:376:13:MX_LTDC_Init	64	static
main.c:425:13:MX_RTC_Init	40	static
main.c:487:13:MX_USART1_UART_Init	8	static
main.c:508:13:MX_FMC_Init	40	static
main.c:549:13:MX_GPIO_Init	72	static
main.c:601:13:netconn_thread	88	static
main.c:628:6:StartDefaultTask	24	static
main.c:645:6:TaskStringOut	32	static
main.c:667:6:MPU_Config	24	static
main.c:701:6:HAL_TIM_PeriodElapsedCallback	16	static
main.c:720:6:_Error_Handler	16	static
