stm32f7xx_hal_msp.c:59:6:HAL_MspInit	16	static
stm32f7xx_hal_msp.c:91:6:HAL_DMA2D_MspInit	24	static
stm32f7xx_hal_msp.c:111:6:HAL_DMA2D_MspDeInit	16	static
stm32f7xx_hal_msp.c:131:6:HAL_LTDC_MspInit	40	static
stm32f7xx_hal_msp.c:219:6:HAL_LTDC_MspDeInit	16	static
stm32f7xx_hal_msp.c:281:6:HAL_RTC_MspInit	16	static
stm32f7xx_hal_msp.c:298:6:HAL_RTC_MspDeInit	16	static
stm32f7xx_hal_msp.c:315:6:HAL_UART_MspInit	40	static
stm32f7xx_hal_msp.c:352:6:HAL_UART_MspDeInit	16	static
stm32f7xx_hal_msp.c:380:13:HAL_FMC_MspInit	32	static
stm32f7xx_hal_msp.c:485:6:HAL_SDRAM_MspInit	16	static
stm32f7xx_hal_msp.c:497:13:HAL_FMC_MspDeInit	8	static
stm32f7xx_hal_msp.c:571:6:HAL_SDRAM_MspDeInit	16	static
