Archive member included to satisfy reference by file (symbol)

/usr/lib/gcc/arm-none-eabi/9.2.1/../../../arm-none-eabi/lib/thumb/v7e-m+fp/hard/libc_nano.a(lib_a-atexit.o)
                              /usr/lib/gcc/arm-none-eabi/9.2.1/../../../arm-none-eabi/lib/thumb/v7e-m+fp/hard/crt0.o (atexit)
/usr/lib/gcc/arm-none-eabi/9.2.1/../../../arm-none-eabi/lib/thumb/v7e-m+fp/hard/libc_nano.a(lib_a-errno.o)
                              ./Core/Src/syscalls.o (__errno)
/usr/lib/gcc/arm-none-eabi/9.2.1/../../../arm-none-eabi/lib/thumb/v7e-m+fp/hard/libc_nano.a(lib_a-exit.o)
                              /usr/lib/gcc/arm-none-eabi/9.2.1/../../../arm-none-eabi/lib/thumb/v7e-m+fp/hard/crt0.o (exit)
/usr/lib/gcc/arm-none-eabi/9.2.1/../../../arm-none-eabi/lib/thumb/v7e-m+fp/hard/libc_nano.a(lib_a-fini.o)
                              /usr/lib/gcc/arm-none-eabi/9.2.1/../../../arm-none-eabi/lib/thumb/v7e-m+fp/hard/crt0.o (__libc_fini_array)
/usr/lib/gcc/arm-none-eabi/9.2.1/../../../arm-none-eabi/lib/thumb/v7e-m+fp/hard/libc_nano.a(lib_a-impure.o)
                              /usr/lib/gcc/arm-none-eabi/9.2.1/../../../arm-none-eabi/lib/thumb/v7e-m+fp/hard/libc_nano.a(lib_a-exit.o) (_global_impure_ptr)
/usr/lib/gcc/arm-none-eabi/9.2.1/../../../arm-none-eabi/lib/thumb/v7e-m+fp/hard/libc_nano.a(lib_a-init.o)
                              /usr/lib/gcc/arm-none-eabi/9.2.1/../../../arm-none-eabi/lib/thumb/v7e-m+fp/hard/crt0.o (__libc_init_array)
/usr/lib/gcc/arm-none-eabi/9.2.1/../../../arm-none-eabi/lib/thumb/v7e-m+fp/hard/libc_nano.a(lib_a-malloc.o)
                              ./Middlewares/ST/STM32_USB_Host_Library/Class/CDC/Src/usbh_cdc.o (malloc)
/usr/lib/gcc/arm-none-eabi/9.2.1/../../../arm-none-eabi/lib/thumb/v7e-m+fp/hard/libc_nano.a(lib_a-memcpy.o)
                              ./Middlewares/Third_Party/FreeRTOS/Source/queue.o (memcpy)
/usr/lib/gcc/arm-none-eabi/9.2.1/../../../arm-none-eabi/lib/thumb/v7e-m+fp/hard/libc_nano.a(lib_a-memset.o)
                              /usr/lib/gcc/arm-none-eabi/9.2.1/../../../arm-none-eabi/lib/thumb/v7e-m+fp/hard/crt0.o (memset)
/usr/lib/gcc/arm-none-eabi/9.2.1/../../../arm-none-eabi/lib/thumb/v7e-m+fp/hard/libc_nano.a(lib_a-nano-freer.o)
                              /usr/lib/gcc/arm-none-eabi/9.2.1/../../../arm-none-eabi/lib/thumb/v7e-m+fp/hard/libc_nano.a(lib_a-malloc.o) (_free_r)
/usr/lib/gcc/arm-none-eabi/9.2.1/../../../arm-none-eabi/lib/thumb/v7e-m+fp/hard/libc_nano.a(lib_a-nano-mallocr.o)
                              /usr/lib/gcc/arm-none-eabi/9.2.1/../../../arm-none-eabi/lib/thumb/v7e-m+fp/hard/libc_nano.a(lib_a-malloc.o) (_malloc_r)
/usr/lib/gcc/arm-none-eabi/9.2.1/../../../arm-none-eabi/lib/thumb/v7e-m+fp/hard/libc_nano.a(lib_a-sbrkr.o)
                              /usr/lib/gcc/arm-none-eabi/9.2.1/../../../arm-none-eabi/lib/thumb/v7e-m+fp/hard/libc_nano.a(lib_a-nano-mallocr.o) (_sbrk_r)
/usr/lib/gcc/arm-none-eabi/9.2.1/../../../arm-none-eabi/lib/thumb/v7e-m+fp/hard/libc_nano.a(lib_a-__atexit.o)
                              /usr/lib/gcc/arm-none-eabi/9.2.1/../../../arm-none-eabi/lib/thumb/v7e-m+fp/hard/libc_nano.a(lib_a-atexit.o) (__register_exitproc)
/usr/lib/gcc/arm-none-eabi/9.2.1/../../../arm-none-eabi/lib/thumb/v7e-m+fp/hard/libc_nano.a(lib_a-__call_atexit.o)
                              /usr/lib/gcc/arm-none-eabi/9.2.1/../../../arm-none-eabi/lib/thumb/v7e-m+fp/hard/libc_nano.a(lib_a-__atexit.o) (__call_exitprocs)
/usr/lib/gcc/arm-none-eabi/9.2.1/../../../arm-none-eabi/lib/thumb/v7e-m+fp/hard/libc_nano.a(lib_a-mlock.o)
                              /usr/lib/gcc/arm-none-eabi/9.2.1/../../../arm-none-eabi/lib/thumb/v7e-m+fp/hard/libc_nano.a(lib_a-nano-freer.o) (__malloc_lock)
/usr/lib/gcc/arm-none-eabi/9.2.1/../../../arm-none-eabi/lib/thumb/v7e-m+fp/hard/libc_nano.a(lib_a-reent.o)
                              /usr/lib/gcc/arm-none-eabi/9.2.1/../../../arm-none-eabi/lib/thumb/v7e-m+fp/hard/libc_nano.a(lib_a-sbrkr.o) (errno)
/usr/lib/gcc/arm-none-eabi/9.2.1/thumb/v7e-m+fp/hard/libgcc.a(_aeabi_ldivmod.o)
                              ./Drivers/STM32F7xx_HAL_Driver/Src/stm32f7xx_hal_rcc.o (__aeabi_ldivmod)
/usr/lib/gcc/arm-none-eabi/9.2.1/thumb/v7e-m+fp/hard/libgcc.a(_aeabi_uldivmod.o)
                              ./Drivers/STM32F7xx_HAL_Driver/Src/stm32f7xx_hal_rcc.o (__aeabi_uldivmod)
/usr/lib/gcc/arm-none-eabi/9.2.1/thumb/v7e-m+fp/hard/libgcc.a(_udivmoddi4.o)
                              /usr/lib/gcc/arm-none-eabi/9.2.1/thumb/v7e-m+fp/hard/libgcc.a(_aeabi_ldivmod.o) (__udivmoddi4)
/usr/lib/gcc/arm-none-eabi/9.2.1/thumb/v7e-m+fp/hard/libgcc.a(_dvmd_tls.o)
                              /usr/lib/gcc/arm-none-eabi/9.2.1/thumb/v7e-m+fp/hard/libgcc.a(_aeabi_ldivmod.o) (__aeabi_ldiv0)

Allocating common symbols
Common symbol       size              file

hsai_BlockB2        0x84              ./Core/Src/main.o
retSD               0x1               ./FATFS/App/fatfs.o
defaultTaskHandle   0x4               ./Core/Src/main.o
[...]
Memory Configuration

Name             Origin             Length             Attributes
RAM              0x0000000020000000 0x0000000000050000 xrw
FLASH            0x0000000008000000 0x0000000000100000 xr
*default*        0x0000000000000000 0xffffffffffffffff

Linker script and memory map

LOAD /usr/lib/gcc/arm-none-eabi/9.2.1/thumb/v7e-m+fp/hard/crti.o
LOAD /usr/lib/gcc/arm-none-eabi/9.2.1/thumb/v7e-m+fp/hard/crtbegin.o
LOAD /usr/lib/gcc/arm-none-eabi/9.2.1/../../../arm-none-eabi/lib/thumb/v7e-m+fp/hard/crt0.o
LOAD ./Core/Src/freertos.o
LOAD ./Core/Src/main.o
LOAD ./Core/Src/stm32f7xx_hal_msp.o
LOAD ./Core/Src/stm32f7xx_hal_timebase_tim.o
LOAD ./Core/Src/stm32f7xx_it.o
LOAD ./Core/Src/syscalls.o
LOAD ./Core/Src/sysmem.o
LOAD ./Core/Src/system_stm32f7xx.o
LOAD ./Core/Startup/startup_stm32f746nghx.o
LOAD ./Drivers/STM32F7xx_HAL_Driver/Src/stm32f7xx_hal.o
LOAD ./Drivers/STM32F7xx_HAL_Driver/Src/stm32f7xx_hal_adc.o
LOAD ./Drivers/STM32F7xx_HAL_Driver/Src/stm32f7xx_hal_adc_ex.o
LOAD ./Drivers/STM32F7xx_HAL_Driver/Src/stm32f7xx_hal_cortex.o
LOAD ./Drivers/STM32F7xx_HAL_Driver/Src/stm32f7xx_hal_crc.o
LOAD ./Drivers/STM32F7xx_HAL_Driver/Src/stm32f7xx_hal_crc_ex.o
LOAD ./Drivers/STM32F7xx_HAL_Driver/Src/stm32f7xx_hal_dcmi.o
LOAD ./Drivers/STM32F7xx_HAL_Driver/Src/stm32f7xx_hal_dcmi_ex.o
LOAD ./Drivers/STM32F7xx_HAL_Driver/Src/stm32f7xx_hal_dma.o
LOAD ./Drivers/STM32F7xx_HAL_Driver/Src/stm32f7xx_hal_dma2d.o
LOAD ./Drivers/STM32F7xx_HAL_Driver/Src/stm32f7xx_hal_dma_ex.o
LOAD ./Drivers/STM32F7xx_HAL_Driver/Src/stm32f7xx_hal_dsi.o
LOAD ./Drivers/STM32F7xx_HAL_Driver/Src/stm32f7xx_hal_eth.o
LOAD ./Drivers/STM32F7xx_HAL_Driver/Src/stm32f7xx_hal_exti.o
LOAD ./Drivers/STM32F7xx_HAL_Driver/Src/stm32f7xx_hal_flash.o
LOAD ./Drivers/STM32F7xx_HAL_Driver/Src/stm32f7xx_hal_flash_ex.o
LOAD ./Drivers/STM32F7xx_HAL_Driver/Src/stm32f7xx_hal_gpio.o
LOAD ./Drivers/STM32F7xx_HAL_Driver/Src/stm32f7xx_hal_hcd.o
LOAD ./Drivers/STM32F7xx_HAL_Driver/Src/stm32f7xx_hal_i2c.o
LOAD ./Drivers/STM32F7xx_HAL_Driver/Src/stm32f7xx_hal_i2c_ex.o
LOAD ./Drivers/STM32F7xx_HAL_Driver/Src/stm32f7xx_hal_ltdc.o
LOAD ./Drivers/STM32F7xx_HAL_Driver/Src/stm32f7xx_hal_ltdc_ex.o
LOAD ./Drivers/STM32F7xx_HAL_Driver/Src/stm32f7xx_hal_pwr.o
LOAD ./Drivers/STM32F7xx_HAL_Driver/Src/stm32f7xx_hal_pwr_ex.o
LOAD ./Drivers/STM32F7xx_HAL_Driver/Src/stm32f7xx_hal_qspi.o
LOAD ./Drivers/STM32F7xx_HAL_Driver/Src/stm32f7xx_hal_rcc.o
LOAD ./Drivers/STM32F7xx_HAL_Driver/Src/stm32f7xx_hal_rcc_ex.o
LOAD ./Drivers/STM32F7xx_HAL_Driver/Src/stm32f7xx_hal_rtc.o
LOAD ./Drivers/STM32F7xx_HAL_Driver/Src/stm32f7xx_hal_rtc_ex.o
LOAD ./Drivers/STM32F7xx_HAL_Driver/Src/stm32f7xx_hal_sai.o
LOAD ./Drivers/STM32F7xx_HAL_Driver/Src/stm32f7xx_hal_sai_ex.o
LOAD ./Drivers/STM32F7xx_HAL_Driver/Src/stm32f7xx_hal_sd.o
LOAD ./Drivers/STM32F7xx_HAL_Driver/Src/stm32f7xx_hal_sdram.o
LOAD ./Drivers/STM32F7xx_HAL_Driver/Src/stm32f7xx_hal_spdifrx.o
LOAD ./Drivers/STM32F7xx_HAL_Driver/Src/stm32f7xx_hal_spi.o
LOAD ./Drivers/STM32F7xx_HAL_Driver/Src/stm32f7xx_hal_spi_ex.o
LOAD ./Drivers/STM32F7xx_HAL_Driver/Src/stm32f7xx_hal_tim.o
LOAD ./Drivers/STM32F7xx_HAL_Driver/Src/stm32f7xx_hal_tim_ex.o
LOAD ./Drivers/STM32F7xx_HAL_Driver/Src/stm32f7xx_hal_uart.o
LOAD ./Drivers/STM32F7xx_HAL_Driver/Src/stm32f7xx_hal_uart_ex.o
LOAD ./Drivers/STM32F7xx_HAL_Driver/Src/stm32f7xx_ll_fmc.o
LOAD ./Drivers/STM32F7xx_HAL_Driver/Src/stm32f7xx_ll_sdmmc.o
LOAD ./Drivers/STM32F7xx_HAL_Driver/Src/stm32f7xx_ll_usb.o
LOAD ./FATFS/App/fatfs.o
LOAD ./FATFS/Target/bsp_driver_sd.o
LOAD ./FATFS/Target/fatfs_platform.o
LOAD ./FATFS/Target/sd_diskio.o
LOAD ./Middlewares/ST/STM32_USB_Host_Library/Class/CDC/Src/usbh_cdc.o
LOAD ./Middlewares/ST/STM32_USB_Host_Library/Core/Src/usbh_core.o
LOAD ./Middlewares/ST/STM32_USB_Host_Library/Core/Src/usbh_ctlreq.o
LOAD ./Middlewares/ST/STM32_USB_Host_Library/Core/Src/usbh_ioreq.o
LOAD ./Middlewares/ST/STM32_USB_Host_Library/Core/Src/usbh_pipes.o
LOAD ./Middlewares/Third_Party/FatFs/src/diskio.o
LOAD ./Middlewares/Third_Party/FatFs/src/ff.o
LOAD ./Middlewares/Third_Party/FatFs/src/ff_gen_drv.o
LOAD ./Middlewares/Third_Party/FatFs/src/option/syscall.o
LOAD ./Middlewares/Third_Party/FreeRTOS/Source/CMSIS_RTOS/cmsis_os.o
LOAD ./Middlewares/Third_Party/FreeRTOS/Source/croutine.o
LOAD ./Middlewares/Third_Party/FreeRTOS/Source/event_groups.o
LOAD ./Middlewares/Third_Party/FreeRTOS/Source/list.o
LOAD ./Middlewares/Third_Party/FreeRTOS/Source/queue.o
LOAD ./Middlewares/Third_Party/FreeRTOS/Source/stream_buffer.o
LOAD ./Middlewares/Third_Party/FreeRTOS/Source/tasks.o
LOAD ./Middlewares/Third_Party/FreeRTOS/Source/timers.o
LOAD ./Middlewares/Third_Party/FreeRTOS/Source/portable/GCC/ARM_CM7/r0p1/port.o
LOAD ./Middlewares/Third_Party/FreeRTOS/Source/portable/MemMang/heap_4.o
LOAD ./USB_HOST/App/usb_host.o
LOAD ./USB_HOST/Target/usbh_conf.o
LOAD ./USB_HOST/Target/usbh_platform.o
START GROUP
LOAD /usr/lib/gcc/arm-none-eabi/9.2.1/../../../arm-none-eabi/lib/thumb/v7e-m+fp/hard/libc_nano.a
LOAD /usr/lib/gcc/arm-none-eabi/9.2.1/../../../arm-none-eabi/lib/thumb/v7e-m+fp/hard/libm.a
END GROUP
START GROUP
LOAD /usr/lib/gcc/arm-none-eabi/9.2.1/thumb/v7e-m+fp/hard/libgcc.a
LOAD /usr/lib/gcc/arm-none-eabi/9.2.1/../../../arm-none-eabi/lib/thumb/v7e-m+fp/hard/libc_nano.a
END GROUP
START GROUP
LOAD /usr/lib/gcc/arm-none-eabi/9.2.1/thumb/v7e-m+fp/hard/libgcc.a
LOAD /usr/lib/gcc/arm-none-eabi/9.2.1/../../../arm-none-eabi/lib/thumb/v7e-m+fp/hard/libc_nano.a
LOAD /usr/lib/gcc/arm-none-eabi/9.2.1/../../../arm-none-eabi/lib/thumb/v7e-m+fp/hard/libnosys.a
END GROUP
START GROUP
LOAD /usr/lib/gcc/arm-none-eabi/9.2.1/thumb/v7e-m+fp/hard/libgcc.a
LOAD /usr/lib/gcc/arm-none-eabi/9.2.1/../../../arm-none-eabi/lib/thumb/v7e-m+fp/hard/libc_nano.a
LOAD /usr/lib/gcc/arm-none-eabi/9.2.1/../../../arm-none-eabi/lib/thumb/v7e-m+fp/hard/libnosys.a
END GROUP
LOAD /usr/lib/gcc/arm-none-eabi/9.2.1/thumb/v7e-m+fp/hard/crtend.o
LOAD /usr/lib/gcc/arm-none-eabi/9.2.1/thumb/v7e-m+fp/hard/crtn.o
                0x0000000020050000                _estack = (ORIGIN (RAM) + LENGTH (RAM))
                0x0000000000000200                _Min_Heap_Size = 0x200
                0x0000000000000400                _Min_Stack_Size = 0x400

.isr_vector     0x0000000008000000      0x1c8
                0x0000000008000000                . = ALIGN (0x4)
 *(.isr_vector)
 .isr_vector    0x0000000008000000      0x1c8 ./Core/Startup/startup_stm32f746nghx.o
                0x0000000008000000                g_pfnVectors
                0x00000000080001c8                . = ALIGN (0x4)

.text           0x00000000080001d0     0xa33c
                0x00000000080001d0                . = ALIGN (0x4)
 *(.text)
 .text          0x00000000080001d0       0x88 /usr/lib/gcc/arm-none-eabi/9.2.1/thumb/v7e-m+fp/hard/crtbegin.o
 .text          0x0000000008000258        0xc /usr/lib/gcc/arm-none-eabi/9.2.1/../../../arm-none-eabi/lib/thumb/v7e-m+fp/hard/libc_nano.a(lib_a-errno.o)
                0x0000000008000258                __errno
 .text          0x0000000008000264       0x48 /usr/lib/gcc/arm-none-eabi/9.2.1/../../../arm-none-eabi/lib/thumb/v7e-m+fp/hard/libc_nano.a(lib_a-init.o)
                0x0000000008000264                __libc_init_array
 .text          0x00000000080002ac       0x20 /usr/lib/gcc/arm-none-eabi/9.2.1/../../../arm-none-eabi/lib/thumb/v7e-m+fp/hard/libc_nano.a(lib_a-malloc.o)
                0x00000000080002ac                malloc
                0x00000000080002bc                free
 .text          0x00000000080002cc      0x134 /usr/lib/gcc/arm-none-eabi/9.2.1/../../../arm-none-eabi/lib/thumb/v7e-m+fp/hard/libc_nano.a(lib_a-memcpy.o)
                0x00000000080002cc                memcpy
 .text          0x0000000008000400       0xa0 /usr/lib/gcc/arm-none-eabi/9.2.1/../../../arm-none-eabi/lib/thumb/v7e-m+fp/hard/libc_nano.a(lib_a-memset.o)
                0x0000000008000400                memset
 .text          0x00000000080004a0       0xac /usr/lib/gcc/arm-none-eabi/9.2.1/../../../arm-none-eabi/lib/thumb/v7e-m+fp/hard/libc_nano.a(lib_a-nano-freer.o)
                0x00000000080004a0                _free_r
 .text          0x000000000800054c       0xc8 /usr/lib/gcc/arm-none-eabi/9.2.1/../../../arm-none-eabi/lib/thumb/v7e-m+fp/hard/libc_nano.a(lib_a-nano-mallocr.o)
                0x000000000800054c                _malloc_r
 .text          0x0000000008000614       0x24 /usr/lib/gcc/arm-none-eabi/9.2.1/../../../arm-none-eabi/lib/thumb/v7e-m+fp/hard/libc_nano.a(lib_a-sbrkr.o)
                0x0000000008000614                _sbrk_r
 .text          0x0000000008000638        0x8 /usr/lib/gcc/arm-none-eabi/9.2.1/../../../arm-none-eabi/lib/thumb/v7e-m+fp/hard/libc_nano.a(lib_a-mlock.o)
                0x0000000008000638                __malloc_lock
                0x000000000800063c                __malloc_unlock
 .text          0x0000000008000640       0x30 /usr/lib/gcc/arm-none-eabi/9.2.1/thumb/v7e-m+fp/hard/libgcc.a(_aeabi_uldivmod.o)
                0x0000000008000640                __aeabi_uldivmod
 .text          0x0000000008000670      0x2c4 /usr/lib/gcc/arm-none-eabi/9.2.1/thumb/v7e-m+fp/hard/libgcc.a(_udivmoddi4.o)
                0x0000000008000670                __udivmoddi4
 .text          0x0000000008000934        0x4 /usr/lib/gcc/arm-none-eabi/9.2.1/thumb/v7e-m+fp/hard/libgcc.a(_dvmd_tls.o)
                0x0000000008000934                __aeabi_ldiv0
                0x0000000008000934                __aeabi_idiv0
 *(.text*)
 .text.vApplicationIdleHook
                0x0000000008000938        0x2 ./Core/Src/freertos.o
                0x0000000008000938                vApplicationIdleHook
 .text.vApplicationStackOverflowHook
                0x000000000800093a        0x2 ./Core/Src/freertos.o
                0x000000000800093a                vApplicationStackOverflowHook
 .text.vApplicationMallocFailedHook
                0x000000000800093c        0x2 ./Core/Src/freertos.o
                0x000000000800093c                vApplicationMallocFailedHook
 *fill*         0x000000000800093e        0x2 
 .text.vApplicationGetIdleTaskMemory
                0x0000000008000940       0x18 ./Core/Src/freertos.o
                0x0000000008000940                vApplicationGetIdleTaskMemory
 .text.StartDefaultTask
                0x0000000008000958        0xe ./Core/Src/main.o
                0x0000000008000958                StartDefaultTask
 *fill*         0x0000000008000966        0x2 
 .text.SystemClock_Config
                0x0000000008000968       0xb0 ./Core/Src/main.o
                0x0000000008000968                SystemClock_Config
 .text.PeriphCommonClock_Config
                0x0000000008000a18       0x50 ./Core/Src/main.o
                0x0000000008000a18                PeriphCommonClock_Config
 .text.startup.main
                0x0000000008000a68      0xb54 ./Core/Src/main.o
                0x0000000008000a68                main
 .text.HAL_TIM_PeriodElapsedCallback
                0x00000000080015bc       0x14 ./Core/Src/main.o
                0x00000000080015bc                HAL_TIM_PeriodElapsedCallback
 .text.Error_Handler
                0x00000000080015d0        0x4 ./Core/Src/main.o
                0x00000000080015d0                Error_Handler
 .text.HAL_MspInit
                0x00000000080015d4       0x3c ./Core/Src/stm32f7xx_hal_msp.o
                0x00000000080015d4                HAL_MspInit
 .text.HAL_ADC_MspInit
                0x0000000008001610       0x88 ./Core/Src/stm32f7xx_hal_msp.o
                0x0000000008001610                HAL_ADC_MspInit
 .text.HAL_CRC_MspInit
                0x0000000008001698       0x2c ./Core/Src/stm32f7xx_hal_msp.o
                0x0000000008001698                HAL_CRC_MspInit
 .text.HAL_DCMI_MspInit
                0x00000000080016c4      0x114 ./Core/Src/stm32f7xx_hal_msp.o
                0x00000000080016c4                HAL_DCMI_MspInit
 .text.HAL_DMA2D_MspInit
                0x00000000080017d8       0x40 ./Core/Src/stm32f7xx_hal_msp.o
                0x00000000080017d8                HAL_DMA2D_MspInit
 .text.HAL_ETH_MspInit
                0x0000000008001818       0xe4 ./Core/Src/stm32f7xx_hal_msp.o
                0x0000000008001818                HAL_ETH_MspInit
 .text.HAL_I2C_MspInit
                0x00000000080018fc       0xf8 ./Core/Src/stm32f7xx_hal_msp.o
                0x00000000080018fc                HAL_I2C_MspInit
 .text.HAL_LTDC_MspInit
                0x00000000080019f4      0x128 ./Core/Src/stm32f7xx_hal_msp.o
                0x00000000080019f4                HAL_LTDC_MspInit
 .text.HAL_QSPI_MspInit
                0x0000000008001b1c       0xdc ./Core/Src/stm32f7xx_hal_msp.o
                0x0000000008001b1c                HAL_QSPI_MspInit
 .text.HAL_RTC_MspInit
                0x0000000008001bf8       0x44 ./Core/Src/stm32f7xx_hal_msp.o
                0x0000000008001bf8                HAL_RTC_MspInit
 .text.HAL_SD_MspInit
                0x0000000008001c3c       0x98 ./Core/Src/stm32f7xx_hal_msp.o
                0x0000000008001c3c                HAL_SD_MspInit
 .text.HAL_SPDIFRX_MspInit
                0x0000000008001cd4       0x94 ./Core/Src/stm32f7xx_hal_msp.o
                0x0000000008001cd4                HAL_SPDIFRX_MspInit
 .text.HAL_SPI_MspInit
                0x0000000008001d68       0x90 ./Core/Src/stm32f7xx_hal_msp.o
                0x0000000008001d68                HAL_SPI_MspInit
 .text.HAL_TIM_Base_MspInit
                0x0000000008001df8       0xa8 ./Core/Src/stm32f7xx_hal_msp.o
                0x0000000008001df8                HAL_TIM_Base_MspInit
 .text.HAL_TIM_PWM_MspInit
                0x0000000008001ea0       0x28 ./Core/Src/stm32f7xx_hal_msp.o
                0x0000000008001ea0                HAL_TIM_PWM_MspInit
 .text.HAL_TIM_MspPostInit
                0x0000000008001ec8      0x128 ./Core/Src/stm32f7xx_hal_msp.o
                0x0000000008001ec8                HAL_TIM_MspPostInit
 .text.HAL_UART_MspInit
                0x0000000008001ff0      0x118 ./Core/Src/stm32f7xx_hal_msp.o
                0x0000000008001ff0                HAL_UART_MspInit
 .text.HAL_SDRAM_MspInit
                0x0000000008002108       0xd0 ./Core/Src/stm32f7xx_hal_msp.o
                0x0000000008002108                HAL_SDRAM_MspInit
 .text.HAL_SAI_MspInit
                0x00000000080021d8       0xa4 ./Core/Src/stm32f7xx_hal_msp.o
                0x00000000080021d8                HAL_SAI_MspInit
 .text.HAL_InitTick
                0x000000000800227c       0x78 ./Core/Src/stm32f7xx_hal_timebase_tim.o
                0x000000000800227c                HAL_InitTick
 .text.NMI_Handler
                0x00000000080022f4        0x2 ./Core/Src/stm32f7xx_it.o
                0x00000000080022f4                NMI_Handler
 .text.HardFault_Handler
                0x00000000080022f6        0x2 ./Core/Src/stm32f7xx_it.o
                0x00000000080022f6                HardFault_Handler
 .text.MemManage_Handler
                0x00000000080022f8        0x2 ./Core/Src/stm32f7xx_it.o
                0x00000000080022f8                MemManage_Handler
 .text.BusFault_Handler
                0x00000000080022fa        0x2 ./Core/Src/stm32f7xx_it.o
                0x00000000080022fa                BusFault_Handler
 .text.UsageFault_Handler
                0x00000000080022fc        0x2 ./Core/Src/stm32f7xx_it.o
                0x00000000080022fc                UsageFault_Handler
 .text.DebugMon_Handler
                0x00000000080022fe        0x2 ./Core/Src/stm32f7xx_it.o
                0x00000000080022fe                DebugMon_Handler
 .text.TIM6_DAC_IRQHandler
                0x0000000008002300        0xc ./Core/Src/stm32f7xx_it.o
                0x0000000008002300                TIM6_DAC_IRQHandler
 .text.OTG_FS_IRQHandler
                0x000000000800230c        0xc ./Core/Src/stm32f7xx_it.o
                0x000000000800230c                OTG_FS_IRQHandler
 .text.LTDC_IRQHandler
                0x0000000008002318        0xc ./Core/Src/stm32f7xx_it.o
                0x0000000008002318                LTDC_IRQHandler
 .text.DMA2D_IRQHandler
                0x0000000008002324        0xc ./Core/Src/stm32f7xx_it.o
                0x0000000008002324                DMA2D_IRQHandler
 .text._sbrk    0x0000000008002330       0x40 ./Core/Src/sysmem.o
                0x0000000008002330                _sbrk
 .text.SystemInit
                0x0000000008002370       0x14 ./Core/Src/system_stm32f7xx.o
                0x0000000008002370                SystemInit
 .text.Reset_Handler
                0x0000000008002384       0x50 ./Core/Startup/startup_stm32f746nghx.o
                0x0000000008002384                Reset_Handler
 .text.Default_Handler
                0x00000000080023d4        0x2 ./Core/Startup/startup_stm32f746nghx.o
                0x00000000080023d4                RTC_Alarm_IRQHandler
                0x00000000080023d4                EXTI2_IRQHandler
                0x00000000080023d4                TIM8_CC_IRQHandler
                0x00000000080023d4                UART8_IRQHandler
                0x00000000080023d4                SPI4_IRQHandler
                0x00000000080023d4                TIM1_CC_IRQHandler
                0x00000000080023d4                DMA2_Stream5_IRQHandler
                0x00000000080023d4                DMA1_Stream5_IRQHandler
                0x00000000080023d4                PVD_IRQHandler
                0x00000000080023d4                TAMP_STAMP_IRQHandler
                0x00000000080023d4                CAN2_RX1_IRQHandler
                0x00000000080023d4                EXTI3_IRQHandler
                0x00000000080023d4                TIM8_TRG_COM_TIM14_IRQHandler
                0x00000000080023d4                TIM1_UP_TIM10_IRQHandler
                0x00000000080023d4                TIM8_UP_TIM13_IRQHandler
                0x00000000080023d4                I2C3_ER_IRQHandler
                0x00000000080023d4                EXTI0_IRQHandler
                0x00000000080023d4                I2C2_EV_IRQHandler
                0x00000000080023d4                DMA1_Stream2_IRQHandler
                0x00000000080023d4                CAN1_RX0_IRQHandler
                0x00000000080023d4                FPU_IRQHandler
                0x00000000080023d4                OTG_HS_WKUP_IRQHandler
                0x00000000080023d4                LTDC_ER_IRQHandler
                0x00000000080023d4                CAN2_SCE_IRQHandler
                0x00000000080023d4                DMA2_Stream2_IRQHandler
                0x00000000080023d4                SPI1_IRQHandler
                0x00000000080023d4                TIM1_BRK_TIM9_IRQHandler
                0x00000000080023d4                DCMI_IRQHandler
                0x00000000080023d4                CAN2_RX0_IRQHandler
                0x00000000080023d4                DMA2_Stream3_IRQHandler
                0x00000000080023d4                SAI2_IRQHandler
                0x00000000080023d4                USART6_IRQHandler
                0x00000000080023d4                USART3_IRQHandler
                0x00000000080023d4                CAN1_RX1_IRQHandler
                0x00000000080023d4                UART5_IRQHandler
                0x00000000080023d4                DMA2_Stream0_IRQHandler
                0x00000000080023d4                TIM4_IRQHandler
                0x00000000080023d4                QUADSPI_IRQHandler
                0x00000000080023d4                I2C1_EV_IRQHandler
                0x00000000080023d4                DMA1_Stream6_IRQHandler
                0x00000000080023d4                DMA1_Stream1_IRQHandler
                0x00000000080023d4                UART4_IRQHandler
                0x00000000080023d4                TIM3_IRQHandler
                0x00000000080023d4                RCC_IRQHandler
                0x00000000080023d4                TIM8_BRK_TIM12_IRQHandler
                0x00000000080023d4                Default_Handler
                0x00000000080023d4                CEC_IRQHandler
                0x00000000080023d4                EXTI15_10_IRQHandler
                0x00000000080023d4                ADC_IRQHandler
                0x00000000080023d4                DMA1_Stream7_IRQHandler
                0x00000000080023d4                SPI5_IRQHandler
                0x00000000080023d4                TIM7_IRQHandler
                0x00000000080023d4                SDMMC1_IRQHandler
                0x00000000080023d4                CAN2_TX_IRQHandler
                0x00000000080023d4                TIM5_IRQHandler
                0x00000000080023d4                DMA2_Stream7_IRQHandler
                0x00000000080023d4                I2C3_EV_IRQHandler
                0x00000000080023d4                EXTI9_5_IRQHandler
                0x00000000080023d4                RTC_WKUP_IRQHandler
                0x00000000080023d4                ETH_WKUP_IRQHandler
                0x00000000080023d4                SPDIF_RX_IRQHandler
                0x00000000080023d4                SPI2_IRQHandler
                0x00000000080023d4                OTG_HS_EP1_IN_IRQHandler
                0x00000000080023d4                DMA1_Stream0_IRQHandler
                0x00000000080023d4                CAN1_TX_IRQHandler
                0x00000000080023d4                EXTI4_IRQHandler
                0x00000000080023d4                RNG_IRQHandler
                0x00000000080023d4                ETH_IRQHandler
                0x00000000080023d4                OTG_HS_EP1_OUT_IRQHandler
                0x00000000080023d4                WWDG_IRQHandler
                0x00000000080023d4                SPI6_IRQHandler
                0x00000000080023d4                I2C4_EV_IRQHandler
                0x00000000080023d4                TIM2_IRQHandler
                0x00000000080023d4                OTG_FS_WKUP_IRQHandler
                0x00000000080023d4                TIM1_TRG_COM_TIM11_IRQHandler
                0x00000000080023d4                OTG_HS_IRQHandler
                0x00000000080023d4                EXTI1_IRQHandler
                0x00000000080023d4                UART7_IRQHandler
                0x00000000080023d4                USART2_IRQHandler
                0x00000000080023d4                I2C2_ER_IRQHandler
                0x00000000080023d4                DMA2_Stream1_IRQHandler
                0x00000000080023d4                CAN1_SCE_IRQHandler
                0x00000000080023d4                FLASH_IRQHandler
                0x00000000080023d4                DMA2_Stream4_IRQHandler
                0x00000000080023d4                USART1_IRQHandler
                0x00000000080023d4                SPI3_IRQHandler
                0x00000000080023d4                DMA1_Stream4_IRQHandler
                0x00000000080023d4                I2C1_ER_IRQHandler
                0x00000000080023d4                FMC_IRQHandler
                0x00000000080023d4                LPTIM1_IRQHandler
                0x00000000080023d4                I2C4_ER_IRQHandler
                0x00000000080023d4                DMA2_Stream6_IRQHandler
                0x00000000080023d4                SAI1_IRQHandler
                0x00000000080023d4                DMA1_Stream3_IRQHandler
 .text.HAL_Init
                0x00000000080023d6       0x16 ./Drivers/STM32F7xx_HAL_Driver/Src/stm32f7xx_hal.o
                0x00000000080023d6                HAL_Init
 .text.HAL_IncTick
                0x00000000080023ec       0x18 ./Drivers/STM32F7xx_HAL_Driver/Src/stm32f7xx_hal.o
                0x00000000080023ec                HAL_IncTick
 .text.HAL_GetTick
                0x0000000008002404        0xc ./Drivers/STM32F7xx_HAL_Driver/Src/stm32f7xx_hal.o
                0x0000000008002404                HAL_GetTick
 .text.HAL_Delay
                0x0000000008002410       0x24 ./Drivers/STM32F7xx_HAL_Driver/Src/stm32f7xx_hal.o
                0x0000000008002410                HAL_Delay
 .text.HAL_ADC_Init
                0x0000000008002434      0x14c ./Drivers/STM32F7xx_HAL_Driver/Src/stm32f7xx_hal_adc.o
                0x0000000008002434                HAL_ADC_Init
 .text.HAL_ADC_ConfigChannel
                0x0000000008002580      0x15c ./Drivers/STM32F7xx_HAL_Driver/Src/stm32f7xx_hal_adc.o
                0x0000000008002580                HAL_ADC_ConfigChannel
 .text.HAL_NVIC_SetPriorityGrouping
                0x00000000080026dc       0x24 ./Drivers/STM32F7xx_HAL_Driver/Src/stm32f7xx_hal_cortex.o
                0x00000000080026dc                HAL_NVIC_SetPriorityGrouping
 .text.HAL_NVIC_SetPriority
                0x0000000008002700       0x64 ./Drivers/STM32F7xx_HAL_Driver/Src/stm32f7xx_hal_cortex.o
                0x0000000008002700                HAL_NVIC_SetPriority
 .text.HAL_NVIC_EnableIRQ
                0x0000000008002764       0x1c ./Drivers/STM32F7xx_HAL_Driver/Src/stm32f7xx_hal_cortex.o
                0x0000000008002764                HAL_NVIC_EnableIRQ
 .text.HAL_CRC_Init
                0x0000000008002780       0x74 ./Drivers/STM32F7xx_HAL_Driver/Src/stm32f7xx_hal_crc.o
                0x0000000008002780                HAL_CRC_Init
 .text.HAL_CRCEx_Polynomial_Set
                0x00000000080027f4       0x42 ./Drivers/STM32F7xx_HAL_Driver/Src/stm32f7xx_hal_crc_ex.o
                0x00000000080027f4                HAL_CRCEx_Polynomial_Set
 *fill*         0x0000000008002836        0x2 
 .text.HAL_DCMI_Init
                0x0000000008002838       0x90 ./Drivers/STM32F7xx_HAL_Driver/Src/stm32f7xx_hal_dcmi.o
                0x0000000008002838                HAL_DCMI_Init
 .text.HAL_DMA_Start_IT
                0x00000000080028c8       0x7a ./Drivers/STM32F7xx_HAL_Driver/Src/stm32f7xx_hal_dma.o
                0x00000000080028c8                HAL_DMA_Start_IT
 .text.HAL_DMA_GetError
                0x0000000008002942        0x4 ./Drivers/STM32F7xx_HAL_Driver/Src/stm32f7xx_hal_dma.o
                0x0000000008002942                HAL_DMA_GetError
 .text.HAL_DMA2D_Init
                0x0000000008002946       0x58 ./Drivers/STM32F7xx_HAL_Driver/Src/stm32f7xx_hal_dma2d.o
                0x0000000008002946                HAL_DMA2D_Init
 .text.HAL_DMA2D_LineEventCallback
                0x000000000800299e        0x2 ./Drivers/STM32F7xx_HAL_Driver/Src/stm32f7xx_hal_dma2d.o
                0x000000000800299e                HAL_DMA2D_LineEventCallback
 .text.HAL_DMA2D_CLUTLoadingCpltCallback
                0x00000000080029a0        0x2 ./Drivers/STM32F7xx_HAL_Driver/Src/stm32f7xx_hal_dma2d.o
                0x00000000080029a0                HAL_DMA2D_CLUTLoadingCpltCallback
 .text.HAL_DMA2D_IRQHandler
                0x00000000080029a2      0x114 ./Drivers/STM32F7xx_HAL_Driver/Src/stm32f7xx_hal_dma2d.o
                0x00000000080029a2                HAL_DMA2D_IRQHandler
 *fill*         0x0000000008002ab6        0x2 
 .text.HAL_DMA2D_ConfigLayer
                0x0000000008002ab8       0x90 ./Drivers/STM32F7xx_HAL_Driver/Src/stm32f7xx_hal_dma2d.o
                0x0000000008002ab8                HAL_DMA2D_ConfigLayer
 .text.ETH_MACDMAConfig
                0x0000000008002b48       0xf4 ./Drivers/STM32F7xx_HAL_Driver/Src/stm32f7xx_hal_eth.o
 .text.HAL_ETH_ReadPHYRegister
                0x0000000008002c3c       0x76 ./Drivers/STM32F7xx_HAL_Driver/Src/stm32f7xx_hal_eth.o
                0x0000000008002c3c                HAL_ETH_ReadPHYRegister
 .text.HAL_ETH_WritePHYRegister
                0x0000000008002cb2       0x70 ./Drivers/STM32F7xx_HAL_Driver/Src/stm32f7xx_hal_eth.o
                0x0000000008002cb2                HAL_ETH_WritePHYRegister
 *fill*         0x0000000008002d22        0x2 
 .text.HAL_ETH_Init
                0x0000000008002d24      0x1f8 ./Drivers/STM32F7xx_HAL_Driver/Src/stm32f7xx_hal_eth.o
                0x0000000008002d24                HAL_ETH_Init
 .text.HAL_GPIO_Init
                0x0000000008002f1c      0x1c8 ./Drivers/STM32F7xx_HAL_Driver/Src/stm32f7xx_hal_gpio.o
                0x0000000008002f1c                HAL_GPIO_Init
 .text.HAL_GPIO_ReadPin
                0x00000000080030e4        0xc ./Drivers/STM32F7xx_HAL_Driver/Src/stm32f7xx_hal_gpio.o
                0x00000000080030e4                HAL_GPIO_ReadPin
 .text.HAL_GPIO_WritePin
                0x00000000080030f0        0xa ./Drivers/STM32F7xx_HAL_Driver/Src/stm32f7xx_hal_gpio.o
                0x00000000080030f0                HAL_GPIO_WritePin
 .text.HAL_HCD_HC_Init
                0x00000000080030fa       0x6c ./Drivers/STM32F7xx_HAL_Driver/Src/stm32f7xx_hal_hcd.o
                0x00000000080030fa                HAL_HCD_HC_Init
 .text.HAL_HCD_HC_Halt
                0x0000000008003166       0x24 ./Drivers/STM32F7xx_HAL_Driver/Src/stm32f7xx_hal_hcd.o
                0x0000000008003166                HAL_HCD_HC_Halt
 .text.HAL_HCD_Init
                0x000000000800318a       0x94 ./Drivers/STM32F7xx_HAL_Driver/Src/stm32f7xx_hal_hcd.o
                0x000000000800318a                HAL_HCD_Init
 *fill*         0x000000000800321e        0x2 
 .text.HAL_HCD_HC_SubmitRequest
                0x0000000008003220       0xd0 ./Drivers/STM32F7xx_HAL_Driver/Src/stm32f7xx_hal_hcd.o
                0x0000000008003220                HAL_HCD_HC_SubmitRequest
 .text.HAL_HCD_IRQHandler
                0x00000000080032f0      0x61a ./Drivers/STM32F7xx_HAL_Driver/Src/stm32f7xx_hal_hcd.o
                0x00000000080032f0                HAL_HCD_IRQHandler
 .text.HAL_HCD_Start
                0x000000000800390a       0x2a ./Drivers/STM32F7xx_HAL_Driver/Src/stm32f7xx_hal_hcd.o
                0x000000000800390a                HAL_HCD_Start
 .text.HAL_HCD_Stop
                0x0000000008003934       0x24 ./Drivers/STM32F7xx_HAL_Driver/Src/stm32f7xx_hal_hcd.o
                0x0000000008003934                HAL_HCD_Stop
 .text.HAL_HCD_ResetPort
                0x0000000008003958        0x6 ./Drivers/STM32F7xx_HAL_Driver/Src/stm32f7xx_hal_hcd.o
                0x0000000008003958                HAL_HCD_ResetPort
 .text.HAL_HCD_HC_GetURBState
                0x000000000800395e        0xc ./Drivers/STM32F7xx_HAL_Driver/Src/stm32f7xx_hal_hcd.o
                0x000000000800395e                HAL_HCD_HC_GetURBState
 .text.HAL_HCD_HC_GetXferCount
                0x000000000800396a        0xa ./Drivers/STM32F7xx_HAL_Driver/Src/stm32f7xx_hal_hcd.o
                0x000000000800396a                HAL_HCD_HC_GetXferCount
 .text.HAL_HCD_GetCurrentFrame
                0x0000000008003974        0x6 ./Drivers/STM32F7xx_HAL_Driver/Src/stm32f7xx_hal_hcd.o
                0x0000000008003974                HAL_HCD_GetCurrentFrame
 .text.HAL_HCD_GetCurrentSpeed
                0x000000000800397a        0x6 ./Drivers/STM32F7xx_HAL_Driver/Src/stm32f7xx_hal_hcd.o
                0x000000000800397a                HAL_HCD_GetCurrentSpeed
 .text.HAL_I2C_Init
                0x0000000008003980       0xa2 ./Drivers/STM32F7xx_HAL_Driver/Src/stm32f7xx_hal_i2c.o
                0x0000000008003980                HAL_I2C_Init
 .text.HAL_I2CEx_ConfigAnalogFilter
                0x0000000008003a22       0x4c ./Drivers/STM32F7xx_HAL_Driver/Src/stm32f7xx_hal_i2c_ex.o
                0x0000000008003a22                HAL_I2CEx_ConfigAnalogFilter
 .text.HAL_I2CEx_ConfigDigitalFilter
                0x0000000008003a6e       0x4a ./Drivers/STM32F7xx_HAL_Driver/Src/stm32f7xx_hal_i2c_ex.o
                0x0000000008003a6e                HAL_I2CEx_ConfigDigitalFilter
 .text.LTDC_SetConfig
                0x0000000008003ab8      0x10c ./Drivers/STM32F7xx_HAL_Driver/Src/stm32f7xx_hal_ltdc.o
 .text.HAL_LTDC_Init
                0x0000000008003bc4       0xd8 ./Drivers/STM32F7xx_HAL_Driver/Src/stm32f7xx_hal_ltdc.o
                0x0000000008003bc4                HAL_LTDC_Init
 .text.HAL_LTDC_ErrorCallback
                0x0000000008003c9c        0x2 ./Drivers/STM32F7xx_HAL_Driver/Src/stm32f7xx_hal_ltdc.o
                0x0000000008003c9c                HAL_LTDC_ErrorCallback
 .text.HAL_LTDC_LineEventCallback
                0x0000000008003c9e        0x2 ./Drivers/STM32F7xx_HAL_Driver/Src/stm32f7xx_hal_ltdc.o
                0x0000000008003c9e                HAL_LTDC_LineEventCallback
 .text.HAL_LTDC_ReloadEventCallback
                0x0000000008003ca0        0x2 ./Drivers/STM32F7xx_HAL_Driver/Src/stm32f7xx_hal_ltdc.o
                0x0000000008003ca0                HAL_LTDC_ReloadEventCallback
 .text.HAL_LTDC_IRQHandler
                0x0000000008003ca2       0xba ./Drivers/STM32F7xx_HAL_Driver/Src/stm32f7xx_hal_ltdc.o
                0x0000000008003ca2                HAL_LTDC_IRQHandler
 .text.HAL_LTDC_ConfigLayer
                0x0000000008003d5c       0x5a ./Drivers/STM32F7xx_HAL_Driver/Src/stm32f7xx_hal_ltdc.o
                0x0000000008003d5c                HAL_LTDC_ConfigLayer
 *fill*         0x0000000008003db6        0x2 
 .text.HAL_PWR_EnableBkUpAccess
                0x0000000008003db8       0x10 ./Drivers/STM32F7xx_HAL_Driver/Src/stm32f7xx_hal_pwr.o
                0x0000000008003db8                HAL_PWR_EnableBkUpAccess
 .text.HAL_PWREx_EnableOverDrive
                0x0000000008003dc8       0x70 ./Drivers/STM32F7xx_HAL_Driver/Src/stm32f7xx_hal_pwr_ex.o
                0x0000000008003dc8                HAL_PWREx_EnableOverDrive
 .text.QSPI_WaitFlagStateUntilTimeout
                0x0000000008003e38       0x4e ./Drivers/STM32F7xx_HAL_Driver/Src/stm32f7xx_hal_qspi.o
 *fill*         0x0000000008003e86        0x2 
 .text.HAL_QSPI_Init
                0x0000000008003e88       0xa8 ./Drivers/STM32F7xx_HAL_Driver/Src/stm32f7xx_hal_qspi.o
                0x0000000008003e88                HAL_QSPI_Init
 .text.HAL_RCC_OscConfig
                0x0000000008003f30      0x37c ./Drivers/STM32F7xx_HAL_Driver/Src/stm32f7xx_hal_rcc.o
                0x0000000008003f30                HAL_RCC_OscConfig
 .text.HAL_RCC_GetSysClockFreq
                0x00000000080042ac       0x5c ./Drivers/STM32F7xx_HAL_Driver/Src/stm32f7xx_hal_rcc.o
                0x00000000080042ac                HAL_RCC_GetSysClockFreq
 .text.HAL_RCC_ClockConfig
                0x0000000008004308      0x140 ./Drivers/STM32F7xx_HAL_Driver/Src/stm32f7xx_hal_rcc.o
                0x0000000008004308                HAL_RCC_ClockConfig
 .text.HAL_RCC_GetHCLKFreq
                0x0000000008004448        0xc ./Drivers/STM32F7xx_HAL_Driver/Src/stm32f7xx_hal_rcc.o
                0x0000000008004448                HAL_RCC_GetHCLKFreq
 .text.HAL_RCC_GetPCLK1Freq
                0x0000000008004454       0x20 ./Drivers/STM32F7xx_HAL_Driver/Src/stm32f7xx_hal_rcc.o
                0x0000000008004454                HAL_RCC_GetPCLK1Freq
 .text.HAL_RCC_GetPCLK2Freq
                0x0000000008004474       0x20 ./Drivers/STM32F7xx_HAL_Driver/Src/stm32f7xx_hal_rcc.o
                0x0000000008004474                HAL_RCC_GetPCLK2Freq
 .text.HAL_RCC_GetClockConfig
                0x0000000008004494       0x3c ./Drivers/STM32F7xx_HAL_Driver/Src/stm32f7xx_hal_rcc.o
                0x0000000008004494                HAL_RCC_GetClockConfig
 .text.HAL_RCCEx_PeriphCLKConfig
                0x00000000080044d0      0x510 ./Drivers/STM32F7xx_HAL_Driver/Src/stm32f7xx_hal_rcc_ex.o
                0x00000000080044d0                HAL_RCCEx_PeriphCLKConfig
 .text.HAL_RCCEx_GetPeriphCLKFreq
                0x00000000080049e0       0xc8 ./Drivers/STM32F7xx_HAL_Driver/Src/stm32f7xx_hal_rcc_ex.o
                0x00000000080049e0                HAL_RCCEx_GetPeriphCLKFreq
 .text.HAL_RTC_WaitForSynchro
                0x0000000008004aa8       0x30 ./Drivers/STM32F7xx_HAL_Driver/Src/stm32f7xx_hal_rtc.o
                0x0000000008004aa8                HAL_RTC_WaitForSynchro
 .text.RTC_EnterInitMode
                0x0000000008004ad8       0x34 ./Drivers/STM32F7xx_HAL_Driver/Src/stm32f7xx_hal_rtc.o
                0x0000000008004ad8                RTC_EnterInitMode
 .text.HAL_RTC_Init
                0x0000000008004b0c       0x9c ./Drivers/STM32F7xx_HAL_Driver/Src/stm32f7xx_hal_rtc.o
                0x0000000008004b0c                HAL_RTC_Init
 .text.RTC_ByteToBcd2
                0x0000000008004ba8       0x16 ./Drivers/STM32F7xx_HAL_Driver/Src/stm32f7xx_hal_rtc.o
                0x0000000008004ba8                RTC_ByteToBcd2
 .text.HAL_RTC_SetTime
                0x0000000008004bbe       0xe0 ./Drivers/STM32F7xx_HAL_Driver/Src/stm32f7xx_hal_rtc.o
                0x0000000008004bbe                HAL_RTC_SetTime
 .text.HAL_RTC_SetDate
                0x0000000008004c9e       0xbe ./Drivers/STM32F7xx_HAL_Driver/Src/stm32f7xx_hal_rtc.o
                0x0000000008004c9e                HAL_RTC_SetDate
 .text.HAL_RTC_SetAlarm
                0x0000000008004d5c      0x13a ./Drivers/STM32F7xx_HAL_Driver/Src/stm32f7xx_hal_rtc.o
                0x0000000008004d5c                HAL_RTC_SetAlarm
 .text.HAL_RTCEx_SetTimeStamp
                0x0000000008004e96       0x4c ./Drivers/STM32F7xx_HAL_Driver/Src/stm32f7xx_hal_rtc_ex.o
                0x0000000008004e96                HAL_RTCEx_SetTimeStamp
 *fill*         0x0000000008004ee2        0x2 
 .text.SAI_Disable
                0x0000000008004ee4       0x3c ./Drivers/STM32F7xx_HAL_Driver/Src/stm32f7xx_hal_sai.o
 .text.HAL_SAI_Init
                0x0000000008004f20      0x1c0 ./Drivers/STM32F7xx_HAL_Driver/Src/stm32f7xx_hal_sai.o
                0x0000000008004f20                HAL_SAI_Init
 .text.SD_DMATransmitCplt
                0x00000000080050e0        0xe ./Drivers/STM32F7xx_HAL_Driver/Src/stm32f7xx_hal_sd.o
 .text.SD_FindSCR
                0x00000000080050ee       0xcc ./Drivers/STM32F7xx_HAL_Driver/Src/stm32f7xx_hal_sd.o
 *fill*         0x00000000080051ba        0x2 
 .text.HAL_SD_ReadBlocks_DMA
                0x00000000080051bc      0x120 ./Drivers/STM32F7xx_HAL_Driver/Src/stm32f7xx_hal_sd.o
                0x00000000080051bc                HAL_SD_ReadBlocks_DMA
 .text.HAL_SD_WriteBlocks_DMA
                0x00000000080052dc      0x118 ./Drivers/STM32F7xx_HAL_Driver/Src/stm32f7xx_hal_sd.o
                0x00000000080052dc                HAL_SD_WriteBlocks_DMA
 .text.HAL_SD_ErrorCallback
                0x00000000080053f4        0x2 ./Drivers/STM32F7xx_HAL_Driver/Src/stm32f7xx_hal_sd.o
                0x00000000080053f4                HAL_SD_ErrorCallback
 .text.SD_DMAReceiveCplt
                0x00000000080053f6       0x40 ./Drivers/STM32F7xx_HAL_Driver/Src/stm32f7xx_hal_sd.o
 *fill*         0x0000000008005436        0x2 
 .text.HAL_SD_GetCardCSD
                0x0000000008005438      0x16c ./Drivers/STM32F7xx_HAL_Driver/Src/stm32f7xx_hal_sd.o
                0x0000000008005438                HAL_SD_GetCardCSD
 .text.HAL_SD_InitCard
                0x00000000080055a4      0x20c ./Drivers/STM32F7xx_HAL_Driver/Src/stm32f7xx_hal_sd.o
                0x00000000080055a4                HAL_SD_InitCard
 .text.HAL_SD_Init
                0x00000000080057b0       0x36 ./Drivers/STM32F7xx_HAL_Driver/Src/stm32f7xx_hal_sd.o
                0x00000000080057b0                HAL_SD_Init
 .text.HAL_SD_GetCardInfo
                0x00000000080057e6       0x24 ./Drivers/STM32F7xx_HAL_Driver/Src/stm32f7xx_hal_sd.o
                0x00000000080057e6                HAL_SD_GetCardInfo
 *fill*         0x000000000800580a        0x2 
 .text.HAL_SD_ConfigWideBusOperation
                0x000000000800580c      0x124 ./Drivers/STM32F7xx_HAL_Driver/Src/stm32f7xx_hal_sd.o
                0x000000000800580c                HAL_SD_ConfigWideBusOperation
 .text.HAL_SD_GetCardState
                0x0000000008005930       0x28 ./Drivers/STM32F7xx_HAL_Driver/Src/stm32f7xx_hal_sd.o
                0x0000000008005930                HAL_SD_GetCardState
 .text.SD_DMAError
                0x0000000008005958       0x60 ./Drivers/STM32F7xx_HAL_Driver/Src/stm32f7xx_hal_sd.o
 .text.HAL_SDRAM_Init
                0x00000000080059b8       0x40 ./Drivers/STM32F7xx_HAL_Driver/Src/stm32f7xx_hal_sdram.o
                0x00000000080059b8                HAL_SDRAM_Init
 .text.HAL_SPDIFRX_Init
                0x00000000080059f8       0x6e ./Drivers/STM32F7xx_HAL_Driver/Src/stm32f7xx_hal_spdifrx.o
                0x00000000080059f8                HAL_SPDIFRX_Init
 .text.HAL_SPI_Init
                0x0000000008005a66       0xdc ./Drivers/STM32F7xx_HAL_Driver/Src/stm32f7xx_hal_spi.o
                0x0000000008005a66                HAL_SPI_Init
 *fill*         0x0000000008005b42        0x2 
 .text.TIM_OC1_SetConfig
                0x0000000008005b44       0x68 ./Drivers/STM32F7xx_HAL_Driver/Src/stm32f7xx_hal_tim.o
 .text.TIM_OC3_SetConfig
                0x0000000008005bac       0x70 ./Drivers/STM32F7xx_HAL_Driver/Src/stm32f7xx_hal_tim.o
 .text.TIM_OC4_SetConfig
                0x0000000008005c1c       0x50 ./Drivers/STM32F7xx_HAL_Driver/Src/stm32f7xx_hal_tim.o
 .text.TIM_OC5_SetConfig
                0x0000000008005c6c       0x50 ./Drivers/STM32F7xx_HAL_Driver/Src/stm32f7xx_hal_tim.o
 .text.TIM_OC6_SetConfig
                0x0000000008005cbc       0x50 ./Drivers/STM32F7xx_HAL_Driver/Src/stm32f7xx_hal_tim.o
 .text.HAL_TIM_Base_Start_IT
                0x0000000008005d0c       0x7c ./Drivers/STM32F7xx_HAL_Driver/Src/stm32f7xx_hal_tim.o
                0x0000000008005d0c                HAL_TIM_Base_Start_IT
 .text.HAL_TIM_OC_DelayElapsedCallback
                0x0000000008005d88        0x2 ./Drivers/STM32F7xx_HAL_Driver/Src/stm32f7xx_hal_tim.o
                0x0000000008005d88                HAL_TIM_OC_DelayElapsedCallback
 .text.HAL_TIM_IC_CaptureCallback
                0x0000000008005d8a        0x2 ./Drivers/STM32F7xx_HAL_Driver/Src/stm32f7xx_hal_tim.o
                0x0000000008005d8a                HAL_TIM_IC_CaptureCallback
 .text.HAL_TIM_PWM_PulseFinishedCallback
                0x0000000008005d8c        0x2 ./Drivers/STM32F7xx_HAL_Driver/Src/stm32f7xx_hal_tim.o
                0x0000000008005d8c                HAL_TIM_PWM_PulseFinishedCallback
 .text.HAL_TIM_TriggerCallback
                0x0000000008005d8e        0x2 ./Drivers/STM32F7xx_HAL_Driver/Src/stm32f7xx_hal_tim.o
                0x0000000008005d8e                HAL_TIM_TriggerCallback
 .text.HAL_TIM_IRQHandler
                0x0000000008005d90      0x160 ./Drivers/STM32F7xx_HAL_Driver/Src/stm32f7xx_hal_tim.o
                0x0000000008005d90                HAL_TIM_IRQHandler
 .text.TIM_Base_SetConfig
                0x0000000008005ef0       0xcc ./Drivers/STM32F7xx_HAL_Driver/Src/stm32f7xx_hal_tim.o
                0x0000000008005ef0                TIM_Base_SetConfig
 .text.HAL_TIM_Base_Init
                0x0000000008005fbc       0x60 ./Drivers/STM32F7xx_HAL_Driver/Src/stm32f7xx_hal_tim.o
                0x0000000008005fbc                HAL_TIM_Base_Init
 .text.HAL_TIM_PWM_Init
                0x000000000800601c       0x60 ./Drivers/STM32F7xx_HAL_Driver/Src/stm32f7xx_hal_tim.o
                0x000000000800601c                HAL_TIM_PWM_Init
 .text.TIM_OC2_SetConfig
                0x000000000800607c       0x70 ./Drivers/STM32F7xx_HAL_Driver/Src/stm32f7xx_hal_tim.o
                0x000000000800607c                TIM_OC2_SetConfig
 .text.HAL_TIM_PWM_ConfigChannel
                0x00000000080060ec      0x108 ./Drivers/STM32F7xx_HAL_Driver/Src/stm32f7xx_hal_tim.o
                0x00000000080060ec                HAL_TIM_PWM_ConfigChannel
 .text.TIM_ETR_SetConfig
                0x00000000080061f4       0x14 ./Drivers/STM32F7xx_HAL_Driver/Src/stm32f7xx_hal_tim.o
                0x00000000080061f4                TIM_ETR_SetConfig
 .text.HAL_TIM_ConfigClockSource
                0x0000000008006208      0x138 ./Drivers/STM32F7xx_HAL_Driver/Src/stm32f7xx_hal_tim.o
                0x0000000008006208                HAL_TIM_ConfigClockSource
 .text.HAL_TIMEx_MasterConfigSynchronization
                0x0000000008006340       0x94 ./Drivers/STM32F7xx_HAL_Driver/Src/stm32f7xx_hal_tim_ex.o
                0x0000000008006340                HAL_TIMEx_MasterConfigSynchronization
 .text.HAL_TIMEx_ConfigBreakDeadTime
                0x00000000080063d4       0x84 ./Drivers/STM32F7xx_HAL_Driver/Src/stm32f7xx_hal_tim_ex.o
                0x00000000080063d4                HAL_TIMEx_ConfigBreakDeadTime
 .text.HAL_TIMEx_CommutCallback
                0x0000000008006458        0x2 ./Drivers/STM32F7xx_HAL_Driver/Src/stm32f7xx_hal_tim_ex.o
                0x0000000008006458                HAL_TIMEx_CommutCallback
 .text.HAL_TIMEx_BreakCallback
                0x000000000800645a        0x2 ./Drivers/STM32F7xx_HAL_Driver/Src/stm32f7xx_hal_tim_ex.o
                0x000000000800645a                HAL_TIMEx_BreakCallback
 .text.HAL_TIMEx_Break2Callback
                0x000000000800645c        0x2 ./Drivers/STM32F7xx_HAL_Driver/Src/stm32f7xx_hal_tim_ex.o
                0x000000000800645c                HAL_TIMEx_Break2Callback
 *fill*         0x000000000800645e        0x2 
 .text.UART_SetConfig
                0x0000000008006460      0x28c ./Drivers/STM32F7xx_HAL_Driver/Src/stm32f7xx_hal_uart.o
                0x0000000008006460                UART_SetConfig
 .text.UART_AdvFeatureConfig
                0x00000000080066ec       0xaa ./Drivers/STM32F7xx_HAL_Driver/Src/stm32f7xx_hal_uart.o
                0x00000000080066ec                UART_AdvFeatureConfig
 .text.UART_WaitOnFlagUntilTimeout
                0x0000000008006796       0xbc ./Drivers/STM32F7xx_HAL_Driver/Src/stm32f7xx_hal_uart.o
                0x0000000008006796                UART_WaitOnFlagUntilTimeout
 .text.UART_CheckIdleState
                0x0000000008006852       0x44 ./Drivers/STM32F7xx_HAL_Driver/Src/stm32f7xx_hal_uart.o
                0x0000000008006852                UART_CheckIdleState
 .text.HAL_UART_Init
                0x0000000008006896       0x5c ./Drivers/STM32F7xx_HAL_Driver/Src/stm32f7xx_hal_uart.o
                0x0000000008006896                HAL_UART_Init
 .text.FMC_SDRAM_Init
                0x00000000080068f2       0x76 ./Drivers/STM32F7xx_HAL_Driver/Src/stm32f7xx_ll_fmc.o
                0x00000000080068f2                FMC_SDRAM_Init
 .text.FMC_SDRAM_Timing_Init
                0x0000000008006968       0x6c ./Drivers/STM32F7xx_HAL_Driver/Src/stm32f7xx_ll_fmc.o
                0x0000000008006968                FMC_SDRAM_Timing_Init
 .text.SDMMC_Init
                0x00000000080069d4       0x38 ./Drivers/STM32F7xx_HAL_Driver/Src/stm32f7xx_ll_sdmmc.o
                0x00000000080069d4                SDMMC_Init
 .text.SDMMC_ReadFIFO
                0x0000000008006a0c        0x6 ./Drivers/STM32F7xx_HAL_Driver/Src/stm32f7xx_ll_sdmmc.o
                0x0000000008006a0c                SDMMC_ReadFIFO
 .text.SDMMC_PowerState_ON
                0x0000000008006a12        0x8 ./Drivers/STM32F7xx_HAL_Driver/Src/stm32f7xx_ll_sdmmc.o
                0x0000000008006a12                SDMMC_PowerState_ON
 .text.SDMMC_GetPowerState
                0x0000000008006a1a        0x8 ./Drivers/STM32F7xx_HAL_Driver/Src/stm32f7xx_ll_sdmmc.o
                0x0000000008006a1a                SDMMC_GetPowerState
 .text.SDMMC_SendCommand
                0x0000000008006a22       0x26 ./Drivers/STM32F7xx_HAL_Driver/Src/stm32f7xx_ll_sdmmc.o
                0x0000000008006a22                SDMMC_SendCommand
 .text.SDMMC_GetResponse
                0x0000000008006a48        0x6 ./Drivers/STM32F7xx_HAL_Driver/Src/stm32f7xx_ll_sdmmc.o
                0x0000000008006a48                SDMMC_GetResponse
 .text.SDMMC_ConfigData
                0x0000000008006a4e       0x26 ./Drivers/STM32F7xx_HAL_Driver/Src/stm32f7xx_ll_sdmmc.o
                0x0000000008006a4e                SDMMC_ConfigData
 .text.SDMMC_CmdGoIdleState
                0x0000000008006a74       0x4c ./Drivers/STM32F7xx_HAL_Driver/Src/stm32f7xx_ll_sdmmc.o
                0x0000000008006a74                SDMMC_CmdGoIdleState
 .text.SDMMC_GetCmdResp1
                0x0000000008006ac0      0x120 ./Drivers/STM32F7xx_HAL_Driver/Src/stm32f7xx_ll_sdmmc.o
                0x0000000008006ac0                SDMMC_GetCmdResp1
 .text.SDMMC_CmdBlockLength
                0x0000000008006be0       0x30 ./Drivers/STM32F7xx_HAL_Driver/Src/stm32f7xx_ll_sdmmc.o
                0x0000000008006be0                SDMMC_CmdBlockLength
 .text.SDMMC_CmdReadSingleBlock
                0x0000000008006c10       0x30 ./Drivers/STM32F7xx_HAL_Driver/Src/stm32f7xx_ll_sdmmc.o
                0x0000000008006c10                SDMMC_CmdReadSingleBlock
 .text.SDMMC_CmdReadMultiBlock
                0x0000000008006c40       0x30 ./Drivers/STM32F7xx_HAL_Driver/Src/stm32f7xx_ll_sdmmc.o
                0x0000000008006c40                SDMMC_CmdReadMultiBlock
 .text.SDMMC_CmdWriteSingleBlock
                0x0000000008006c70       0x30 ./Drivers/STM32F7xx_HAL_Driver/Src/stm32f7xx_ll_sdmmc.o
                0x0000000008006c70                SDMMC_CmdWriteSingleBlock
 .text.SDMMC_CmdWriteMultiBlock
                0x0000000008006ca0       0x30 ./Drivers/STM32F7xx_HAL_Driver/Src/stm32f7xx_ll_sdmmc.o
                0x0000000008006ca0                SDMMC_CmdWriteMultiBlock
 .text.SDMMC_CmdStopTransfer
                0x0000000008006cd0       0x34 ./Drivers/STM32F7xx_HAL_Driver/Src/stm32f7xx_ll_sdmmc.o
                0x0000000008006cd0                SDMMC_CmdStopTransfer
 .text.SDMMC_CmdSelDesel
                0x0000000008006d04       0x30 ./Drivers/STM32F7xx_HAL_Driver/Src/stm32f7xx_ll_sdmmc.o
                0x0000000008006d04                SDMMC_CmdSelDesel
 .text.SDMMC_CmdAppCommand
                0x0000000008006d34       0x30 ./Drivers/STM32F7xx_HAL_Driver/Src/stm32f7xx_ll_sdmmc.o
                0x0000000008006d34                SDMMC_CmdAppCommand
 .text.SDMMC_CmdBusWidth
                0x0000000008006d64       0x30 ./Drivers/STM32F7xx_HAL_Driver/Src/stm32f7xx_ll_sdmmc.o
                0x0000000008006d64                SDMMC_CmdBusWidth
 .text.SDMMC_CmdSendSCR
                0x0000000008006d94       0x30 ./Drivers/STM32F7xx_HAL_Driver/Src/stm32f7xx_ll_sdmmc.o
                0x0000000008006d94                SDMMC_CmdSendSCR
 .text.SDMMC_CmdSendStatus
                0x0000000008006dc4       0x30 ./Drivers/STM32F7xx_HAL_Driver/Src/stm32f7xx_ll_sdmmc.o
                0x0000000008006dc4                SDMMC_CmdSendStatus
 .text.SDMMC_GetCmdResp2
                0x0000000008006df4       0x4c ./Drivers/STM32F7xx_HAL_Driver/Src/stm32f7xx_ll_sdmmc.o
                0x0000000008006df4                SDMMC_GetCmdResp2
 .text.SDMMC_CmdSendCID
                0x0000000008006e40       0x2a ./Drivers/STM32F7xx_HAL_Driver/Src/stm32f7xx_ll_sdmmc.o
                0x0000000008006e40                SDMMC_CmdSendCID
 .text.SDMMC_CmdSendCSD
                0x0000000008006e6a       0x2a ./Drivers/STM32F7xx_HAL_Driver/Src/stm32f7xx_ll_sdmmc.o
                0x0000000008006e6a                SDMMC_CmdSendCSD
 .text.SDMMC_GetCmdResp3
                0x0000000008006e94       0x44 ./Drivers/STM32F7xx_HAL_Driver/Src/stm32f7xx_ll_sdmmc.o
                0x0000000008006e94                SDMMC_GetCmdResp3
 .text.SDMMC_CmdAppOperCommand
                0x0000000008006ed8       0x32 ./Drivers/STM32F7xx_HAL_Driver/Src/stm32f7xx_ll_sdmmc.o
                0x0000000008006ed8                SDMMC_CmdAppOperCommand
 *fill*         0x0000000008006f0a        0x2 
 .text.SDMMC_GetCmdResp6
                0x0000000008006f0c       0x84 ./Drivers/STM32F7xx_HAL_Driver/Src/stm32f7xx_ll_sdmmc.o
                0x0000000008006f0c                SDMMC_GetCmdResp6
 .text.SDMMC_CmdSetRelAdd
                0x0000000008006f90       0x30 ./Drivers/STM32F7xx_HAL_Driver/Src/stm32f7xx_ll_sdmmc.o
                0x0000000008006f90                SDMMC_CmdSetRelAdd
 .text.SDMMC_GetCmdResp7
                0x0000000008006fc0       0x54 ./Drivers/STM32F7xx_HAL_Driver/Src/stm32f7xx_ll_sdmmc.o
                0x0000000008006fc0                SDMMC_GetCmdResp7
 .text.SDMMC_CmdOperCond
                0x0000000008007014       0x2e ./Drivers/STM32F7xx_HAL_Driver/Src/stm32f7xx_ll_sdmmc.o
                0x0000000008007014                SDMMC_CmdOperCond
 *fill*         0x0000000008007042        0x2 
 .text.USB_CoreReset
                0x0000000008007044       0x48 ./Drivers/STM32F7xx_HAL_Driver/Src/stm32f7xx_ll_usb.o
 .text.USB_CoreInit
                0x000000000800708c       0x76 ./Drivers/STM32F7xx_HAL_Driver/Src/stm32f7xx_ll_usb.o
                0x000000000800708c                USB_CoreInit
 .text.USB_EnableGlobalInt
                0x0000000008007102        0xc ./Drivers/STM32F7xx_HAL_Driver/Src/stm32f7xx_ll_usb.o
                0x0000000008007102                USB_EnableGlobalInt
 .text.USB_DisableGlobalInt
                0x000000000800710e        0xc ./Drivers/STM32F7xx_HAL_Driver/Src/stm32f7xx_ll_usb.o
                0x000000000800710e                USB_DisableGlobalInt
 .text.USB_SetCurrentMode
                0x000000000800711a       0x5c ./Drivers/STM32F7xx_HAL_Driver/Src/stm32f7xx_ll_usb.o
                0x000000000800711a                USB_SetCurrentMode
 *fill*         0x0000000008007176        0x2 
 .text.USB_FlushTxFifo
                0x0000000008007178       0x48 ./Drivers/STM32F7xx_HAL_Driver/Src/stm32f7xx_ll_usb.o
                0x0000000008007178                USB_FlushTxFifo
 .text.USB_FlushRxFifo
                0x00000000080071c0       0x44 ./Drivers/STM32F7xx_HAL_Driver/Src/stm32f7xx_ll_usb.o
                0x00000000080071c0                USB_FlushRxFifo
 .text.USB_WritePacket
                0x0000000008007204       0x26 ./Drivers/STM32F7xx_HAL_Driver/Src/stm32f7xx_ll_usb.o
                0x0000000008007204                USB_WritePacket
 .text.USB_ReadPacket
                0x000000000800722a       0x46 ./Drivers/STM32F7xx_HAL_Driver/Src/stm32f7xx_ll_usb.o
                0x000000000800722a                USB_ReadPacket
 .text.USB_ReadInterrupts
                0x0000000008007270        0x8 ./Drivers/STM32F7xx_HAL_Driver/Src/stm32f7xx_ll_usb.o
                0x0000000008007270                USB_ReadInterrupts
 .text.USB_GetMode
                0x0000000008007278        0x8 ./Drivers/STM32F7xx_HAL_Driver/Src/stm32f7xx_ll_usb.o
                0x0000000008007278                USB_GetMode
 .text.USB_HostInit
                0x0000000008007280       0xc4 ./Drivers/STM32F7xx_HAL_Driver/Src/stm32f7xx_ll_usb.o
                0x0000000008007280                USB_HostInit
 .text.USB_InitFSLSPClkSel
                0x0000000008007344       0x3a ./Drivers/STM32F7xx_HAL_Driver/Src/stm32f7xx_ll_usb.o
                0x0000000008007344                USB_InitFSLSPClkSel
 .text.USB_ResetPort
                0x000000000800737e       0x3c ./Drivers/STM32F7xx_HAL_Driver/Src/stm32f7xx_ll_usb.o
                0x000000000800737e                USB_ResetPort
 .text.USB_DriveVbus
                0x00000000080073ba       0x40 ./Drivers/STM32F7xx_HAL_Driver/Src/stm32f7xx_ll_usb.o
                0x00000000080073ba                USB_DriveVbus
 .text.USB_GetHostSpeed
                0x00000000080073fa       0x16 ./Drivers/STM32F7xx_HAL_Driver/Src/stm32f7xx_ll_usb.o
                0x00000000080073fa                USB_GetHostSpeed
 .text.USB_GetCurrentFrame
                0x0000000008007410        0xa ./Drivers/STM32F7xx_HAL_Driver/Src/stm32f7xx_ll_usb.o
                0x0000000008007410                USB_GetCurrentFrame
 .text.USB_HC_Init
                0x000000000800741a      0x122 ./Drivers/STM32F7xx_HAL_Driver/Src/stm32f7xx_ll_usb.o
                0x000000000800741a                USB_HC_Init
 .text.USB_HC_ReadInterrupt
                0x000000000800753c        0xa ./Drivers/STM32F7xx_HAL_Driver/Src/stm32f7xx_ll_usb.o
                0x000000000800753c                USB_HC_ReadInterrupt
 .text.USB_HC_Halt
                0x0000000008007546       0xb2 ./Drivers/STM32F7xx_HAL_Driver/Src/stm32f7xx_ll_usb.o
                0x0000000008007546                USB_HC_Halt
 .text.USB_DoPing
                0x00000000080075f8       0x24 ./Drivers/STM32F7xx_HAL_Driver/Src/stm32f7xx_ll_usb.o
                0x00000000080075f8                USB_DoPing
 .text.USB_HC_StartXfer
                0x000000000800761c      0x14e ./Drivers/STM32F7xx_HAL_Driver/Src/stm32f7xx_ll_usb.o
                0x000000000800761c                USB_HC_StartXfer
 .text.USB_StopHost
                0x000000000800776a       0x7e ./Drivers/STM32F7xx_HAL_Driver/Src/stm32f7xx_ll_usb.o
                0x000000000800776a                USB_StopHost
 .text.MX_FATFS_Init
                0x00000000080077e8       0x1c ./FATFS/App/fatfs.o
                0x00000000080077e8                MX_FATFS_Init
 .text.BSP_SD_ReadBlocks_DMA
                0x0000000008007804       0x1c ./FATFS/Target/bsp_driver_sd.o
                0x0000000008007804                BSP_SD_ReadBlocks_DMA
 .text.BSP_SD_WriteBlocks_DMA
                0x0000000008007820       0x1c ./FATFS/Target/bsp_driver_sd.o
                0x0000000008007820                BSP_SD_WriteBlocks_DMA
 .text.BSP_SD_GetCardState
                0x000000000800783c       0x14 ./FATFS/Target/bsp_driver_sd.o
                0x000000000800783c                BSP_SD_GetCardState
 .text.BSP_SD_GetCardInfo
                0x0000000008007850        0xc ./FATFS/Target/bsp_driver_sd.o
                0x0000000008007850                BSP_SD_GetCardInfo
 .text.HAL_SD_RxCpltCallback
                0x000000000800785c        0x8 ./FATFS/Target/bsp_driver_sd.o
                0x000000000800785c                HAL_SD_RxCpltCallback
 .text.BSP_SD_IsDetected
                0x0000000008007864       0x1c ./FATFS/Target/bsp_driver_sd.o
                0x0000000008007864                BSP_SD_IsDetected
 .text.BSP_SD_Init
                0x0000000008007880       0x2c ./FATFS/Target/bsp_driver_sd.o
                0x0000000008007880                BSP_SD_Init
 .text.BSP_PlatformIsDetected
                0x00000000080078ac       0x18 ./FATFS/Target/fatfs_platform.o
                0x00000000080078ac                BSP_PlatformIsDetected
 .text.SD_CheckStatus.isra.0
                0x00000000080078c4       0x20 ./FATFS/Target/sd_diskio.o
 .text.SD_initialize
                0x00000000080078e4       0x58 ./FATFS/Target/sd_diskio.o
                0x00000000080078e4                SD_initialize
 .text.SD_status
                0x000000000800793c        0x4 ./FATFS/Target/sd_diskio.o
                0x000000000800793c                SD_status
 .text.SD_read.part.0
                0x0000000008007940       0x24 ./FATFS/Target/sd_diskio.o
 .text.SD_ioctl
                0x0000000008007964       0x54 ./FATFS/Target/sd_diskio.o
                0x0000000008007964                SD_ioctl
 .text.SD_CheckStatusWithTimeout.constprop.0
                0x00000000080079b8       0x26 ./FATFS/Target/sd_diskio.o
 *fill*         0x00000000080079de        0x2 
 .text.SD_write
                0x00000000080079e0       0x4c ./FATFS/Target/sd_diskio.o
                0x00000000080079e0                SD_write
 .text.SD_read  0x0000000008007a2c       0x4c ./FATFS/Target/sd_diskio.o
                0x0000000008007a2c                SD_read
 .text.BSP_SD_ReadCpltCallback
                0x0000000008007a78       0x10 ./FATFS/Target/sd_diskio.o
                0x0000000008007a78                BSP_SD_ReadCpltCallback
 .text.USBH_CDC_SOFProcess
                0x0000000008007a88        0x4 ./Middlewares/ST/STM32_USB_Host_Library/Class/CDC/Src/usbh_cdc.o
 .text.USBH_CDC_InterfaceDeInit
                0x0000000008007a8c       0x62 ./Middlewares/ST/STM32_USB_Host_Library/Class/CDC/Src/usbh_cdc.o
 .text.USBH_CDC_InterfaceInit
                0x0000000008007aee      0x14c ./Middlewares/ST/STM32_USB_Host_Library/Class/CDC/Src/usbh_cdc.o
 .text.USBH_CDC_ClassRequest
                0x0000000008007c3a       0x30 ./Middlewares/ST/STM32_USB_Host_Library/Class/CDC/Src/usbh_cdc.o
 .text.USBH_CDC_TransmitCallback
                0x0000000008007c6a        0x2 ./Middlewares/ST/STM32_USB_Host_Library/Class/CDC/Src/usbh_cdc.o
                0x0000000008007c6a                USBH_CDC_TransmitCallback
 .text.USBH_CDC_ReceiveCallback
                0x0000000008007c6c        0x2 ./Middlewares/ST/STM32_USB_Host_Library/Class/CDC/Src/usbh_cdc.o
                0x0000000008007c6c                USBH_CDC_ReceiveCallback
 .text.USBH_CDC_LineCodingChanged
                0x0000000008007c6e        0x2 ./Middlewares/ST/STM32_USB_Host_Library/Class/CDC/Src/usbh_cdc.o
                0x0000000008007c6e                USBH_CDC_LineCodingChanged
 .text.USBH_CDC_Process
                0x0000000008007c70      0x1a0 ./Middlewares/ST/STM32_USB_Host_Library/Class/CDC/Src/usbh_cdc.o
 .text.DeInitStateMachine
                0x0000000008007e10       0x42 ./Middlewares/ST/STM32_USB_Host_Library/Core/Src/usbh_core.o
 *fill*         0x0000000008007e52        0x2 
 .text.USBH_Init
                0x0000000008007e54       0x78 ./Middlewares/ST/STM32_USB_Host_Library/Core/Src/usbh_core.o
                0x0000000008007e54                USBH_Init
 .text.USBH_RegisterClass
                0x0000000008007ecc       0x1a ./Middlewares/ST/STM32_USB_Host_Library/Core/Src/usbh_core.o
                0x0000000008007ecc                USBH_RegisterClass
 .text.USBH_SelectInterface
                0x0000000008007ee6       0x12 ./Middlewares/ST/STM32_USB_Host_Library/Core/Src/usbh_core.o
                0x0000000008007ee6                USBH_SelectInterface
 .text.USBH_FindInterface
                0x0000000008007ef8       0x38 ./Middlewares/ST/STM32_USB_Host_Library/Core/Src/usbh_core.o
                0x0000000008007ef8                USBH_FindInterface
 .text.USBH_Start
                0x0000000008007f30       0x14 ./Middlewares/ST/STM32_USB_Host_Library/Core/Src/usbh_core.o
                0x0000000008007f30                USBH_Start
 .text.USBH_Process
                0x0000000008007f44      0x420 ./Middlewares/ST/STM32_USB_Host_Library/Core/Src/usbh_core.o
                0x0000000008007f44                USBH_Process
 .text.USBH_Process_OS
                0x0000000008008364       0x20 ./Middlewares/ST/STM32_USB_Host_Library/Core/Src/usbh_core.o
 .text.USBH_LL_SetTimer
                0x0000000008008384        0x6 ./Middlewares/ST/STM32_USB_Host_Library/Core/Src/usbh_core.o
                0x0000000008008384                USBH_LL_SetTimer
 .text.USBH_LL_IncTimer
                0x000000000800838a       0x1c ./Middlewares/ST/STM32_USB_Host_Library/Core/Src/usbh_core.o
                0x000000000800838a                USBH_LL_IncTimer
 .text.USBH_LL_PortEnabled
                0x00000000080083a6       0x14 ./Middlewares/ST/STM32_USB_Host_Library/Core/Src/usbh_core.o
                0x00000000080083a6                USBH_LL_PortEnabled
 .text.USBH_LL_PortDisabled
                0x00000000080083ba        0x8 ./Middlewares/ST/STM32_USB_Host_Library/Core/Src/usbh_core.o
                0x00000000080083ba                USBH_LL_PortDisabled
 .text.USBH_LL_Connect
                0x00000000080083c2       0x24 ./Middlewares/ST/STM32_USB_Host_Library/Core/Src/usbh_core.o
                0x00000000080083c2                USBH_LL_Connect
 .text.USBH_LL_Disconnect
                0x00000000080083e6       0x3c ./Middlewares/ST/STM32_USB_Host_Library/Core/Src/usbh_core.o
                0x00000000080083e6                USBH_LL_Disconnect
 .text.USBH_LL_NotifyURBChange
                0x0000000008008422       0x16 ./Middlewares/ST/STM32_USB_Host_Library/Core/Src/usbh_core.o
                0x0000000008008422                USBH_LL_NotifyURBChange
 .text.USBH_CtlReq
                0x0000000008008438      0x23a ./Middlewares/ST/STM32_USB_Host_Library/Core/Src/usbh_ctlreq.o
                0x0000000008008438                USBH_CtlReq
 .text.USBH_GetDescriptor
                0x0000000008008672       0x38 ./Middlewares/ST/STM32_USB_Host_Library/Core/Src/usbh_ctlreq.o
                0x0000000008008672                USBH_GetDescriptor
 .text.USBH_Get_DevDesc
                0x00000000080086aa       0x90 ./Middlewares/ST/STM32_USB_Host_Library/Core/Src/usbh_ctlreq.o
                0x00000000080086aa                USBH_Get_DevDesc
 .text.USBH_Get_CfgDesc
                0x000000000800873a      0x11a ./Middlewares/ST/STM32_USB_Host_Library/Core/Src/usbh_ctlreq.o
                0x000000000800873a                USBH_Get_CfgDesc
 .text.USBH_Get_StringDesc
                0x0000000008008854       0x4e ./Middlewares/ST/STM32_USB_Host_Library/Core/Src/usbh_ctlreq.o
                0x0000000008008854                USBH_Get_StringDesc
 .text.USBH_SetAddress
                0x00000000080088a2       0x1a ./Middlewares/ST/STM32_USB_Host_Library/Core/Src/usbh_ctlreq.o
                0x00000000080088a2                USBH_SetAddress
 .text.USBH_SetCfg
                0x00000000080088bc       0x1a ./Middlewares/ST/STM32_USB_Host_Library/Core/Src/usbh_ctlreq.o
                0x00000000080088bc                USBH_SetCfg
 .text.USBH_SetFeature
                0x00000000080088d6       0x1a ./Middlewares/ST/STM32_USB_Host_Library/Core/Src/usbh_ctlreq.o
                0x00000000080088d6                USBH_SetFeature
 .text.USBH_ClrFeature
                0x00000000080088f0       0x1a ./Middlewares/ST/STM32_USB_Host_Library/Core/Src/usbh_ctlreq.o
                0x00000000080088f0                USBH_ClrFeature
 .text.USBH_CtlSendSetup
                0x000000000800890a       0x20 ./Middlewares/ST/STM32_USB_Host_Library/Core/Src/usbh_ioreq.o
                0x000000000800890a                USBH_CtlSendSetup
 .text.USBH_CtlSendData
                0x000000000800892a       0x2e ./Middlewares/ST/STM32_USB_Host_Library/Core/Src/usbh_ioreq.o
                0x000000000800892a                USBH_CtlSendData
 .text.USBH_CtlReceiveData
                0x0000000008008958       0x20 ./Middlewares/ST/STM32_USB_Host_Library/Core/Src/usbh_ioreq.o
                0x0000000008008958                USBH_CtlReceiveData
 .text.USBH_BulkSendData
                0x0000000008008978       0x2e ./Middlewares/ST/STM32_USB_Host_Library/Core/Src/usbh_ioreq.o
                0x0000000008008978                USBH_BulkSendData
 .text.USBH_BulkReceiveData
                0x00000000080089a6       0x20 ./Middlewares/ST/STM32_USB_Host_Library/Core/Src/usbh_ioreq.o
                0x00000000080089a6                USBH_BulkReceiveData
 .text.USBH_OpenPipe
                0x00000000080089c6       0x1e ./Middlewares/ST/STM32_USB_Host_Library/Core/Src/usbh_pipes.o
                0x00000000080089c6                USBH_OpenPipe
 .text.USBH_ClosePipe
                0x00000000080089e4        0xa ./Middlewares/ST/STM32_USB_Host_Library/Core/Src/usbh_pipes.o
                0x00000000080089e4                USBH_ClosePipe
 .text.USBH_AllocPipe
                0x00000000080089ee       0x30 ./Middlewares/ST/STM32_USB_Host_Library/Core/Src/usbh_pipes.o
                0x00000000080089ee                USBH_AllocPipe
 .text.USBH_FreePipe
                0x0000000008008a1e       0x1c ./Middlewares/ST/STM32_USB_Host_Library/Core/Src/usbh_pipes.o
                0x0000000008008a1e                USBH_FreePipe
 *fill*         0x0000000008008a3a        0x2 
 .text.FATFS_LinkDriverEx
                0x0000000008008a3c       0x40 ./Middlewares/Third_Party/FatFs/src/ff_gen_drv.o
                0x0000000008008a3c                FATFS_LinkDriverEx
 .text.FATFS_LinkDriver
                0x0000000008008a7c        0x6 ./Middlewares/Third_Party/FatFs/src/ff_gen_drv.o
                0x0000000008008a7c                FATFS_LinkDriver
 .text.osKernelStart
                0x0000000008008a82        0xa ./Middlewares/Third_Party/FreeRTOS/Source/CMSIS_RTOS/cmsis_os.o
                0x0000000008008a82                osKernelStart
 .text.osKernelRunning
                0x0000000008008a8c        0xe ./Middlewares/Third_Party/FreeRTOS/Source/CMSIS_RTOS/cmsis_os.o
                0x0000000008008a8c                osKernelRunning
 .text.osKernelSysTick
                0x0000000008008a9a        0xe ./Middlewares/Third_Party/FreeRTOS/Source/CMSIS_RTOS/cmsis_os.o
                0x0000000008008a9a                osKernelSysTick
 .text.osThreadCreate
                0x0000000008008aa8       0x50 ./Middlewares/Third_Party/FreeRTOS/Source/CMSIS_RTOS/cmsis_os.o
                0x0000000008008aa8                osThreadCreate
 .text.osDelay  0x0000000008008af8       0x10 ./Middlewares/Third_Party/FreeRTOS/Source/CMSIS_RTOS/cmsis_os.o
                0x0000000008008af8                osDelay
 .text.osMessageCreate
                0x0000000008008b08       0x24 ./Middlewares/Third_Party/FreeRTOS/Source/CMSIS_RTOS/cmsis_os.o
                0x0000000008008b08                osMessageCreate
 .text.osMessagePut
                0x0000000008008b2c       0x50 ./Middlewares/Third_Party/FreeRTOS/Source/CMSIS_RTOS/cmsis_os.o
                0x0000000008008b2c                osMessagePut
 .text.osMessageGet
                0x0000000008008b7c       0x70 ./Middlewares/Third_Party/FreeRTOS/Source/CMSIS_RTOS/cmsis_os.o
                0x0000000008008b7c                osMessageGet
 .text.vListInitialise
                0x0000000008008bec       0x16 ./Middlewares/Third_Party/FreeRTOS/Source/list.o
                0x0000000008008bec                vListInitialise
 .text.vListInitialiseItem
                0x0000000008008c02        0x6 ./Middlewares/Third_Party/FreeRTOS/Source/list.o
                0x0000000008008c02                vListInitialiseItem
 .text.vListInsertEnd
                0x0000000008008c08       0x18 ./Middlewares/Third_Party/FreeRTOS/Source/list.o
                0x0000000008008c08                vListInsertEnd
 .text.vListInsert
                0x0000000008008c20       0x2e ./Middlewares/Third_Party/FreeRTOS/Source/list.o
                0x0000000008008c20                vListInsert
 .text.uxListRemove
                0x0000000008008c4e       0x20 ./Middlewares/Third_Party/FreeRTOS/Source/list.o
                0x0000000008008c4e                uxListRemove
 .text.prvIsQueueEmpty
                0x0000000008008c6e       0x16 ./Middlewares/Third_Party/FreeRTOS/Source/queue.o
 .text.prvCopyDataToQueue
                0x0000000008008c84       0x6a ./Middlewares/Third_Party/FreeRTOS/Source/queue.o
 .text.prvCopyDataFromQueue
                0x0000000008008cee       0x2a ./Middlewares/Third_Party/FreeRTOS/Source/queue.o
 .text.prvUnlockQueue
                0x0000000008008d18       0x70 ./Middlewares/Third_Party/FreeRTOS/Source/queue.o
 .text.xQueueGenericReset
                0x0000000008008d88       0x84 ./Middlewares/Third_Party/FreeRTOS/Source/queue.o
                0x0000000008008d88                xQueueGenericReset
 .text.xQueueGenericCreate.part.0
                0x0000000008008e0c       0x34 ./Middlewares/Third_Party/FreeRTOS/Source/queue.o
 .text.xQueueGenericCreateStatic
                0x0000000008008e40       0xa8 ./Middlewares/Third_Party/FreeRTOS/Source/queue.o
                0x0000000008008e40                xQueueGenericCreateStatic
 .text.xQueueGenericCreate
                0x0000000008008ee8       0x1c ./Middlewares/Third_Party/FreeRTOS/Source/queue.o
                0x0000000008008ee8                xQueueGenericCreate
 .text.xQueueGenericSend
                0x0000000008008f04      0x174 ./Middlewares/Third_Party/FreeRTOS/Source/queue.o
                0x0000000008008f04                xQueueGenericSend
 .text.xQueueGenericSendFromISR
                0x0000000008009078       0xd2 ./Middlewares/Third_Party/FreeRTOS/Source/queue.o
                0x0000000008009078                xQueueGenericSendFromISR
 *fill*         0x000000000800914a        0x2 
 .text.xQueueReceive
                0x000000000800914c      0x14c ./Middlewares/Third_Party/FreeRTOS/Source/queue.o
                0x000000000800914c                xQueueReceive
 .text.xQueueReceiveFromISR
                0x0000000008009298       0xaa ./Middlewares/Third_Party/FreeRTOS/Source/queue.o
                0x0000000008009298                xQueueReceiveFromISR
 *fill*         0x0000000008009342        0x2 
 .text.prvAddNewTaskToReadyList
                0x0000000008009344      0x12c ./Middlewares/Third_Party/FreeRTOS/Source/tasks.o
 .text.prvResetNextTaskUnblockTime
                0x0000000008009470       0x24 ./Middlewares/Third_Party/FreeRTOS/Source/tasks.o
 .text.prvInitialiseNewTask.isra.0
                0x0000000008009494       0xa2 ./Middlewares/Third_Party/FreeRTOS/Source/tasks.o
 .text.prvDeleteTCB
                0x0000000008009536       0x3a ./Middlewares/Third_Party/FreeRTOS/Source/tasks.o
 .text.prvIdleTask
                0x0000000008009570       0x68 ./Middlewares/Third_Party/FreeRTOS/Source/tasks.o
 .text.prvAddCurrentTaskToDelayedList
                0x00000000080095d8       0x8c ./Middlewares/Third_Party/FreeRTOS/Source/tasks.o
 .text.xTaskCreateStatic
                0x0000000008009664       0x7c ./Middlewares/Third_Party/FreeRTOS/Source/tasks.o
                0x0000000008009664                xTaskCreateStatic
 .text.xTaskCreate
                0x00000000080096e0       0x5a ./Middlewares/Third_Party/FreeRTOS/Source/tasks.o
                0x00000000080096e0                xTaskCreate
 *fill*         0x000000000800973a        0x2 
 .text.vTaskStartScheduler
                0x000000000800973c       0x70 ./Middlewares/Third_Party/FreeRTOS/Source/tasks.o
                0x000000000800973c                vTaskStartScheduler
 .text.vTaskSuspendAll
                0x00000000080097ac       0x10 ./Middlewares/Third_Party/FreeRTOS/Source/tasks.o
                0x00000000080097ac                vTaskSuspendAll
 .text.xTaskGetTickCount
                0x00000000080097bc        0xc ./Middlewares/Third_Party/FreeRTOS/Source/tasks.o
                0x00000000080097bc                xTaskGetTickCount
 .text.xTaskGetTickCountFromISR
                0x00000000080097c8       0x10 ./Middlewares/Third_Party/FreeRTOS/Source/tasks.o
                0x00000000080097c8                xTaskGetTickCountFromISR
 .text.xTaskIncrementTick
                0x00000000080097d8      0x130 ./Middlewares/Third_Party/FreeRTOS/Source/tasks.o
                0x00000000080097d8                xTaskIncrementTick
 .text.xTaskResumeAll
                0x0000000008009908       0xf4 ./Middlewares/Third_Party/FreeRTOS/Source/tasks.o
                0x0000000008009908                xTaskResumeAll
 .text.vTaskDelay
                0x00000000080099fc       0x4c ./Middlewares/Third_Party/FreeRTOS/Source/tasks.o
                0x00000000080099fc                vTaskDelay
 .text.vTaskSwitchContext
                0x0000000008009a48       0xa8 ./Middlewares/Third_Party/FreeRTOS/Source/tasks.o
                0x0000000008009a48                vTaskSwitchContext
 .text.vTaskPlaceOnEventList
                0x0000000008009af0       0x38 ./Middlewares/Third_Party/FreeRTOS/Source/tasks.o
                0x0000000008009af0                vTaskPlaceOnEventList
 .text.xTaskRemoveFromEventList
                0x0000000008009b28       0x90 ./Middlewares/Third_Party/FreeRTOS/Source/tasks.o
                0x0000000008009b28                xTaskRemoveFromEventList
 .text.vTaskInternalSetTimeOutState
                0x0000000008009bb8       0x18 ./Middlewares/Third_Party/FreeRTOS/Source/tasks.o
                0x0000000008009bb8                vTaskInternalSetTimeOutState
 .text.xTaskCheckForTimeOut
                0x0000000008009bd0       0x80 ./Middlewares/Third_Party/FreeRTOS/Source/tasks.o
                0x0000000008009bd0                xTaskCheckForTimeOut
 .text.vTaskMissedYield
                0x0000000008009c50        0xc ./Middlewares/Third_Party/FreeRTOS/Source/tasks.o
                0x0000000008009c50                vTaskMissedYield
 .text.xTaskGetSchedulerState
                0x0000000008009c5c       0x20 ./Middlewares/Third_Party/FreeRTOS/Source/tasks.o
                0x0000000008009c5c                xTaskGetSchedulerState
 .text.xTaskPriorityDisinherit
                0x0000000008009c7c       0xac ./Middlewares/Third_Party/FreeRTOS/Source/tasks.o
                0x0000000008009c7c                xTaskPriorityDisinherit
 .text.prvPortStartFirstTask
                0x0000000008009d28       0x28 ./Middlewares/Third_Party/FreeRTOS/Source/portable/GCC/ARM_CM7/r0p1/port.o
 .text.vPortEnableVFP
                0x0000000008009d50       0x14 ./Middlewares/Third_Party/FreeRTOS/Source/portable/GCC/ARM_CM7/r0p1/port.o
 .text.prvTaskExitError
                0x0000000008009d64       0x48 ./Middlewares/Third_Party/FreeRTOS/Source/portable/GCC/ARM_CM7/r0p1/port.o
 .text.pxPortInitialiseStack
                0x0000000008009dac       0x24 ./Middlewares/Third_Party/FreeRTOS/Source/portable/GCC/ARM_CM7/r0p1/port.o
                0x0000000008009dac                pxPortInitialiseStack
 .text.SVC_Handler
                0x0000000008009dd0       0x24 ./Middlewares/Third_Party/FreeRTOS/Source/portable/GCC/ARM_CM7/r0p1/port.o
                0x0000000008009dd0                SVC_Handler
 .text.vPortEnterCritical
                0x0000000008009df4       0x4c ./Middlewares/Third_Party/FreeRTOS/Source/portable/GCC/ARM_CM7/r0p1/port.o
                0x0000000008009df4                vPortEnterCritical
 .text.vPortExitCritical
                0x0000000008009e40       0x2c ./Middlewares/Third_Party/FreeRTOS/Source/portable/GCC/ARM_CM7/r0p1/port.o
                0x0000000008009e40                vPortExitCritical
 *fill*         0x0000000008009e6c        0x4 
 .text.PendSV_Handler
                0x0000000008009e70       0x64 ./Middlewares/Third_Party/FreeRTOS/Source/portable/GCC/ARM_CM7/r0p1/port.o
                0x0000000008009e70                PendSV_Handler
 .text.SysTick_Handler
                0x0000000008009ed4       0x30 ./Middlewares/Third_Party/FreeRTOS/Source/portable/GCC/ARM_CM7/r0p1/port.o
                0x0000000008009ed4                SysTick_Handler
 .text.vPortSetupTimerInterrupt
                0x0000000008009f04       0x34 ./Middlewares/Third_Party/FreeRTOS/Source/portable/GCC/ARM_CM7/r0p1/port.o
                0x0000000008009f04                vPortSetupTimerInterrupt
 .text.xPortStartScheduler
                0x0000000008009f38       0xc8 ./Middlewares/Third_Party/FreeRTOS/Source/portable/GCC/ARM_CM7/r0p1/port.o
                0x0000000008009f38                xPortStartScheduler
 .text.vPortValidateInterruptPriority
                0x000000000800a000       0x64 ./Middlewares/Third_Party/FreeRTOS/Source/portable/GCC/ARM_CM7/r0p1/port.o
                0x000000000800a000                vPortValidateInterruptPriority
 .text.prvInsertBlockIntoFreeList
                0x000000000800a064       0x48 ./Middlewares/Third_Party/FreeRTOS/Source/portable/MemMang/heap_4.o
 .text.pvPortMalloc
                0x000000000800a0ac      0x11c ./Middlewares/Third_Party/FreeRTOS/Source/portable/MemMang/heap_4.o
                0x000000000800a0ac                pvPortMalloc
 .text.vPortFree
                0x000000000800a1c8       0x78 ./Middlewares/Third_Party/FreeRTOS/Source/portable/MemMang/heap_4.o
                0x000000000800a1c8                vPortFree
 .text.USBH_UserProcess
                0x000000000800a240       0x24 ./USB_HOST/App/usb_host.o
 .text.MX_USB_HOST_Init
                0x000000000800a264       0x40 ./USB_HOST/App/usb_host.o
                0x000000000800a264                MX_USB_HOST_Init
 .text.HAL_HCD_MspInit
                0x000000000800a2a4       0x8c ./USB_HOST/Target/usbh_conf.o
                0x000000000800a2a4                HAL_HCD_MspInit
 .text.HAL_HCD_SOF_Callback
                0x000000000800a330        0x8 ./USB_HOST/Target/usbh_conf.o
                0x000000000800a330                HAL_HCD_SOF_Callback
 .text.HAL_HCD_Connect_Callback
                0x000000000800a338        0x8 ./USB_HOST/Target/usbh_conf.o
                0x000000000800a338                HAL_HCD_Connect_Callback
 .text.HAL_HCD_Disconnect_Callback
                0x000000000800a340        0x8 ./USB_HOST/Target/usbh_conf.o
                0x000000000800a340                HAL_HCD_Disconnect_Callback
 .text.HAL_HCD_HC_NotifyURBChange_Callback
                0x000000000800a348        0x8 ./USB_HOST/Target/usbh_conf.o
                0x000000000800a348                HAL_HCD_HC_NotifyURBChange_Callback
 .text.HAL_HCD_PortEnabled_Callback
                0x000000000800a350        0x8 ./USB_HOST/Target/usbh_conf.o
                0x000000000800a350                HAL_HCD_PortEnabled_Callback
 .text.HAL_HCD_PortDisabled_Callback
                0x000000000800a358        0x8 ./USB_HOST/Target/usbh_conf.o
                0x000000000800a358                HAL_HCD_PortDisabled_Callback
 .text.USBH_LL_Init
                0x000000000800a360       0x4c ./USB_HOST/Target/usbh_conf.o
                0x000000000800a360                USBH_LL_Init
 .text.USBH_LL_Start
                0x000000000800a3ac       0x1c ./USB_HOST/Target/usbh_conf.o
                0x000000000800a3ac                USBH_LL_Start
 .text.USBH_LL_Stop
                0x000000000800a3c8       0x1c ./USB_HOST/Target/usbh_conf.o
                0x000000000800a3c8                USBH_LL_Stop
 .text.USBH_LL_GetSpeed
                0x000000000800a3e4       0x14 ./USB_HOST/Target/usbh_conf.o
                0x000000000800a3e4                USBH_LL_GetSpeed
 .text.USBH_LL_ResetPort
                0x000000000800a3f8       0x1c ./USB_HOST/Target/usbh_conf.o
                0x000000000800a3f8                USBH_LL_ResetPort
 .text.USBH_LL_GetLastXferSize
                0x000000000800a414        0x8 ./USB_HOST/Target/usbh_conf.o
                0x000000000800a414                USBH_LL_GetLastXferSize
 .text.USBH_LL_OpenPipe
                0x000000000800a41c       0x30 ./USB_HOST/Target/usbh_conf.o
                0x000000000800a41c                USBH_LL_OpenPipe
 .text.USBH_LL_ClosePipe
                0x000000000800a44c       0x1c ./USB_HOST/Target/usbh_conf.o
                0x000000000800a44c                USBH_LL_ClosePipe
 .text.USBH_LL_SubmitURB
                0x000000000800a468       0x34 ./USB_HOST/Target/usbh_conf.o
                0x000000000800a468                USBH_LL_SubmitURB
 .text.USBH_LL_GetURBState
                0x000000000800a49c        0x8 ./USB_HOST/Target/usbh_conf.o
                0x000000000800a49c                USBH_LL_GetURBState
 .text.USBH_LL_DriverVBUS
                0x000000000800a4a4       0x1a ./USB_HOST/Target/usbh_conf.o
                0x000000000800a4a4                USBH_LL_DriverVBUS
 .text.USBH_LL_SetToggle
                0x000000000800a4be       0x1e ./USB_HOST/Target/usbh_conf.o
                0x000000000800a4be                USBH_LL_SetToggle
 .text.USBH_Delay
                0x000000000800a4dc        0x4 ./USB_HOST/Target/usbh_conf.o
                0x000000000800a4dc                USBH_Delay
 .text.MX_DriverVbusFS
                0x000000000800a4e0       0x14 ./USB_HOST/Target/usbh_platform.o
                0x000000000800a4e0                MX_DriverVbusFS
 *(.glue_7)
 .glue_7        0x000000000800a4f4        0x0 linker stubs
 *(.glue_7t)
 .glue_7t       0x000000000800a4f4        0x0 linker stubs
 *(.eh_frame)
 .eh_frame      0x000000000800a4f4        0x0 /usr/lib/gcc/arm-none-eabi/9.2.1/thumb/v7e-m+fp/hard/crtbegin.o
 *(.init)
 .init          0x000000000800a4f4        0x4 /usr/lib/gcc/arm-none-eabi/9.2.1/thumb/v7e-m+fp/hard/crti.o
                0x000000000800a4f4                _init
 .init          0x000000000800a4f8        0x8 /usr/lib/gcc/arm-none-eabi/9.2.1/thumb/v7e-m+fp/hard/crtn.o
 *(.fini)
 .fini          0x000000000800a500        0x4 /usr/lib/gcc/arm-none-eabi/9.2.1/thumb/v7e-m+fp/hard/crti.o
                0x000000000800a500                _fini
 .fini          0x000000000800a504        0x8 /usr/lib/gcc/arm-none-eabi/9.2.1/thumb/v7e-m+fp/hard/crtn.o
                0x000000000800a50c                . = ALIGN (0x4)
                0x000000000800a50c                _etext = .

.vfp11_veneer   0x000000000800a50c        0x0
 .vfp11_veneer  0x000000000800a50c        0x0 linker stubs

.v4_bx          0x000000000800a50c        0x0
 .v4_bx         0x000000000800a50c        0x0 linker stubs

.iplt           0x000000000800a50c        0x0
 .iplt          0x000000000800a50c        0x0 /usr/lib/gcc/arm-none-eabi/9.2.1/thumb/v7e-m+fp/hard/crtbegin.o

.rodata         0x000000000800a50c       0xbc
                0x000000000800a50c                . = ALIGN (0x4)
 *(.rodata)
 .rodata        0x000000000800a50c       0x1c ./Core/Src/main.o
 .rodata        0x000000000800a528       0x10 ./FATFS/Target/sd_diskio.o
 .rodata        0x000000000800a538       0x2c ./Middlewares/ST/STM32_USB_Host_Library/Core/Src/usbh_core.o
 *(.rodata*)
 .rodata.str1.1
                0x000000000800a564        0xc ./Core/Src/main.o
 .rodata.AHBPrescTable
                0x000000000800a570       0x10 ./Core/Src/system_stm32f7xx.o
                0x000000000800a570                AHBPrescTable
 .rodata.APBPrescTable
                0x000000000800a580        0x8 ./Core/Src/system_stm32f7xx.o
                0x000000000800a580                APBPrescTable
 .rodata.CSWTCH.53
                0x000000000800a588        0x3 ./Drivers/STM32F7xx_HAL_Driver/Src/stm32f7xx_hal_uart.o
 .rodata.CSWTCH.54
                0x000000000800a58b        0xd ./Drivers/STM32F7xx_HAL_Driver/Src/stm32f7xx_hal_uart.o
 .rodata.SD_Driver
                0x000000000800a598       0x14 ./FATFS/Target/sd_diskio.o
                0x000000000800a598                SD_Driver
 .rodata.str1.1
                0x000000000800a5ac        0x4 ./Middlewares/ST/STM32_USB_Host_Library/Class/CDC/Src/usbh_cdc.o
 .rodata.str1.1
                0x000000000800a5b0        0xc ./Middlewares/ST/STM32_USB_Host_Library/Core/Src/usbh_core.o
 .rodata.vTaskStartScheduler.str1.1
                0x000000000800a5bc        0x5 ./Middlewares/Third_Party/FreeRTOS/Source/tasks.o
 .rodata.CSWTCH.20
                0x000000000800a5c1        0x4 ./USB_HOST/Target/usbh_conf.o
                0x000000000800a5c8                . = ALIGN (0x4)
 *fill*         0x000000000800a5c5        0x3 

.ARM.extab      0x000000000800a5c8        0x0
                0x000000000800a5c8                . = ALIGN (0x4)
 *(.ARM.extab* .gnu.linkonce.armextab.*)
                0x000000000800a5c8                . = ALIGN (0x4)

.ARM            0x000000000800a5c8        0x8
                0x000000000800a5c8                . = ALIGN (0x4)
                0x000000000800a5c8                __exidx_start = .
 *(.ARM.exidx*)
 .ARM.exidx     0x000000000800a5c8        0x8 /usr/lib/gcc/arm-none-eabi/9.2.1/thumb/v7e-m+fp/hard/libgcc.a(_udivmoddi4.o)
                0x000000000800a5d0                __exidx_end = .
                0x000000000800a5d0                . = ALIGN (0x4)

.rel.dyn        0x000000000800a5d0        0x0
 .rel.iplt      0x000000000800a5d0        0x0 /usr/lib/gcc/arm-none-eabi/9.2.1/thumb/v7e-m+fp/hard/crtbegin.o

.preinit_array  0x000000000800a5d0        0x0
                0x000000000800a5d0                . = ALIGN (0x4)
                0x000000000800a5d0                PROVIDE (__preinit_array_start = .)
 *(.preinit_array*)
                0x000000000800a5d0                PROVIDE (__preinit_array_end = .)
                0x000000000800a5d0                . = ALIGN (0x4)

.init_array     0x000000000800a5d0        0x4
                0x000000000800a5d0                . = ALIGN (0x4)
                0x000000000800a5d0                PROVIDE (__init_array_start = .)
 *(SORT_BY_NAME(.init_array.*))
 *(.init_array*)
 .init_array    0x000000000800a5d0        0x4 /usr/lib/gcc/arm-none-eabi/9.2.1/thumb/v7e-m+fp/hard/crtbegin.o
                0x000000000800a5d4                PROVIDE (__init_array_end = .)
                0x000000000800a5d4                . = ALIGN (0x4)

.fini_array     0x000000000800a5d4        0x4
                0x000000000800a5d4                . = ALIGN (0x4)
                0x000000000800a5d4                PROVIDE (__fini_array_start = .)
 *(SORT_BY_NAME(.fini_array.*))
 *(.fini_array*)
 .fini_array    0x000000000800a5d4        0x4 /usr/lib/gcc/arm-none-eabi/9.2.1/thumb/v7e-m+fp/hard/crtbegin.o
                0x000000000800a5d8                PROVIDE (__fini_array_end = .)
                0x000000000800a5d8                . = ALIGN (0x4)
                0x000000000800a5d8                _sidata = LOADADDR (.data)

.data           0x0000000020000000       0x98 load address 0x000000000800a5d8
                0x0000000020000000                . = ALIGN (0x4)
                0x0000000020000000                _sdata = .
 *(.data)
 .data          0x0000000020000000       0x64 /usr/lib/gcc/arm-none-eabi/9.2.1/../../../arm-none-eabi/lib/thumb/v7e-m+fp/hard/libc_nano.a(lib_a-impure.o)
                0x0000000020000000                _impure_ptr
 *(.data*)
 .data.SystemCoreClock
                0x0000000020000064        0x4 ./Core/Src/system_stm32f7xx.o
                0x0000000020000064                SystemCoreClock
 .data.uwTickFreq
                0x0000000020000068        0x1 ./Drivers/STM32F7xx_HAL_Driver/Src/stm32f7xx_hal.o
                0x0000000020000068                uwTickFreq
 *fill*         0x0000000020000069        0x3 
 .data.uwTickPrio
                0x000000002000006c        0x4 ./Drivers/STM32F7xx_HAL_Driver/Src/stm32f7xx_hal.o
                0x000000002000006c                uwTickPrio
 .data.Stat     0x0000000020000070        0x1 ./FATFS/Target/sd_diskio.o
 *fill*         0x0000000020000071        0x3 
 .data.CDC_Class
                0x0000000020000074       0x20 ./Middlewares/ST/STM32_USB_Host_Library/Class/CDC/Src/usbh_cdc.o
                0x0000000020000074                CDC_Class
 .data.uxCriticalNesting
                0x0000000020000094        0x4 ./Middlewares/Third_Party/FreeRTOS/Source/portable/GCC/ARM_CM7/r0p1/port.o
 *(.RamFunc)
 *(.RamFunc*)
                0x0000000020000098                . = ALIGN (0x4)
                0x0000000020000098                _edata = .

.tm_clone_table
                0x0000000020000098        0x0 load address 0x000000000800a670
 .tm_clone_table
                0x0000000020000098        0x0 /usr/lib/gcc/arm-none-eabi/9.2.1/thumb/v7e-m+fp/hard/crtbegin.o
 .tm_clone_table
                0x0000000020000098        0x0 /usr/lib/gcc/arm-none-eabi/9.2.1/thumb/v7e-m+fp/hard/crtend.o

.igot.plt       0x0000000020000098        0x0 load address 0x000000000800a670
 .igot.plt      0x0000000020000098        0x0 /usr/lib/gcc/arm-none-eabi/9.2.1/thumb/v7e-m+fp/hard/crtbegin.o
                0x0000000020000098                . = ALIGN (0x4)

.bss            0x0000000020000098     0x97c8 load address 0x000000000800a670
                0x0000000020000098                _sbss = .
                0x0000000020000098                __bss_start__ = _sbss
 *(.bss)
 .bss           0x0000000020000098       0x1c /usr/lib/gcc/arm-none-eabi/9.2.1/thumb/v7e-m+fp/hard/crtbegin.o
 .bss           0x00000000200000b4        0x8 /usr/lib/gcc/arm-none-eabi/9.2.1/../../../arm-none-eabi/lib/thumb/v7e-m+fp/hard/libc_nano.a(lib_a-nano-mallocr.o)
                0x00000000200000b4                __malloc_free_list
                0x00000000200000b8                __malloc_sbrk_start
 *(.bss*)
 .bss.xIdleStack
                0x00000000200000bc      0x200 ./Core/Src/freertos.o
 .bss.xIdleTaskTCBBuffer
                0x00000000200002bc       0x58 ./Core/Src/freertos.o
 .bss.MACAddr.12421
                0x0000000020000314        0x6 ./Core/Src/main.o
 *fill*         0x000000002000031a        0x2 
 .bss.FMC_Initialized
                0x000000002000031c        0x4 ./Core/Src/stm32f7xx_hal_msp.o
 .bss.SAI2_client
                0x0000000020000320        0x4 ./Core/Src/stm32f7xx_hal_msp.o
 .bss.__sbrk_heap_end
                0x0000000020000324        0x4 ./Core/Src/sysmem.o
 .bss.SDQueueID
                0x0000000020000328        0x4 ./FATFS/Target/sd_diskio.o
 .bss.disk      0x000000002000032c        0xc ./Middlewares/Third_Party/FatFs/src/ff_gen_drv.o
                0x000000002000032c                disk
 .bss.pxCurrentTCB
                0x0000000020000338        0x4 ./Middlewares/Third_Party/FreeRTOS/Source/tasks.o
                0x0000000020000338                pxCurrentTCB
 .bss.pxDelayedTaskList
                0x000000002000033c        0x4 ./Middlewares/Third_Party/FreeRTOS/Source/tasks.o
 .bss.pxOverflowDelayedTaskList
                0x0000000020000340        0x4 ./Middlewares/Third_Party/FreeRTOS/Source/tasks.o
 .bss.pxReadyTasksLists
                0x0000000020000344       0x8c ./Middlewares/Third_Party/FreeRTOS/Source/tasks.o
 .bss.uxCurrentNumberOfTasks
                0x00000000200003d0        0x4 ./Middlewares/Third_Party/FreeRTOS/Source/tasks.o
 .bss.uxDeletedTasksWaitingCleanUp
                0x00000000200003d4        0x4 ./Middlewares/Third_Party/FreeRTOS/Source/tasks.o
 .bss.uxPendedTicks
                0x00000000200003d8        0x4 ./Middlewares/Third_Party/FreeRTOS/Source/tasks.o
 .bss.uxSchedulerSuspended
                0x00000000200003dc        0x4 ./Middlewares/Third_Party/FreeRTOS/Source/tasks.o
 .bss.uxTaskNumber
                0x00000000200003e0        0x4 ./Middlewares/Third_Party/FreeRTOS/Source/tasks.o
 .bss.uxTopReadyPriority
                0x00000000200003e4        0x4 ./Middlewares/Third_Party/FreeRTOS/Source/tasks.o
 .bss.xDelayedTaskList1
                0x00000000200003e8       0x14 ./Middlewares/Third_Party/FreeRTOS/Source/tasks.o
 .bss.xDelayedTaskList2
                0x00000000200003fc       0x14 ./Middlewares/Third_Party/FreeRTOS/Source/tasks.o
 .bss.xNextTaskUnblockTime
                0x0000000020000410        0x4 ./Middlewares/Third_Party/FreeRTOS/Source/tasks.o
 .bss.xNumOfOverflows
                0x0000000020000414        0x4 ./Middlewares/Third_Party/FreeRTOS/Source/tasks.o
 .bss.xPendingReadyList
                0x0000000020000418       0x14 ./Middlewares/Third_Party/FreeRTOS/Source/tasks.o
 .bss.xSchedulerRunning
                0x000000002000042c        0x4 ./Middlewares/Third_Party/FreeRTOS/Source/tasks.o
 .bss.xSuspendedTaskList
                0x0000000020000430       0x14 ./Middlewares/Third_Party/FreeRTOS/Source/tasks.o
 .bss.xTasksWaitingTermination
                0x0000000020000444       0x14 ./Middlewares/Third_Party/FreeRTOS/Source/tasks.o
 .bss.xTickCount
                0x0000000020000458        0x4 ./Middlewares/Third_Party/FreeRTOS/Source/tasks.o
 .bss.xYieldPending
                0x000000002000045c        0x4 ./Middlewares/Third_Party/FreeRTOS/Source/tasks.o
 .bss.ucMaxSysCallPriority
                0x0000000020000460        0x1 ./Middlewares/Third_Party/FreeRTOS/Source/portable/GCC/ARM_CM7/r0p1/port.o
 *fill*         0x0000000020000461        0x3 
 .bss.ulMaxPRIGROUPValue
                0x0000000020000464        0x4 ./Middlewares/Third_Party/FreeRTOS/Source/portable/GCC/ARM_CM7/r0p1/port.o
 .bss.pxEnd     0x0000000020000468        0x4 ./Middlewares/Third_Party/FreeRTOS/Source/portable/MemMang/heap_4.o