ltdc.c:10:6:TFT_FillScreen_565	0	static
ltdc.c:20:6:TFT_FillScreen	24	static
ltdc.c:34:6:TFT_FillRectangle_565	24	static
ltdc.c:49:6:TFT_FillRectangle	48	static
ltdc.c:68:6:TFT_DrawPixel_565	4	static
ltdc.c:73:6:TFT_DrawPixel	4	static
ltdc.c:78:6:TFT_DrawLine	32	static
ltdc.c:112:6:FTF_FonsIni	0	static
ltdc.c:119:6:TFT_SetFont	0	static
ltdc.c:124:6:TFT_SetTextColor	0	static
ltdc.c:129:6:TFT_SetBackColor	0	static
ltdc.c:134:6:TFT_DrawChar	64	static
ltdc.c:178:6:TFT_DisplayString	32	static
ltdc.c:224:6:TFT_DrawBitmap	56	static
ltdc.c:297:6:TFT_DrawBitmapToMem	56	static
ltdc.c:367:6:DMA2D_LayersAlphaReconfig	8	static
