main.c:132:5:main	48	static
main.c:231:6:SystemClock_Config	88	static
main.c:284:6:PeriphCommonClock_Config	144	static
main.c:312:13:MX_ADC3_Init	24	static
main.c:362:13:MX_CRC_Init	8	static
main.c:393:13:MX_DCMI_Init	8	static
main.c:430:13:MX_DMA2D_Init	8	static
main.c:467:13:MX_ETH_Init	8	static
main.c:514:13:MX_I2C1_Init	8	static
main.c:560:13:MX_I2C3_Init	8	static
main.c:606:13:MX_LTDC_Init	64	static
main.c:668:13:MX_QUADSPI_Init	8	static
main.c:703:13:MX_RTC_Init	80	static
main.c:795:13:MX_SAI2_Init	8	static
main.c:870:13:MX_SDMMC1_SD_Init	4	static
main.c:898:13:MX_SPDIFRX_Init	8	static
main.c:934:13:MX_SPI2_Init	8	static
main.c:974:13:MX_TIM1_Init	112	static
main.c:1054:13:MX_TIM2_Init	64	static
main.c:1113:13:MX_TIM3_Init	64	static
main.c:1172:13:MX_TIM5_Init	64	static
main.c:1231:13:MX_TIM8_Init	40	static
main.c:1278:13:MX_TIM12_Init	40	static
main.c:1320:13:MX_USART1_UART_Init	8	static
main.c:1355:13:MX_USART6_UART_Init	8	static
main.c:1386:13:MX_FMC_Init	40	static
main.c:1437:13:MX_GPIO_Init	72	static
main.c:1602:6:StartDefaultTask	16	static
main.c:1623:6:HAL_TIM_PeriodElapsedCallback	16	static
main.c:1640:6:Error_Handler	4	static
