stm32746g_discovery.c:173:10:BSP_GetVersion	4	static
stm32746g_discovery.c:185:6:BSP_LED_Init	48	static
stm32746g_discovery.c:217:6:BSP_LED_DeInit	40	static
stm32746g_discovery.c:240:6:BSP_LED_On	24	static
stm32746g_discovery.c:258:6:BSP_LED_Off	24	static
stm32746g_discovery.c:276:6:BSP_LED_Toggle	24	static
stm32746g_discovery.c:304:6:BSP_PB_Init	48	static
stm32746g_discovery.c:358:6:BSP_PB_DeInit	40	static
stm32746g_discovery.c:380:10:BSP_PB_GetState	16	static
stm32746g_discovery.c:395:6:BSP_COM_Init	48	static
stm32746g_discovery.c:435:6:BSP_COM_DeInit	16	static
stm32746g_discovery.c:461:13:I2Cx_MspInit	56	static
stm32746g_discovery.c:548:13:I2Cx_Init	16	static
stm32746g_discovery.c:586:26:I2Cx_ReadMultiple	48	static
stm32746g_discovery.c:616:26:I2Cx_WriteMultiple	48	static
stm32746g_discovery.c:644:26:I2Cx_IsDeviceReady	24	static
stm32746g_discovery.c:655:13:I2Cx_Error	16	static
stm32746g_discovery.c:674:6:AUDIO_IO_Init	8	static
stm32746g_discovery.c:683:6:AUDIO_IO_DeInit	4	static
stm32746g_discovery.c:694:6:AUDIO_IO_Write	32	static
stm32746g_discovery.c:711:10:AUDIO_IO_Read	32	static
stm32746g_discovery.c:731:6:AUDIO_IO_Delay	16	static
stm32746g_discovery.c:742:6:CAMERA_IO_Init	8	static
stm32746g_discovery.c:754:6:CAMERA_IO_Write	24	static
stm32746g_discovery.c:765:9:CAMERA_IO_Read	32	static
stm32746g_discovery.c:779:6:CAMERA_Delay	16	static
stm32746g_discovery.c:790:6:EEPROM_IO_Init	8	static
stm32746g_discovery.c:803:19:EEPROM_IO_WriteData	32	static
stm32746g_discovery.c:816:19:EEPROM_IO_ReadData	32	static
stm32746g_discovery.c:828:19:EEPROM_IO_IsDeviceReady	16	static
stm32746g_discovery.c:839:6:TS_IO_Init	8	static
stm32746g_discovery.c:851:6:TS_IO_Write	24	static
stm32746g_discovery.c:862:9:TS_IO_Read	32	static
stm32746g_discovery.c:876:6:TS_IO_Delay	16	static
