stm32f7xx_hal_msp.c:65:6:HAL_MspInit	8	static
stm32f7xx_hal_msp.c:89:6:HAL_ADC_MspInit	48	static
stm32f7xx_hal_msp.c:134:6:HAL_ADC_MspDeInit	8	static
stm32f7xx_hal_msp.c:170:6:HAL_CRC_MspInit	8	static
stm32f7xx_hal_msp.c:192:6:HAL_CRC_MspDeInit	0	static
stm32f7xx_hal_msp.c:214:6:HAL_DCMI_MspInit	64	static
stm32f7xx_hal_msp.c:292:6:HAL_DCMI_MspDeInit	8	static
stm32f7xx_hal_msp.c:339:6:HAL_DMA2D_MspInit	16	static
stm32f7xx_hal_msp.c:364:6:HAL_DMA2D_MspDeInit	0	static
stm32f7xx_hal_msp.c:389:6:HAL_ETH_MspInit	72	static
stm32f7xx_hal_msp.c:448:6:HAL_ETH_MspDeInit	8	static
stm32f7xx_hal_msp.c:488:6:HAL_I2C_MspInit	176	static
stm32f7xx_hal_msp.c:566:6:HAL_I2C_MspDeInit	8	static
stm32f7xx_hal_msp.c:617:6:HAL_LTDC_MspInit	64	static
stm32f7xx_hal_msp.c:718:6:HAL_LTDC_MspDeInit	8	static
stm32f7xx_hal_msp.c:787:6:HAL_QSPI_MspInit	64	static
stm32f7xx_hal_msp.c:850:6:HAL_QSPI_MspDeInit	8	static
stm32f7xx_hal_msp.c:887:6:HAL_RTC_MspInit	144	static
stm32f7xx_hal_msp.c:919:6:HAL_RTC_MspDeInit	0	static
stm32f7xx_hal_msp.c:941:6:HAL_SD_MspInit	56	static
stm32f7xx_hal_msp.c:990:6:HAL_SD_MspDeInit	8	static
stm32f7xx_hal_msp.c:1026:6:HAL_SPDIFRX_MspInit	168	static
stm32f7xx_hal_msp.c:1075:6:HAL_SPDIFRX_MspDeInit	0	static
stm32f7xx_hal_msp.c:1103:6:HAL_SPI_MspInit	48	static
stm32f7xx_hal_msp.c:1148:6:HAL_SPI_MspDeInit	8	static
stm32f7xx_hal_msp.c:1180:6:HAL_TIM_Base_MspInit	24	static
stm32f7xx_hal_msp.c:1246:6:HAL_TIM_PWM_MspInit	8	static
stm32f7xx_hal_msp.c:1262:6:HAL_TIM_MspPostInit	48	static
stm32f7xx_hal_msp.c:1377:6:HAL_TIM_Base_MspDeInit	0	static
stm32f7xx_hal_msp.c:1443:6:HAL_TIM_PWM_MspDeInit	0	static
stm32f7xx_hal_msp.c:1465:6:HAL_UART_MspInit	192	static
stm32f7xx_hal_msp.c:1553:6:HAL_UART_MspDeInit	8	static
stm32f7xx_hal_msp.c:1704:6:HAL_SDRAM_MspInit	48	static
stm32f7xx_hal_msp.c:1790:6:HAL_SDRAM_MspDeInit	8	static
stm32f7xx_hal_msp.c:1802:6:HAL_SAI_MspInit	40	static
stm32f7xx_hal_msp.c:1852:6:HAL_SAI_MspDeInit	8	static
