Archive member included to satisfy reference by file (symbol)

/opt/st/stm32cubeide_1.8.0/plugins/com.st.stm32cube.ide.mcu.externaltools.gnu-tools-for-stm32.9-2020-q2-update.linux64_2.0.0.202105311346/tools/bin/../lib/gcc/arm-none-eabi/9.3.1/../../../../arm-none-eabi/lib/thumb/v7e-m+fp/hard/libc_nano.a(lib_a-errno.o)
                              ./Core/Src/syscalls.o (__errno)
/opt/st/stm32cubeide_1.8.0/plugins/com.st.stm32cube.ide.mcu.externaltools.gnu-tools-for-stm32.9-2020-q2-update.linux64_2.0.0.202105311346/tools/bin/../lib/gcc/arm-none-eabi/9.3.1/../../../../arm-none-eabi/lib/thumb/v7e-m+fp/hard/libc_nano.a(lib_a-exit.o)
                              /opt/st/stm32cubeide_1.8.0/plugins/com.st.stm32cube.ide.mcu.externaltools.gnu-tools-for-stm32.9-2020-q2-update.linux64_2.0.0.202105311346/tools/bin/../lib/gcc/arm-none-eabi/9.3.1/../../../../arm-none-eabi/lib/thumb/v7e-m+fp/hard/crt0.o (exit)
/opt/st/stm32cubeide_1.8.0/plugins/com.st.stm32cube.ide.mcu.externaltools.gnu-tools-for-stm32.9-2020-q2-update.linux64_2.0.0.202105311346/tools/bin/../lib/gcc/arm-none-eabi/9.3.1/../../../../arm-none-eabi/lib/thumb/v7e-m+fp/hard/libc_nano.a(lib_a-impure.o)
                              /opt/st/stm32cubeide_1.8.0/plugins/com.st.stm32cube.ide.mcu.externaltools.gnu-tools-for-stm32.9-2020-q2-update.linux64_2.0.0.202105311346/tools/bin/../lib/gcc/arm-none-eabi/9.3.1/../../../../arm-none-eabi/lib/thumb/v7e-m+fp/hard/libc_nano.a(lib_a-exit.o) (_global_impure_ptr)
/opt/st/stm32cubeide_1.8.0/plugins/com.st.stm32cube.ide.mcu.externaltools.gnu-tools-for-stm32.9-2020-q2-update.linux64_2.0.0.202105311346/tools/bin/../lib/gcc/arm-none-eabi/9.3.1/../../../../arm-none-eabi/lib/thumb/v7e-m+fp/hard/libc_nano.a(lib_a-init.o)
                              /opt/st/stm32cubeide_1.8.0/plugins/com.st.stm32cube.ide.mcu.externaltools.gnu-tools-for-stm32.9-2020-q2-update.linux64_2.0.0.202105311346/tools/bin/../lib/gcc/arm-none-eabi/9.3.1/../../../../arm-none-eabi/lib/thumb/v7e-m+fp/hard/crt0.o (__libc_init_array)
/opt/st/stm32cubeide_1.8.0/plugins/com.st.stm32cube.ide.mcu.externaltools.gnu-tools-for-stm32.9-2020-q2-update.linux64_2.0.0.202105311346/tools/bin/../lib/gcc/arm-none-eabi/9.3.1/../../../../arm-none-eabi/lib/thumb/v7e-m+fp/hard/libc_nano.a(lib_a-memcpy-stub.o)
                              ./Middlewares/Third_Party/FreeRTOS/Source/queue.o (memcpy)
/opt/st/stm32cubeide_1.8.0/plugins/com.st.stm32cube.ide.mcu.externaltools.gnu-tools-for-stm32.9-2020-q2-update.linux64_2.0.0.202105311346/tools/bin/../lib/gcc/arm-none-eabi/9.3.1/../../../../arm-none-eabi/lib/thumb/v7e-m+fp/hard/libc_nano.a(lib_a-memset.o)
                              /opt/st/stm32cubeide_1.8.0/plugins/com.st.stm32cube.ide.mcu.externaltools.gnu-tools-for-stm32.9-2020-q2-update.linux64_2.0.0.202105311346/tools/bin/../lib/gcc/arm-none-eabi/9.3.1/../../../../arm-none-eabi/lib/thumb/v7e-m+fp/hard/crt0.o (memset)
/opt/st/stm32cubeide_1.8.0/plugins/com.st.stm32cube.ide.mcu.externaltools.gnu-tools-for-stm32.9-2020-q2-update.linux64_2.0.0.202105311346/tools/bin/../lib/gcc/arm-none-eabi/9.3.1/thumb/v7e-m+fp/hard/libgcc.a(_aeabi_uldivmod.o)
                              ./Drivers/STM32F7xx_HAL_Driver/Src/stm32f7xx_hal_rcc.o (__aeabi_uldivmod)
/opt/st/stm32cubeide_1.8.0/plugins/com.st.stm32cube.ide.mcu.externaltools.gnu-tools-for-stm32.9-2020-q2-update.linux64_2.0.0.202105311346/tools/bin/../lib/gcc/arm-none-eabi/9.3.1/thumb/v7e-m+fp/hard/libgcc.a(_udivmoddi4.o)
                              /opt/st/stm32cubeide_1.8.0/plugins/com.st.stm32cube.ide.mcu.externaltools.gnu-tools-for-stm32.9-2020-q2-update.linux64_2.0.0.202105311346/tools/bin/../lib/gcc/arm-none-eabi/9.3.1/thumb/v7e-m+fp/hard/libgcc.a(_aeabi_uldivmod.o) (__udivmoddi4)
/opt/st/stm32cubeide_1.8.0/plugins/com.st.stm32cube.ide.mcu.externaltools.gnu-tools-for-stm32.9-2020-q2-update.linux64_2.0.0.202105311346/tools/bin/../lib/gcc/arm-none-eabi/9.3.1/thumb/v7e-m+fp/hard/libgcc.a(_dvmd_tls.o)
                              /opt/st/stm32cubeide_1.8.0/plugins/com.st.stm32cube.ide.mcu.externaltools.gnu-tools-for-stm32.9-2020-q2-update.linux64_2.0.0.202105311346/tools/bin/../lib/gcc/arm-none-eabi/9.3.1/thumb/v7e-m+fp/hard/libgcc.a(_aeabi_uldivmod.o) (__aeabi_ldiv0)

Allocating common symbols
Common symbol       size              file

sdramHandle         0x34              ./Drivers/BSP/STM32746G-Discovery/stm32746g_discovery_sdram.o
defaultTaskHandle   0x4               ./Core/Src/main.o
hLtdcHandler        0xa8              ./Drivers/BSP/STM32746G-Discovery/stm32746g_discovery_lcd.o
uwTick              0x4               ./Drivers/STM32F7xx_HAL_Driver/Src/stm32f7xx_hal.o
xQueueRegistry      0x40              ./Middlewares/Third_Party/FreeRTOS/Source/queue.o
pFlash              0x1c              ./Drivers/STM32F7xx_HAL_Driver/Src/stm32f7xx_hal_flash.o
myTask05Handle      0x4               ./Core/Src/main.o
myTask04Handle      0x4               ./Core/Src/main.o
hltdc               0xa8              ./Core/Src/main.o
[...]
Memory Configuration

Name             Origin             Length             Attributes
RAM              0x0000000020000000 0x0000000000050000 xrw
FLASH            0x0000000008000000 0x0000000000100000 xr
*default*        0x0000000000000000 0xffffffffffffffff

Linker script and memory map

LOAD /opt/st/stm32cubeide_1.8.0/plugins/com.st.stm32cube.ide.mcu.externaltools.gnu-tools-for-stm32.9-2020-q2-update.linux64_2.0.0.202105311346/tools/bin/../lib/gcc/arm-none-eabi/9.3.1/thumb/v7e-m+fp/hard/crti.o
LOAD /opt/st/stm32cubeide_1.8.0/plugins/com.st.stm32cube.ide.mcu.externaltools.gnu-tools-for-stm32.9-2020-q2-update.linux64_2.0.0.202105311346/tools/bin/../lib/gcc/arm-none-eabi/9.3.1/thumb/v7e-m+fp/hard/crtbegin.o
LOAD /opt/st/stm32cubeide_1.8.0/plugins/com.st.stm32cube.ide.mcu.externaltools.gnu-tools-for-stm32.9-2020-q2-update.linux64_2.0.0.202105311346/tools/bin/../lib/gcc/arm-none-eabi/9.3.1/../../../../arm-none-eabi/lib/thumb/v7e-m+fp/hard/crt0.o
LOAD ./Core/Src/freertos.o
LOAD ./Core/Src/main.o
LOAD ./Core/Src/stm32f7xx_hal_msp.o
LOAD ./Core/Src/stm32f7xx_hal_timebase_tim.o
LOAD ./Core/Src/stm32f7xx_it.o
LOAD ./Core/Src/syscalls.o
LOAD ./Core/Src/sysmem.o
LOAD ./Core/Src/system_stm32f7xx.o
LOAD ./Core/Startup/startup_stm32f746nghx.o
LOAD ./Drivers/BSP/Components/ft5336/ft5336.o
LOAD ./Drivers/BSP/STM32746G-Discovery/stm32746g_discovery.o
LOAD ./Drivers/BSP/STM32746G-Discovery/stm32746g_discovery_lcd.o
LOAD ./Drivers/BSP/STM32746G-Discovery/stm32746g_discovery_sdram.o
LOAD ./Drivers/BSP/STM32746G-Discovery/stm32746g_discovery_ts.o
LOAD ./Drivers/STM32F7xx_HAL_Driver/Src/stm32f7xx_hal.o
LOAD ./Drivers/STM32F7xx_HAL_Driver/Src/stm32f7xx_hal_cortex.o
LOAD ./Drivers/STM32F7xx_HAL_Driver/Src/stm32f7xx_hal_dma.o
LOAD ./Drivers/STM32F7xx_HAL_Driver/Src/stm32f7xx_hal_dma2d.o
LOAD ./Drivers/STM32F7xx_HAL_Driver/Src/stm32f7xx_hal_dma_ex.o
LOAD ./Drivers/STM32F7xx_HAL_Driver/Src/stm32f7xx_hal_dsi.o
LOAD ./Drivers/STM32F7xx_HAL_Driver/Src/stm32f7xx_hal_exti.o
LOAD ./Drivers/STM32F7xx_HAL_Driver/Src/stm32f7xx_hal_flash.o
LOAD ./Drivers/STM32F7xx_HAL_Driver/Src/stm32f7xx_hal_flash_ex.o
LOAD ./Drivers/STM32F7xx_HAL_Driver/Src/stm32f7xx_hal_gpio.o
LOAD ./Drivers/STM32F7xx_HAL_Driver/Src/stm32f7xx_hal_i2c.o
LOAD ./Drivers/STM32F7xx_HAL_Driver/Src/stm32f7xx_hal_i2c_ex.o
LOAD ./Drivers/STM32F7xx_HAL_Driver/Src/stm32f7xx_hal_ltdc.o
LOAD ./Drivers/STM32F7xx_HAL_Driver/Src/stm32f7xx_hal_ltdc_ex.o
LOAD ./Drivers/STM32F7xx_HAL_Driver/Src/stm32f7xx_hal_pwr.o
LOAD ./Drivers/STM32F7xx_HAL_Driver/Src/stm32f7xx_hal_pwr_ex.o
LOAD ./Drivers/STM32F7xx_HAL_Driver/Src/stm32f7xx_hal_rcc.o
LOAD ./Drivers/STM32F7xx_HAL_Driver/Src/stm32f7xx_hal_rcc_ex.o
LOAD ./Drivers/STM32F7xx_HAL_Driver/Src/stm32f7xx_hal_sdram.o
LOAD ./Drivers/STM32F7xx_HAL_Driver/Src/stm32f7xx_hal_tim.o
LOAD ./Drivers/STM32F7xx_HAL_Driver/Src/stm32f7xx_hal_tim_ex.o
LOAD ./Drivers/STM32F7xx_HAL_Driver/Src/stm32f7xx_hal_uart.o
LOAD ./Drivers/STM32F7xx_HAL_Driver/Src/stm32f7xx_hal_uart_ex.o
LOAD ./Drivers/STM32F7xx_HAL_Driver/Src/stm32f7xx_ll_fmc.o
LOAD ./Middlewares/Third_Party/FreeRTOS/Source/CMSIS_RTOS/cmsis_os.o
LOAD ./Middlewares/Third_Party/FreeRTOS/Source/croutine.o
LOAD ./Middlewares/Third_Party/FreeRTOS/Source/event_groups.o
LOAD ./Middlewares/Third_Party/FreeRTOS/Source/list.o
LOAD ./Middlewares/Third_Party/FreeRTOS/Source/queue.o
LOAD ./Middlewares/Third_Party/FreeRTOS/Source/stream_buffer.o
LOAD ./Middlewares/Third_Party/FreeRTOS/Source/tasks.o
LOAD ./Middlewares/Third_Party/FreeRTOS/Source/timers.o
LOAD ./Middlewares/Third_Party/FreeRTOS/Source/portable/GCC/ARM_CM7/r0p1/port.o
LOAD ./Middlewares/Third_Party/FreeRTOS/Source/portable/MemMang/heap_4.o
START GROUP
LOAD /opt/st/stm32cubeide_1.8.0/plugins/com.st.stm32cube.ide.mcu.externaltools.gnu-tools-for-stm32.9-2020-q2-update.linux64_2.0.0.202105311346/tools/bin/../lib/gcc/arm-none-eabi/9.3.1/../../../../arm-none-eabi/lib/thumb/v7e-m+fp/hard/libc_nano.a
LOAD /opt/st/stm32cubeide_1.8.0/plugins/com.st.stm32cube.ide.mcu.externaltools.gnu-tools-for-stm32.9-2020-q2-update.linux64_2.0.0.202105311346/tools/bin/../lib/gcc/arm-none-eabi/9.3.1/../../../../arm-none-eabi/lib/thumb/v7e-m+fp/hard/libm.a
END GROUP
START GROUP
LOAD /opt/st/stm32cubeide_1.8.0/plugins/com.st.stm32cube.ide.mcu.externaltools.gnu-tools-for-stm32.9-2020-q2-update.linux64_2.0.0.202105311346/tools/bin/../lib/gcc/arm-none-eabi/9.3.1/thumb/v7e-m+fp/hard/libgcc.a
LOAD /opt/st/stm32cubeide_1.8.0/plugins/com.st.stm32cube.ide.mcu.externaltools.gnu-tools-for-stm32.9-2020-q2-update.linux64_2.0.0.202105311346/tools/bin/../lib/gcc/arm-none-eabi/9.3.1/../../../../arm-none-eabi/lib/thumb/v7e-m+fp/hard/libc_nano.a
END GROUP
START GROUP
LOAD /opt/st/stm32cubeide_1.8.0/plugins/com.st.stm32cube.ide.mcu.externaltools.gnu-tools-for-stm32.9-2020-q2-update.linux64_2.0.0.202105311346/tools/bin/../lib/gcc/arm-none-eabi/9.3.1/thumb/v7e-m+fp/hard/libgcc.a
LOAD /opt/st/stm32cubeide_1.8.0/plugins/com.st.stm32cube.ide.mcu.externaltools.gnu-tools-for-stm32.9-2020-q2-update.linux64_2.0.0.202105311346/tools/bin/../lib/gcc/arm-none-eabi/9.3.1/../../../../arm-none-eabi/lib/thumb/v7e-m+fp/hard/libc_nano.a
LOAD /opt/st/stm32cubeide_1.8.0/plugins/com.st.stm32cube.ide.mcu.externaltools.gnu-tools-for-stm32.9-2020-q2-update.linux64_2.0.0.202105311346/tools/bin/../lib/gcc/arm-none-eabi/9.3.1/../../../../arm-none-eabi/lib/thumb/v7e-m+fp/hard/libnosys.a
END GROUP
START GROUP
LOAD /opt/st/stm32cubeide_1.8.0/plugins/com.st.stm32cube.ide.mcu.externaltools.gnu-tools-for-stm32.9-2020-q2-update.linux64_2.0.0.202105311346/tools/bin/../lib/gcc/arm-none-eabi/9.3.1/thumb/v7e-m+fp/hard/libgcc.a
LOAD /opt/st/stm32cubeide_1.8.0/plugins/com.st.stm32cube.ide.mcu.externaltools.gnu-tools-for-stm32.9-2020-q2-update.linux64_2.0.0.202105311346/tools/bin/../lib/gcc/arm-none-eabi/9.3.1/../../../../arm-none-eabi/lib/thumb/v7e-m+fp/hard/libc_nano.a
LOAD /opt/st/stm32cubeide_1.8.0/plugins/com.st.stm32cube.ide.mcu.externaltools.gnu-tools-for-stm32.9-2020-q2-update.linux64_2.0.0.202105311346/tools/bin/../lib/gcc/arm-none-eabi/9.3.1/../../../../arm-none-eabi/lib/thumb/v7e-m+fp/hard/libnosys.a
END GROUP
LOAD /opt/st/stm32cubeide_1.8.0/plugins/com.st.stm32cube.ide.mcu.externaltools.gnu-tools-for-stm32.9-2020-q2-update.linux64_2.0.0.202105311346/tools/bin/../lib/gcc/arm-none-eabi/9.3.1/thumb/v7e-m+fp/hard/crtend.o
LOAD /opt/st/stm32cubeide_1.8.0/plugins/com.st.stm32cube.ide.mcu.externaltools.gnu-tools-for-stm32.9-2020-q2-update.linux64_2.0.0.202105311346/tools/bin/../lib/gcc/arm-none-eabi/9.3.1/thumb/v7e-m+fp/hard/crtn.o
                0x0000000020050000                _estack = (ORIGIN (RAM) + LENGTH (RAM))
                0x0000000000000200                _Min_Heap_Size = 0x200
                0x0000000000000400                _Min_Stack_Size = 0x400

.isr_vector     0x0000000008000000      0x1c8
                0x0000000008000000                . = ALIGN (0x4)
 *(.isr_vector)
 .isr_vector    0x0000000008000000      0x1c8 ./Core/Startup/startup_stm32f746nghx.o
                0x0000000008000000                g_pfnVectors
                0x00000000080001c8                . = ALIGN (0x4)

.text           0x00000000080001d0     0x65e4
                0x00000000080001d0                . = ALIGN (0x4)
 *(.text)
 .text          0x00000000080001d0       0x40 /opt/st/stm32cubeide_1.8.0/plugins/com.st.stm32cube.ide.mcu.externaltools.gnu-tools-for-stm32.9-2020-q2-update.linux64_2.0.0.202105311346/tools/bin/../lib/gcc/arm-none-eabi/9.3.1/thumb/v7e-m+fp/hard/crtbegin.o
 .text          0x0000000008000210       0x30 /opt/st/stm32cubeide_1.8.0/plugins/com.st.stm32cube.ide.mcu.externaltools.gnu-tools-for-stm32.9-2020-q2-update.linux64_2.0.0.202105311346/tools/bin/../lib/gcc/arm-none-eabi/9.3.1/thumb/v7e-m+fp/hard/libgcc.a(_aeabi_uldivmod.o)
                0x0000000008000210                __aeabi_uldivmod
 .text          0x0000000008000240      0x2c4 /opt/st/stm32cubeide_1.8.0/plugins/com.st.stm32cube.ide.mcu.externaltools.gnu-tools-for-stm32.9-2020-q2-update.linux64_2.0.0.202105311346/tools/bin/../lib/gcc/arm-none-eabi/9.3.1/thumb/v7e-m+fp/hard/libgcc.a(_udivmoddi4.o)
                0x0000000008000240                __udivmoddi4
 .text          0x0000000008000504        0x4 /opt/st/stm32cubeide_1.8.0/plugins/com.st.stm32cube.ide.mcu.externaltools.gnu-tools-for-stm32.9-2020-q2-update.linux64_2.0.0.202105311346/tools/bin/../lib/gcc/arm-none-eabi/9.3.1/thumb/v7e-m+fp/hard/libgcc.a(_dvmd_tls.o)
                0x0000000008000504                __aeabi_ldiv0
                0x0000000008000504                __aeabi_idiv0
 *(.text*)
 .text.vApplicationGetIdleTaskMemory
                0x0000000008000508       0x34 ./Core/Src/freertos.o
                0x0000000008000508                vApplicationGetIdleTaskMemory
 .text.SCB_EnableICache
                0x000000000800053c       0x4c ./Core/Src/main.o
 .text.SCB_EnableDCache
                0x0000000008000588       0x88 ./Core/Src/main.o
 .text.main     0x0000000008000610      0x118 ./Core/Src/main.o
                0x0000000008000610                main
 .text.SystemClock_Config
                0x0000000008000728       0xdc ./Core/Src/main.o
                0x0000000008000728                SystemClock_Config
 .text.MX_DMA2D_Init
                0x0000000008000804       0x64 ./Core/Src/main.o
 .text.MX_LTDC_Init
                0x0000000008000868      0x100 ./Core/Src/main.o
 .text.MX_USART1_UART_Init
                0x0000000008000968       0x60 ./Core/Src/main.o
 .text.MX_FMC_Init
                0x00000000080009c8       0x9c ./Core/Src/main.o
 .text.MX_GPIO_Init
                0x0000000008000a64      0x76c ./Core/Src/main.o
 .text.StartDefaultTask
                0x00000000080011d0       0x10 ./Core/Src/main.o
                0x00000000080011d0                StartDefaultTask
 .text.StartTask02
                0x00000000080011e0       0x10 ./Core/Src/main.o
                0x00000000080011e0                StartTask02
 .text.StartTask03
                0x00000000080011f0       0x10 ./Core/Src/main.o
                0x00000000080011f0                StartTask03
 .text.StartTask04
                0x0000000008001200       0x10 ./Core/Src/main.o
                0x0000000008001200                StartTask04
 .text.StartTask05
                0x0000000008001210       0x10 ./Core/Src/main.o
                0x0000000008001210                StartTask05
 .text.HAL_TIM_PeriodElapsedCallback
                0x0000000008001220       0x24 ./Core/Src/main.o
                0x0000000008001220                HAL_TIM_PeriodElapsedCallback
 .text.Error_Handler
                0x0000000008001244        0xa ./Core/Src/main.o
                0x0000000008001244                Error_Handler
 *fill*         0x000000000800124e        0x2 
 .text.HAL_MspInit
                0x0000000008001250       0x50 ./Core/Src/stm32f7xx_hal_msp.o
                0x0000000008001250                HAL_MspInit
 .text.HAL_DMA2D_MspInit
                0x00000000080012a0       0x40 ./Core/Src/stm32f7xx_hal_msp.o
                0x00000000080012a0                HAL_DMA2D_MspInit
 .text.HAL_LTDC_MspInit
                0x00000000080012e0      0x1f0 ./Core/Src/stm32f7xx_hal_msp.o
                0x00000000080012e0                HAL_LTDC_MspInit
 .text.HAL_UART_MspInit
                0x00000000080014d0      0x104 ./Core/Src/stm32f7xx_hal_msp.o
                0x00000000080014d0                HAL_UART_MspInit
 .text.HAL_FMC_MspInit
                0x00000000080015d4      0x120 ./Core/Src/stm32f7xx_hal_msp.o
 .text.HAL_SDRAM_MspInit
                0x00000000080016f4       0x14 ./Core/Src/stm32f7xx_hal_msp.o
                0x00000000080016f4                HAL_SDRAM_MspInit
 .text.HAL_InitTick
                0x0000000008001708       0xb0 ./Core/Src/stm32f7xx_hal_timebase_tim.o
                0x0000000008001708                HAL_InitTick
 .text.NMI_Handler
                0x00000000080017b8        0x6 ./Core/Src/stm32f7xx_it.o
                0x00000000080017b8                NMI_Handler
 .text.HardFault_Handler
                0x00000000080017be        0x6 ./Core/Src/stm32f7xx_it.o
                0x00000000080017be                HardFault_Handler
 .text.MemManage_Handler
                0x00000000080017c4        0x6 ./Core/Src/stm32f7xx_it.o
                0x00000000080017c4                MemManage_Handler
 .text.BusFault_Handler
                0x00000000080017ca        0x6 ./Core/Src/stm32f7xx_it.o
                0x00000000080017ca                BusFault_Handler
 .text.UsageFault_Handler
                0x00000000080017d0        0x6 ./Core/Src/stm32f7xx_it.o
                0x00000000080017d0                UsageFault_Handler
 .text.DebugMon_Handler
                0x00000000080017d6        0xe ./Core/Src/stm32f7xx_it.o
                0x00000000080017d6                DebugMon_Handler
 .text.TIM1_UP_TIM10_IRQHandler
                0x00000000080017e4       0x14 ./Core/Src/stm32f7xx_it.o
                0x00000000080017e4                TIM1_UP_TIM10_IRQHandler
 .text.SystemInit
                0x00000000080017f8       0x24 ./Core/Src/system_stm32f7xx.o
                0x00000000080017f8                SystemInit
 .text.Reset_Handler
                0x000000000800181c       0x50 ./Core/Startup/startup_stm32f746nghx.o
                0x000000000800181c                Reset_Handler
 .text.Default_Handler
                0x000000000800186c        0x2 ./Core/Startup/startup_stm32f746nghx.o
                0x000000000800186c                RTC_Alarm_IRQHandler
                0x000000000800186c                EXTI2_IRQHandler
                0x000000000800186c                TIM8_CC_IRQHandler
                0x000000000800186c                UART8_IRQHandler
                0x000000000800186c                SPI4_IRQHandler
                0x000000000800186c                TIM1_CC_IRQHandler
                0x000000000800186c                DMA2_Stream5_IRQHandler
                0x000000000800186c                DMA1_Stream5_IRQHandler
                0x000000000800186c                PVD_IRQHandler
                0x000000000800186c                TAMP_STAMP_IRQHandler
                0x000000000800186c                CAN2_RX1_IRQHandler
                0x000000000800186c                EXTI3_IRQHandler
                0x000000000800186c                TIM8_TRG_COM_TIM14_IRQHandler
                0x000000000800186c                TIM8_UP_TIM13_IRQHandler
                0x000000000800186c                I2C3_ER_IRQHandler
                0x000000000800186c                EXTI0_IRQHandler
                0x000000000800186c                I2C2_EV_IRQHandler
                0x000000000800186c                DMA1_Stream2_IRQHandler
                0x000000000800186c                CAN1_RX0_IRQHandler
                0x000000000800186c                FPU_IRQHandler
                0x000000000800186c                OTG_HS_WKUP_IRQHandler
                0x000000000800186c                LTDC_ER_IRQHandler
                0x000000000800186c                CAN2_SCE_IRQHandler
                0x000000000800186c                DMA2_Stream2_IRQHandler
                0x000000000800186c                SPI1_IRQHandler
                0x000000000800186c                TIM6_DAC_IRQHandler
                0x000000000800186c                TIM1_BRK_TIM9_IRQHandler
                0x000000000800186c                DCMI_IRQHandler
                0x000000000800186c                CAN2_RX0_IRQHandler
                0x000000000800186c                DMA2_Stream3_IRQHandler
                0x000000000800186c                SAI2_IRQHandler
                0x000000000800186c                USART6_IRQHandler
                0x000000000800186c                USART3_IRQHandler
                0x000000000800186c                CAN1_RX1_IRQHandler
                0x000000000800186c                UART5_IRQHandler
                0x000000000800186c                DMA2_Stream0_IRQHandler
                0x000000000800186c                TIM4_IRQHandler
                0x000000000800186c                QUADSPI_IRQHandler
                0x000000000800186c                I2C1_EV_IRQHandler
                0x000000000800186c                DMA1_Stream6_IRQHandler
                0x000000000800186c                DMA1_Stream1_IRQHandler
                0x000000000800186c                UART4_IRQHandler
                0x000000000800186c                TIM3_IRQHandler
                0x000000000800186c                RCC_IRQHandler
                0x000000000800186c                TIM8_BRK_TIM12_IRQHandler
                0x000000000800186c                Default_Handler
                0x000000000800186c                CEC_IRQHandler
                0x000000000800186c                EXTI15_10_IRQHandler
                0x000000000800186c                ADC_IRQHandler
                0x000000000800186c                DMA1_Stream7_IRQHandler
                0x000000000800186c                SPI5_IRQHandler
                0x000000000800186c                TIM7_IRQHandler
                0x000000000800186c                SDMMC1_IRQHandler
                0x000000000800186c                CAN2_TX_IRQHandler
                0x000000000800186c                TIM5_IRQHandler
                0x000000000800186c                DMA2_Stream7_IRQHandler
                0x000000000800186c                I2C3_EV_IRQHandler
                0x000000000800186c                EXTI9_5_IRQHandler
                0x000000000800186c                RTC_WKUP_IRQHandler
                0x000000000800186c                LTDC_IRQHandler
                0x000000000800186c                ETH_WKUP_IRQHandler
                0x000000000800186c                SPDIF_RX_IRQHandler
                0x000000000800186c                SPI2_IRQHandler
                0x000000000800186c                OTG_HS_EP1_IN_IRQHandler
                0x000000000800186c                DMA1_Stream0_IRQHandler
                0x000000000800186c                CAN1_TX_IRQHandler
                0x000000000800186c                EXTI4_IRQHandler
                0x000000000800186c                RNG_IRQHandler
                0x000000000800186c                ETH_IRQHandler
                0x000000000800186c                OTG_HS_EP1_OUT_IRQHandler
                0x000000000800186c                WWDG_IRQHandler
                0x000000000800186c                SPI6_IRQHandler
                0x000000000800186c                I2C4_EV_IRQHandler
                0x000000000800186c                TIM2_IRQHandler
                0x000000000800186c                OTG_FS_WKUP_IRQHandler
                0x000000000800186c                TIM1_TRG_COM_TIM11_IRQHandler
                0x000000000800186c                OTG_HS_IRQHandler
                0x000000000800186c                DMA2D_IRQHandler
                0x000000000800186c                EXTI1_IRQHandler
                0x000000000800186c                UART7_IRQHandler
                0x000000000800186c                USART2_IRQHandler
                0x000000000800186c                I2C2_ER_IRQHandler
                0x000000000800186c                DMA2_Stream1_IRQHandler
                0x000000000800186c                CAN1_SCE_IRQHandler
                0x000000000800186c                FLASH_IRQHandler
                0x000000000800186c                DMA2_Stream4_IRQHandler
                0x000000000800186c                USART1_IRQHandler
                0x000000000800186c                OTG_FS_IRQHandler
                0x000000000800186c                SPI3_IRQHandler
                0x000000000800186c                DMA1_Stream4_IRQHandler
                0x000000000800186c                I2C1_ER_IRQHandler
                0x000000000800186c                FMC_IRQHandler
                0x000000000800186c                LPTIM1_IRQHandler
                0x000000000800186c                I2C4_ER_IRQHandler
                0x000000000800186c                DMA2_Stream6_IRQHandler
                0x000000000800186c                SAI1_IRQHandler
                0x000000000800186c                DMA1_Stream3_IRQHandler
 *fill*         0x000000000800186e        0x2 
 .text.BSP_LCD_Init
                0x0000000008001870       0xe0 ./Drivers/BSP/STM32746G-Discovery/stm32746g_discovery_lcd.o
                0x0000000008001870                BSP_LCD_Init
 .text.BSP_LCD_SetFont
                0x0000000008001950       0x34 ./Drivers/BSP/STM32746G-Discovery/stm32746g_discovery_lcd.o
                0x0000000008001950                BSP_LCD_SetFont
 .text.BSP_LCD_MspInit
                0x0000000008001984      0x1b4 ./Drivers/BSP/STM32746G-Discovery/stm32746g_discovery_lcd.o
                0x0000000008001984                BSP_LCD_MspInit
 .text.BSP_LCD_ClockConfig
                0x0000000008001b38       0x38 ./Drivers/BSP/STM32746G-Discovery/stm32746g_discovery_lcd.o
                0x0000000008001b38                BSP_LCD_ClockConfig
 .text.BSP_SDRAM_Init
                0x0000000008001b70       0xbc ./Drivers/BSP/STM32746G-Discovery/stm32746g_discovery_sdram.o
                0x0000000008001b70                BSP_SDRAM_Init
 .text.BSP_SDRAM_Initialization_sequence
                0x0000000008001c2c       0xc0 ./Drivers/BSP/STM32746G-Discovery/stm32746g_discovery_sdram.o
                0x0000000008001c2c                BSP_SDRAM_Initialization_sequence
 .text.BSP_SDRAM_MspInit
                0x0000000008001cec      0x1f0 ./Drivers/BSP/STM32746G-Discovery/stm32746g_discovery_sdram.o
                0x0000000008001cec                BSP_SDRAM_MspInit
 .text.HAL_Init
                0x0000000008001edc       0x1a ./Drivers/STM32F7xx_HAL_Driver/Src/stm32f7xx_hal.o
                0x0000000008001edc                HAL_Init
 *fill*         0x0000000008001ef6        0x2 
 .text.HAL_IncTick
                0x0000000008001ef8       0x28 ./Drivers/STM32F7xx_HAL_Driver/Src/stm32f7xx_hal.o
                0x0000000008001ef8                HAL_IncTick
 .text.HAL_GetTick
                0x0000000008001f20       0x18 ./Drivers/STM32F7xx_HAL_Driver/Src/stm32f7xx_hal.o
                0x0000000008001f20                HAL_GetTick
 .text.HAL_Delay
                0x0000000008001f38       0x48 ./Drivers/STM32F7xx_HAL_Driver/Src/stm32f7xx_hal.o
                0x0000000008001f38                HAL_Delay
 .text.__NVIC_SetPriorityGrouping
                0x0000000008001f80       0x48 ./Drivers/STM32F7xx_HAL_Driver/Src/stm32f7xx_hal_cortex.o
 .text.__NVIC_GetPriorityGrouping
                0x0000000008001fc8       0x1c ./Drivers/STM32F7xx_HAL_Driver/Src/stm32f7xx_hal_cortex.o
 .text.__NVIC_EnableIRQ
                0x0000000008001fe4       0x3c ./Drivers/STM32F7xx_HAL_Driver/Src/stm32f7xx_hal_cortex.o
 .text.__NVIC_SetPriority
                0x0000000008002020       0x54 ./Drivers/STM32F7xx_HAL_Driver/Src/stm32f7xx_hal_cortex.o
 .text.NVIC_EncodePriority
                0x0000000008002074       0x66 ./Drivers/STM32F7xx_HAL_Driver/Src/stm32f7xx_hal_cortex.o
 .text.HAL_NVIC_SetPriorityGrouping
                0x00000000080020da       0x16 ./Drivers/STM32F7xx_HAL_Driver/Src/stm32f7xx_hal_cortex.o
                0x00000000080020da                HAL_NVIC_SetPriorityGrouping
 .text.HAL_NVIC_SetPriority
                0x00000000080020f0       0x38 ./Drivers/STM32F7xx_HAL_Driver/Src/stm32f7xx_hal_cortex.o
                0x00000000080020f0                HAL_NVIC_SetPriority
 .text.HAL_NVIC_EnableIRQ
                0x0000000008002128       0x1c ./Drivers/STM32F7xx_HAL_Driver/Src/stm32f7xx_hal_cortex.o
                0x0000000008002128                HAL_NVIC_EnableIRQ
 .text.HAL_DMA_Init
                0x0000000008002144      0x15c ./Drivers/STM32F7xx_HAL_Driver/Src/stm32f7xx_hal_dma.o
                0x0000000008002144                HAL_DMA_Init
 .text.HAL_DMA_DeInit
                0x00000000080022a0       0xbc ./Drivers/STM32F7xx_HAL_Driver/Src/stm32f7xx_hal_dma.o
                0x00000000080022a0                HAL_DMA_DeInit
 .text.DMA_CalcBaseAndBitshift
                0x000000000800235c       0x6c ./Drivers/STM32F7xx_HAL_Driver/Src/stm32f7xx_hal_dma.o
 .text.DMA_CheckFifoParam
                0x00000000080023c8       0xf8 ./Drivers/STM32F7xx_HAL_Driver/Src/stm32f7xx_hal_dma.o
 .text.HAL_DMA2D_Init
                0x00000000080024c0       0x94 ./Drivers/STM32F7xx_HAL_Driver/Src/stm32f7xx_hal_dma2d.o
                0x00000000080024c0                HAL_DMA2D_Init
 .text.HAL_DMA2D_ConfigLayer
                0x0000000008002554      0x124 ./Drivers/STM32F7xx_HAL_Driver/Src/stm32f7xx_hal_dma2d.o
                0x0000000008002554                HAL_DMA2D_ConfigLayer
 .text.HAL_GPIO_Init
                0x0000000008002678      0x358 ./Drivers/STM32F7xx_HAL_Driver/Src/stm32f7xx_hal_gpio.o
                0x0000000008002678                HAL_GPIO_Init
 .text.HAL_GPIO_WritePin
                0x00000000080029d0       0x32 ./Drivers/STM32F7xx_HAL_Driver/Src/stm32f7xx_hal_gpio.o
                0x00000000080029d0                HAL_GPIO_WritePin
 *fill*         0x0000000008002a02        0x2 
 .text.HAL_LTDC_Init
                0x0000000008002a04      0x1a0 ./Drivers/STM32F7xx_HAL_Driver/Src/stm32f7xx_hal_ltdc.o
                0x0000000008002a04                HAL_LTDC_Init
 .text.HAL_LTDC_ConfigLayer
                0x0000000008002ba4       0x7c ./Drivers/STM32F7xx_HAL_Driver/Src/stm32f7xx_hal_ltdc.o
                0x0000000008002ba4                HAL_LTDC_ConfigLayer
 .text.HAL_LTDC_GetState
                0x0000000008002c20       0x1c ./Drivers/STM32F7xx_HAL_Driver/Src/stm32f7xx_hal_ltdc.o
                0x0000000008002c20                HAL_LTDC_GetState
 .text.LTDC_SetConfig
                0x0000000008002c3c      0x334 ./Drivers/STM32F7xx_HAL_Driver/Src/stm32f7xx_hal_ltdc.o
 .text.HAL_PWREx_EnableOverDrive
                0x0000000008002f70       0xa0 ./Drivers/STM32F7xx_HAL_Driver/Src/stm32f7xx_hal_pwr_ex.o
                0x0000000008002f70                HAL_PWREx_EnableOverDrive
 .text.HAL_RCC_OscConfig
                0x0000000008003010      0x548 ./Drivers/STM32F7xx_HAL_Driver/Src/stm32f7xx_hal_rcc.o
                0x0000000008003010                HAL_RCC_OscConfig
 .text.HAL_RCC_ClockConfig
                0x0000000008003558      0x1d8 ./Drivers/STM32F7xx_HAL_Driver/Src/stm32f7xx_hal_rcc.o
                0x0000000008003558                HAL_RCC_ClockConfig
 .text.HAL_RCC_GetSysClockFreq
                0x0000000008003730      0x16c ./Drivers/STM32F7xx_HAL_Driver/Src/stm32f7xx_hal_rcc.o
                0x0000000008003730                HAL_RCC_GetSysClockFreq
 .text.HAL_RCC_GetHCLKFreq
                0x000000000800389c       0x18 ./Drivers/STM32F7xx_HAL_Driver/Src/stm32f7xx_hal_rcc.o
                0x000000000800389c                HAL_RCC_GetHCLKFreq
 .text.HAL_RCC_GetPCLK1Freq
                0x00000000080038b4       0x28 ./Drivers/STM32F7xx_HAL_Driver/Src/stm32f7xx_hal_rcc.o
                0x00000000080038b4                HAL_RCC_GetPCLK1Freq
 .text.HAL_RCC_GetPCLK2Freq
                0x00000000080038dc       0x28 ./Drivers/STM32F7xx_HAL_Driver/Src/stm32f7xx_hal_rcc.o
                0x00000000080038dc                HAL_RCC_GetPCLK2Freq
 .text.HAL_RCC_GetClockConfig
                0x0000000008003904       0x64 ./Drivers/STM32F7xx_HAL_Driver/Src/stm32f7xx_hal_rcc.o
                0x0000000008003904                HAL_RCC_GetClockConfig
 .text.HAL_RCCEx_PeriphCLKConfig
                0x0000000008003968      0x7e0 ./Drivers/STM32F7xx_HAL_Driver/Src/stm32f7xx_hal_rcc_ex.o
                0x0000000008003968                HAL_RCCEx_PeriphCLKConfig
 .text.HAL_SDRAM_Init
                0x0000000008004148       0x68 ./Drivers/STM32F7xx_HAL_Driver/Src/stm32f7xx_hal_sdram.o
                0x0000000008004148                HAL_SDRAM_Init
 .text.HAL_SDRAM_SendCommand
                0x00000000080041b0       0x6a ./Drivers/STM32F7xx_HAL_Driver/Src/stm32f7xx_hal_sdram.o
                0x00000000080041b0                HAL_SDRAM_SendCommand
 .text.HAL_SDRAM_ProgramRefreshRate
                0x000000000800421a       0x50 ./Drivers/STM32F7xx_HAL_Driver/Src/stm32f7xx_hal_sdram.o
                0x000000000800421a                HAL_SDRAM_ProgramRefreshRate
 .text.HAL_TIM_Base_Init
                0x000000000800426a       0xae ./Drivers/STM32F7xx_HAL_Driver/Src/stm32f7xx_hal_tim.o
                0x000000000800426a                HAL_TIM_Base_Init
 .text.HAL_TIM_Base_MspInit
                0x0000000008004318       0x14 ./Drivers/STM32F7xx_HAL_Driver/Src/stm32f7xx_hal_tim.o
                0x0000000008004318                HAL_TIM_Base_MspInit
 .text.HAL_TIM_Base_Start_IT
                0x000000000800432c       0xf0 ./Drivers/STM32F7xx_HAL_Driver/Src/stm32f7xx_hal_tim.o
                0x000000000800432c                HAL_TIM_Base_Start_IT
 .text.HAL_TIM_IRQHandler
                0x000000000800441c      0x23e ./Drivers/STM32F7xx_HAL_Driver/Src/stm32f7xx_hal_tim.o
                0x000000000800441c                HAL_TIM_IRQHandler
 .text.HAL_TIM_OC_DelayElapsedCallback
                0x000000000800465a       0x14 ./Drivers/STM32F7xx_HAL_Driver/Src/stm32f7xx_hal_tim.o
                0x000000000800465a                HAL_TIM_OC_DelayElapsedCallback
 .text.HAL_TIM_IC_CaptureCallback
                0x000000000800466e       0x14 ./Drivers/STM32F7xx_HAL_Driver/Src/stm32f7xx_hal_tim.o
                0x000000000800466e                HAL_TIM_IC_CaptureCallback
 .text.HAL_TIM_PWM_PulseFinishedCallback
                0x0000000008004682       0x14 ./Drivers/STM32F7xx_HAL_Driver/Src/stm32f7xx_hal_tim.o
                0x0000000008004682                HAL_TIM_PWM_PulseFinishedCallback
 .text.HAL_TIM_TriggerCallback
                0x0000000008004696       0x14 ./Drivers/STM32F7xx_HAL_Driver/Src/stm32f7xx_hal_tim.o
                0x0000000008004696                HAL_TIM_TriggerCallback
 *fill*         0x00000000080046aa        0x2 
 .text.TIM_Base_SetConfig
                0x00000000080046ac      0x140 ./Drivers/STM32F7xx_HAL_Driver/Src/stm32f7xx_hal_tim.o
                0x00000000080046ac                TIM_Base_SetConfig
 .text.HAL_TIMEx_CommutCallback
                0x00000000080047ec       0x14 ./Drivers/STM32F7xx_HAL_Driver/Src/stm32f7xx_hal_tim_ex.o
                0x00000000080047ec                HAL_TIMEx_CommutCallback
 .text.HAL_TIMEx_BreakCallback
                0x0000000008004800       0x14 ./Drivers/STM32F7xx_HAL_Driver/Src/stm32f7xx_hal_tim_ex.o
                0x0000000008004800                HAL_TIMEx_BreakCallback
 .text.HAL_TIMEx_Break2Callback
                0x0000000008004814       0x14 ./Drivers/STM32F7xx_HAL_Driver/Src/stm32f7xx_hal_tim_ex.o
                0x0000000008004814                HAL_TIMEx_Break2Callback
 .text.HAL_UART_Init
                0x0000000008004828       0x9c ./Drivers/STM32F7xx_HAL_Driver/Src/stm32f7xx_hal_uart.o
                0x0000000008004828                HAL_UART_Init
 .text.UART_SetConfig
                0x00000000080048c4      0x4c4 ./Drivers/STM32F7xx_HAL_Driver/Src/stm32f7xx_hal_uart.o
                0x00000000080048c4                UART_SetConfig
 .text.UART_AdvFeatureConfig
                0x0000000008004d88      0x144 ./Drivers/STM32F7xx_HAL_Driver/Src/stm32f7xx_hal_uart.o
                0x0000000008004d88                UART_AdvFeatureConfig
 .text.UART_CheckIdleState
                0x0000000008004ecc       0x66 ./Drivers/STM32F7xx_HAL_Driver/Src/stm32f7xx_hal_uart.o
                0x0000000008004ecc                UART_CheckIdleState
 .text.UART_WaitOnFlagUntilTimeout
                0x0000000008004f32      0x188 ./Drivers/STM32F7xx_HAL_Driver/Src/stm32f7xx_hal_uart.o
                0x0000000008004f32                UART_WaitOnFlagUntilTimeout
 *fill*         0x00000000080050ba        0x2 
 .text.FMC_SDRAM_Init
                0x00000000080050bc       0xb8 ./Drivers/STM32F7xx_HAL_Driver/Src/stm32f7xx_ll_fmc.o
                0x00000000080050bc                FMC_SDRAM_Init
 .text.FMC_SDRAM_Timing_Init
                0x0000000008005174       0xd4 ./Drivers/STM32F7xx_HAL_Driver/Src/stm32f7xx_ll_fmc.o
                0x0000000008005174                FMC_SDRAM_Timing_Init
 .text.FMC_SDRAM_SendCommand
                0x0000000008005248       0x48 ./Drivers/STM32F7xx_HAL_Driver/Src/stm32f7xx_ll_fmc.o
                0x0000000008005248                FMC_SDRAM_SendCommand
 .text.FMC_SDRAM_ProgramRefreshRate
                0x0000000008005290       0x30 ./Drivers/STM32F7xx_HAL_Driver/Src/stm32f7xx_ll_fmc.o
                0x0000000008005290                FMC_SDRAM_ProgramRefreshRate
 .text.makeFreeRtosPriority
                0x00000000080052c0       0x30 ./Middlewares/Third_Party/FreeRTOS/Source/CMSIS_RTOS/cmsis_os.o
 .text.osKernelStart
                0x00000000080052f0        0xe ./Middlewares/Third_Party/FreeRTOS/Source/CMSIS_RTOS/cmsis_os.o
                0x00000000080052f0                osKernelStart
 .text.osThreadCreate
                0x00000000080052fe       0x98 ./Middlewares/Third_Party/FreeRTOS/Source/CMSIS_RTOS/cmsis_os.o
                0x00000000080052fe                osThreadCreate
 .text.osDelay  0x0000000008005396       0x28 ./Middlewares/Third_Party/FreeRTOS/Source/CMSIS_RTOS/cmsis_os.o
                0x0000000008005396                osDelay
 .text.vListInitialise
                0x00000000080053be       0x40 ./Middlewares/Third_Party/FreeRTOS/Source/list.o
                0x00000000080053be                vListInitialise
 .text.vListInitialiseItem
                0x00000000080053fe       0x1a ./Middlewares/Third_Party/FreeRTOS/Source/list.o
                0x00000000080053fe                vListInitialiseItem
 .text.vListInsertEnd
                0x0000000008005418       0x48 ./Middlewares/Third_Party/FreeRTOS/Source/list.o
                0x0000000008005418                vListInsertEnd
 .text.vListInsert
                0x0000000008005460       0x72 ./Middlewares/Third_Party/FreeRTOS/Source/list.o
                0x0000000008005460                vListInsert
 .text.uxListRemove
                0x00000000080054d2       0x54 ./Middlewares/Third_Party/FreeRTOS/Source/list.o
                0x00000000080054d2                uxListRemove
 .text.xTaskCreateStatic
                0x0000000008005526       0xc6 ./Middlewares/Third_Party/FreeRTOS/Source/tasks.o
                0x0000000008005526                xTaskCreateStatic
 .text.xTaskCreate
                0x00000000080055ec       0x8a ./Middlewares/Third_Party/FreeRTOS/Source/tasks.o
                0x00000000080055ec                xTaskCreate
 .text.prvInitialiseNewTask
                0x0000000008005676      0x112 ./Middlewares/Third_Party/FreeRTOS/Source/tasks.o
 .text.prvAddNewTaskToReadyList
                0x0000000008005788       0xd4 ./Middlewares/Third_Party/FreeRTOS/Source/tasks.o
 .text.vTaskDelay
                0x000000000800585c       0x6c ./Middlewares/Third_Party/FreeRTOS/Source/tasks.o
                0x000000000800585c                vTaskDelay
 .text.vTaskStartScheduler
                0x00000000080058c8       0xc8 ./Middlewares/Third_Party/FreeRTOS/Source/tasks.o
                0x00000000080058c8                vTaskStartScheduler
 .text.vTaskSuspendAll
                0x0000000008005990       0x1c ./Middlewares/Third_Party/FreeRTOS/Source/tasks.o
                0x0000000008005990                vTaskSuspendAll
 .text.xTaskResumeAll
                0x00000000080059ac      0x13c ./Middlewares/Third_Party/FreeRTOS/Source/tasks.o
                0x00000000080059ac                xTaskResumeAll
 .text.xTaskIncrementTick
                0x0000000008005ae8      0x174 ./Middlewares/Third_Party/FreeRTOS/Source/tasks.o
                0x0000000008005ae8                xTaskIncrementTick
 .text.vTaskSwitchContext
                0x0000000008005c5c       0xbc ./Middlewares/Third_Party/FreeRTOS/Source/tasks.o
                0x0000000008005c5c                vTaskSwitchContext
 .text.prvIdleTask
                0x0000000008005d18       0x30 ./Middlewares/Third_Party/FreeRTOS/Source/tasks.o
 .text.prvInitialiseTaskLists
                0x0000000008005d48       0x80 ./Middlewares/Third_Party/FreeRTOS/Source/tasks.o
 .text.prvCheckTasksWaitingTermination
                0x0000000008005dc8       0x5c ./Middlewares/Third_Party/FreeRTOS/Source/tasks.o
 .text.prvDeleteTCB
                0x0000000008005e24       0x62 ./Middlewares/Third_Party/FreeRTOS/Source/tasks.o
 *fill*         0x0000000008005e86        0x2 
 .text.prvResetNextTaskUnblockTime
                0x0000000008005e88       0x40 ./Middlewares/Third_Party/FreeRTOS/Source/tasks.o
 .text.prvAddCurrentTaskToDelayedList
                0x0000000008005ec8       0xcc ./Middlewares/Third_Party/FreeRTOS/Source/tasks.o
 .text.pxPortInitialiseStack
                0x0000000008005f94       0x68 ./Middlewares/Third_Party/FreeRTOS/Source/portable/GCC/ARM_CM7/r0p1/port.o
                0x0000000008005f94                pxPortInitialiseStack
 .text.prvTaskExitError
                0x0000000008005ffc       0x60 ./Middlewares/Third_Party/FreeRTOS/Source/portable/GCC/ARM_CM7/r0p1/port.o
 *fill*         0x000000000800605c        0x4 
 .text.SVC_Handler
                0x0000000008006060       0x28 ./Middlewares/Third_Party/FreeRTOS/Source/portable/GCC/ARM_CM7/r0p1/port.o
                0x0000000008006060                SVC_Handler
 .text.prvPortStartFirstTask
                0x0000000008006088       0x28 ./Middlewares/Third_Party/FreeRTOS/Source/portable/GCC/ARM_CM7/r0p1/port.o
 .text.xPortStartScheduler
                0x00000000080060b0       0xfc ./Middlewares/Third_Party/FreeRTOS/Source/portable/GCC/ARM_CM7/r0p1/port.o
                0x00000000080060b0                xPortStartScheduler
 .text.vPortEnterCritical
                0x00000000080061ac       0x68 ./Middlewares/Third_Party/FreeRTOS/Source/portable/GCC/ARM_CM7/r0p1/port.o
                0x00000000080061ac                vPortEnterCritical
 .text.vPortExitCritical
                0x0000000008006214       0x58 ./Middlewares/Third_Party/FreeRTOS/Source/portable/GCC/ARM_CM7/r0p1/port.o
                0x0000000008006214                vPortExitCritical
 *fill*         0x000000000800626c        0x4 
 .text.PendSV_Handler
                0x0000000008006270       0x68 ./Middlewares/Third_Party/FreeRTOS/Source/portable/GCC/ARM_CM7/r0p1/port.o
                0x0000000008006270                PendSV_Handler
 .text.SysTick_Handler
                0x00000000080062d8       0x48 ./Middlewares/Third_Party/FreeRTOS/Source/portable/GCC/ARM_CM7/r0p1/port.o
                0x00000000080062d8                SysTick_Handler
 .text.vPortSetupTimerInterrupt
                0x0000000008006320       0x48 ./Middlewares/Third_Party/FreeRTOS/Source/portable/GCC/ARM_CM7/r0p1/port.o
                0x0000000008006320                vPortSetupTimerInterrupt
 .text.vPortEnableVFP
                0x0000000008006368       0x14 ./Middlewares/Third_Party/FreeRTOS/Source/portable/GCC/ARM_CM7/r0p1/port.o
 .text.pvPortMalloc
                0x000000000800637c      0x194 ./Middlewares/Third_Party/FreeRTOS/Source/portable/MemMang/heap_4.o
                0x000000000800637c                pvPortMalloc
 .text.vPortFree
                0x0000000008006510       0xbc ./Middlewares/Third_Party/FreeRTOS/Source/portable/MemMang/heap_4.o
                0x0000000008006510                vPortFree
 .text.prvHeapInit
                0x00000000080065cc       0xc4 ./Middlewares/Third_Party/FreeRTOS/Source/portable/MemMang/heap_4.o
 .text.prvInsertBlockIntoFreeList
                0x0000000008006690       0xb4 ./Middlewares/Third_Party/FreeRTOS/Source/portable/MemMang/heap_4.o
 .text.__libc_init_array
                0x0000000008006744       0x48 /opt/st/stm32cubeide_1.8.0/plugins/com.st.stm32cube.ide.mcu.externaltools.gnu-tools-for-stm32.9-2020-q2-update.linux64_2.0.0.202105311346/tools/bin/../lib/gcc/arm-none-eabi/9.3.1/../../../../arm-none-eabi/lib/thumb/v7e-m+fp/hard/libc_nano.a(lib_a-init.o)
                0x0000000008006744                __libc_init_array
 .text.memset   0x000000000800678c       0x10 /opt/st/stm32cubeide_1.8.0/plugins/com.st.stm32cube.ide.mcu.externaltools.gnu-tools-for-stm32.9-2020-q2-update.linux64_2.0.0.202105311346/tools/bin/../lib/gcc/arm-none-eabi/9.3.1/../../../../arm-none-eabi/lib/thumb/v7e-m+fp/hard/libc_nano.a(lib_a-memset.o)
                0x000000000800678c                memset
 *(.glue_7)
 .glue_7        0x000000000800679c        0x0 linker stubs
 *(.glue_7t)
 .glue_7t       0x000000000800679c        0x0 linker stubs
 *(.eh_frame)
 .eh_frame      0x000000000800679c        0x0 /opt/st/stm32cubeide_1.8.0/plugins/com.st.stm32cube.ide.mcu.externaltools.gnu-tools-for-stm32.9-2020-q2-update.linux64_2.0.0.202105311346/tools/bin/../lib/gcc/arm-none-eabi/9.3.1/thumb/v7e-m+fp/hard/crtbegin.o
 *(.init)
 .init          0x000000000800679c        0x4 /opt/st/stm32cubeide_1.8.0/plugins/com.st.stm32cube.ide.mcu.externaltools.gnu-tools-for-stm32.9-2020-q2-update.linux64_2.0.0.202105311346/tools/bin/../lib/gcc/arm-none-eabi/9.3.1/thumb/v7e-m+fp/hard/crti.o
                0x000000000800679c                _init
 .init          0x00000000080067a0        0x8 /opt/st/stm32cubeide_1.8.0/plugins/com.st.stm32cube.ide.mcu.externaltools.gnu-tools-for-stm32.9-2020-q2-update.linux64_2.0.0.202105311346/tools/bin/../lib/gcc/arm-none-eabi/9.3.1/thumb/v7e-m+fp/hard/crtn.o
 *(.fini)
 .fini          0x00000000080067a8        0x4 /opt/st/stm32cubeide_1.8.0/plugins/com.st.stm32cube.ide.mcu.externaltools.gnu-tools-for-stm32.9-2020-q2-update.linux64_2.0.0.202105311346/tools/bin/../lib/gcc/arm-none-eabi/9.3.1/thumb/v7e-m+fp/hard/crti.o
                0x00000000080067a8                _fini
 .fini          0x00000000080067ac        0x8 /opt/st/stm32cubeide_1.8.0/plugins/com.st.stm32cube.ide.mcu.externaltools.gnu-tools-for-stm32.9-2020-q2-update.linux64_2.0.0.202105311346/tools/bin/../lib/gcc/arm-none-eabi/9.3.1/thumb/v7e-m+fp/hard/crtn.o
                0x00000000080067b4                . = ALIGN (0x4)
                0x00000000080067b4                _etext = .

.vfp11_veneer   0x00000000080067b4        0x0
 .vfp11_veneer  0x00000000080067b4        0x0 linker stubs

.v4_bx          0x00000000080067b4        0x0
 .v4_bx         0x00000000080067b4        0x0 linker stubs

.iplt           0x00000000080067b4        0x0
 .iplt          0x00000000080067b4        0x0 /opt/st/stm32cubeide_1.8.0/plugins/com.st.stm32cube.ide.mcu.externaltools.gnu-tools-for-stm32.9-2020-q2-update.linux64_2.0.0.202105311346/tools/bin/../lib/gcc/arm-none-eabi/9.3.1/thumb/v7e-m+fp/hard/crtbegin.o

.rodata         0x00000000080067b4     0x1ba8
                0x00000000080067b4                . = ALIGN (0x4)
 *(.rodata)
 .rodata        0x00000000080067b4       0xc8 ./Core/Src/main.o
 .rodata        0x000000000800687c        0x5 ./Middlewares/Third_Party/FreeRTOS/Source/tasks.o
 *(.rodata*)
 *fill*         0x0000000008006881        0x3 
 .rodata.AHBPrescTable
                0x0000000008006884       0x10 ./Core/Src/system_stm32f7xx.o
                0x0000000008006884                AHBPrescTable
 .rodata.APBPrescTable
                0x0000000008006894        0x8 ./Core/Src/system_stm32f7xx.o
                0x0000000008006894                APBPrescTable
 .rodata.Font24_Table
                0x000000000800689c     0x1ab8 ./Drivers/BSP/STM32746G-Discovery/stm32746g_discovery_lcd.o
                0x000000000800689c                Font24_Table
 .rodata.flagBitshiftOffset.9504
                0x0000000008008354        0x8 ./Drivers/STM32F7xx_HAL_Driver/Src/stm32f7xx_hal_dma.o
                0x000000000800835c                . = ALIGN (0x4)

.ARM.extab      0x000000000800835c        0x0
                0x000000000800835c                . = ALIGN (0x4)
 *(.ARM.extab* .gnu.linkonce.armextab.*)
                0x000000000800835c                . = ALIGN (0x4)

.ARM            0x000000000800835c        0x8
                0x000000000800835c                . = ALIGN (0x4)
                0x000000000800835c                __exidx_start = .
 *(.ARM.exidx*)
 .ARM.exidx     0x000000000800835c        0x8 /opt/st/stm32cubeide_1.8.0/plugins/com.st.stm32cube.ide.mcu.externaltools.gnu-tools-for-stm32.9-2020-q2-update.linux64_2.0.0.202105311346/tools/bin/../lib/gcc/arm-none-eabi/9.3.1/thumb/v7e-m+fp/hard/libgcc.a(_udivmoddi4.o)
                0x0000000008008364                __exidx_end = .
                0x0000000008008364                . = ALIGN (0x4)

.rel.dyn        0x0000000008008364        0x0
 .rel.iplt      0x0000000008008364        0x0 /opt/st/stm32cubeide_1.8.0/plugins/com.st.stm32cube.ide.mcu.externaltools.gnu-tools-for-stm32.9-2020-q2-update.linux64_2.0.0.202105311346/tools/bin/../lib/gcc/arm-none-eabi/9.3.1/thumb/v7e-m+fp/hard/crtbegin.o

.preinit_array  0x0000000008008364        0x0
                0x0000000008008364                . = ALIGN (0x4)
                0x0000000008008364                PROVIDE (__preinit_array_start = .)
 *(.preinit_array*)
                0x0000000008008364                PROVIDE (__preinit_array_end = .)
                0x0000000008008364                . = ALIGN (0x4)

.init_array     0x0000000008008364        0x4
                0x0000000008008364                . = ALIGN (0x4)
                0x0000000008008364                PROVIDE (__init_array_start = .)
 *(SORT_BY_NAME(.init_array.*))
 *(.init_array*)
 .init_array    0x0000000008008364        0x4 /opt/st/stm32cubeide_1.8.0/plugins/com.st.stm32cube.ide.mcu.externaltools.gnu-tools-for-stm32.9-2020-q2-update.linux64_2.0.0.202105311346/tools/bin/../lib/gcc/arm-none-eabi/9.3.1/thumb/v7e-m+fp/hard/crtbegin.o
                0x0000000008008368                PROVIDE (__init_array_end = .)
                0x0000000008008368                . = ALIGN (0x4)

.fini_array     0x0000000008008368        0x4
                0x0000000008008368                . = ALIGN (0x4)
                [!provide]                        PROVIDE (__fini_array_start = .)
 *(SORT_BY_NAME(.fini_array.*))
 *(.fini_array*)
 .fini_array    0x0000000008008368        0x4 /opt/st/stm32cubeide_1.8.0/plugins/com.st.stm32cube.ide.mcu.externaltools.gnu-tools-for-stm32.9-2020-q2-update.linux64_2.0.0.202105311346/tools/bin/../lib/gcc/arm-none-eabi/9.3.1/thumb/v7e-m+fp/hard/crtbegin.o
                [!provide]                        PROVIDE (__fini_array_end = .)
                0x000000000800836c                . = ALIGN (0x4)
                0x000000000800836c                _sidata = LOADADDR (.data)

.data           0x0000000020000000       0x1c load address 0x000000000800836c
                0x0000000020000000                . = ALIGN (0x4)
                0x0000000020000000                _sdata = .
 *(.data)
 *(.data*)
 .data.SystemCoreClock
                0x0000000020000000        0x4 ./Core/Src/system_stm32f7xx.o
                0x0000000020000000                SystemCoreClock
 .data.Font24   0x0000000020000004        0x8 ./Drivers/BSP/STM32746G-Discovery/stm32746g_discovery_lcd.o
                0x0000000020000004                Font24
 .data.sdramstatus.9420
                0x000000002000000c        0x1 ./Drivers/BSP/STM32746G-Discovery/stm32746g_discovery_sdram.o
 *fill*         0x000000002000000d        0x3 
 .data.uwTickPrio
                0x0000000020000010        0x4 ./Drivers/STM32F7xx_HAL_Driver/Src/stm32f7xx_hal.o
                0x0000000020000010                uwTickPrio
 .data.uwTickFreq
                0x0000000020000014        0x1 ./Drivers/STM32F7xx_HAL_Driver/Src/stm32f7xx_hal.o
                0x0000000020000014                uwTickFreq
 *fill*         0x0000000020000015        0x3 
 .data.uxCriticalNesting
                0x0000000020000018        0x4 ./Middlewares/Third_Party/FreeRTOS/Source/portable/GCC/ARM_CM7/r0p1/port.o
 *(.RamFunc)
 *(.RamFunc*)
                0x000000002000001c                . = ALIGN (0x4)
                0x000000002000001c                _edata = .

.igot.plt       0x000000002000001c        0x0 load address 0x0000000008008388
 .igot.plt      0x000000002000001c        0x0 /opt/st/stm32cubeide_1.8.0/plugins/com.st.stm32cube.ide.mcu.externaltools.gnu-tools-for-stm32.9-2020-q2-update.linux64_2.0.0.202105311346/tools/bin/../lib/gcc/arm-none-eabi/9.3.1/thumb/v7e-m+fp/hard/crtbegin.o
                0x000000002000001c                . = ALIGN (0x4)

.bss            0x000000002000001c     0x43cc load address 0x0000000008008388
                0x000000002000001c                _sbss = .
                0x000000002000001c                __bss_start__ = _sbss
 *(.bss)
 .bss           0x000000002000001c       0x1c /opt/st/stm32cubeide_1.8.0/plugins/com.st.stm32cube.ide.mcu.externaltools.gnu-tools-for-stm32.9-2020-q2-update.linux64_2.0.0.202105311346/tools/bin/../lib/gcc/arm-none-eabi/9.3.1/thumb/v7e-m+fp/hard/crtbegin.o
 *(.bss*)
 .bss.xIdleTaskTCBBuffer
                0x0000000020000038       0x54 ./Core/Src/freertos.o
 .bss.xIdleStack
                0x000000002000008c      0x200 ./Core/Src/freertos.o
 .bss.FMC_Initialized
                0x000000002000028c        0x4 ./Core/Src/stm32f7xx_hal_msp.o
 .bss.ActiveLayer
                0x0000000020000290        0x4 ./Drivers/BSP/STM32746G-Discovery/stm32746g_discovery_lcd.o
 .bss.DrawProp  0x0000000020000294       0x18 ./Drivers/BSP/STM32746G-Discovery/stm32746g_discovery_lcd.o
 .bss.periph_clk_init_struct.10007
                0x00000000200002ac       0x84 ./Drivers/BSP/STM32746G-Discovery/stm32746g_discovery_lcd.o
 .bss.Timing    0x0000000020000330       0x1c ./Drivers/BSP/STM32746G-Discovery/stm32746g_discovery_sdram.o
 .bss.Command   0x000000002000034c       0x10 ./Drivers/BSP/STM32746G-Discovery/stm32746g_discovery_sdram.o
 .bss.dma_handle.9456
                0x000000002000035c       0x60 ./Drivers/BSP/STM32746G-Discovery/stm32746g_discovery_sdram.o
 .bss.pxCurrentTCB
                0x00000000200003bc        0x4 ./Middlewares/Third_Party/FreeRTOS/Source/tasks.o
                0x00000000200003bc                pxCurrentTCB
 .bss.pxReadyTasksLists
                0x00000000200003c0       0x8c ./Middlewares/Third_Party/FreeRTOS/Source/tasks.o
 .bss.xDelayedTaskList1
                0x000000002000044c       0x14 ./Middlewares/Third_Party/FreeRTOS/Source/tasks.o
 .bss.xDelayedTaskList2
                0x0000000020000460       0x14 ./Middlewares/Third_Party/FreeRTOS/Source/tasks.o
 .bss.pxDelayedTaskList
                0x0000000020000474        0x4 ./Middlewares/Third_Party/FreeRTOS/Source/tasks.o
 .bss.pxOverflowDelayedTaskList
                0x0000000020000478        0x4 ./Middlewares/Third_Party/FreeRTOS/Source/tasks.o
 .bss.xPendingReadyList
                0x000000002000047c       0x14 ./Middlewares/Third_Party/FreeRTOS/Source/tasks.o
 .bss.xTasksWaitingTermination
                0x0000000020000490       0x14 ./Middlewares/Third_Party/FreeRTOS/Source/tasks.o
 .bss.uxDeletedTasksWaitingCleanUp
                0x00000000200004a4        0x4 ./Middlewares/Third_Party/FreeRTOS/Source/tasks.o
 .bss.xSuspendedTaskList
                0x00000000200004a8       0x14 ./Middlewares/Third_Party/FreeRTOS/Source/tasks.o
 .bss.uxCurrentNumberOfTasks
                0x00000000200004bc        0x4 ./Middlewares/Third_Party/FreeRTOS/Source/tasks.o
 .bss.xTickCount
                0x00000000200004c0        0x4 ./Middlewares/Third_Party/FreeRTOS/Source/tasks.o
 .bss.uxTopReadyPriority
                0x00000000200004c4        0x4 ./Middlewares/Third_Party/FreeRTOS/Source/tasks.o
 .bss.xSchedulerRunning
                0x00000000200004c8        0x4 ./Middlewares/Third_Party/FreeRTOS/Source/tasks.o
 .bss.uxPendedTicks
                0x00000000200004cc        0x4 ./Middlewares/Third_Party/FreeRTOS/Source/tasks.o
 .bss.xYieldPending
                0x00000000200004d0        0x4 ./Middlewares/Third_Party/FreeRTOS/Source/tasks.o
 .bss.xNumOfOverflows
                0x00000000200004d4        0x4 ./Middlewares/Third_Party/FreeRTOS/Source/tasks.o
 .bss.uxTaskNumber
                0x00000000200004d8        0x4 ./Middlewares/Third_Party/FreeRTOS/Source/tasks.o
 .bss.xNextTaskUnblockTime
                0x00000000200004dc        0x4 ./Middlewares/Third_Party/FreeRTOS/Source/tasks.o
 .bss.xIdleTaskHandle
                0x00000000200004e0        0x4 ./Middlewares/Third_Party/FreeRTOS/Source/tasks.o
 .bss.uxSchedulerSuspended
                0x00000000200004e4        0x4 ./Middlewares/Third_Party/FreeRTOS/Source/tasks.o
 .bss.ucMaxSysCallPriority
                0x00000000200004e8        0x1 ./Middlewares/Third_Party/FreeRTOS/Source/portable/GCC/ARM_CM7/r0p1/port.o
 *fill*         0x00000000200004e9        0x3 
 .bss.ulMaxPRIGROUPValue
                0x00000000200004ec        0x4 ./Middlewares/Third_Party/FreeRTOS/Source/portable/GCC/ARM_CM7/r0p1/port.o
 .bss.ucHeap    0x00000000200004f0     0x3c00 ./Middlewares/Third_Party/FreeRTOS/Source/portable/MemMang/heap_4.o
 .bss.xStart    0x00000000200040f0        0x8 ./Middlewares/Third_Party/FreeRTOS/Source/portable/MemMang/heap_4.o
 .bss.pxEnd     0x00000000200040f8        0x4 ./Middlewares/Third_Party/FreeRTOS/Source/portable/MemMang/heap_4.o
 .bss.xFreeBytesRemaining
                0x00000000200040fc        0x4 ./Middlewares/Third_Party/FreeRTOS/Source/portable/MemMang/heap_4.o
 .bss.xMinimumEverFreeBytesRemaining
                0x0000000020004100        0x4 ./Middlewares/Third_Party/FreeRTOS/Source/portable/MemMang/heap_4.o
 .bss.xBlockAllocatedBit
                0x0000000020004104        0x4 ./Middlewares/Third_Party/FreeRTOS/Source/portable/MemMang/heap_4.o
 *(COMMON)
 COMMON         0x0000000020004108      0x1b4 ./Core/Src/main.o
                0x0000000020004108                defaultTaskHandle
                0x000000002000410c                myTask05Handle
                0x0000000020004110                myTask04Handle
                0x0000000020004114                hltdc
                0x00000000200041bc                huart1
                0x0000000020004240                myTask02Handle
                0x0000000020004244                myTask03Handle
                0x0000000020004248                hdma2d
                0x0000000020004288                hsdram1
 COMMON         0x00000000200042bc       0x4c ./Core/Src/stm32f7xx_hal_timebase_tim.o
                0x00000000200042bc                htim1
 COMMON         0x0000000020004308       0xa8 ./Drivers/BSP/STM32746G-Discovery/stm32746g_discovery_lcd.o
                0x0000000020004308                hLtdcHandler
 COMMON         0x00000000200043b0       0x34 ./Drivers/BSP/STM32746G-Discovery/stm32746g_discovery_sdram.o
                0x00000000200043b0                sdramHandle
 COMMON         0x00000000200043e4        0x4 ./Drivers/STM32F7xx_HAL_Driver/Src/stm32f7xx_hal.o
                0x00000000200043e4                uwTick
                0x00000000200043e8                . = ALIGN (0x4)
                0x00000000200043e8                _ebss = .
                0x00000000200043e8                __bss_end__ = _ebss

._user_heap_stack
                0x00000000200043e8      0x600 load address 0x0000000008008388
                0x00000000200043e8                . = ALIGN (0x8)
                [!provide]                        PROVIDE (end = .)
                0x00000000200043e8                PROVIDE (_end = .)
                0x00000000200045e8                . = (. + _Min_Heap_Size)
 *fill*         0x00000000200043e8      0x200 
                0x00000000200049e8                . = (. + _Min_Stack_Size)
 *fill*         0x00000000200045e8      0x400 
                0x00000000200049e8                . = ALIGN (0x8)

/DISCARD/
 libc.a(*)
 libm.a(*)
 libgcc.a(*)

.ARM.attributes
                0x0000000000000000       0x30
 *(.ARM.attributes)
 .ARM.attributes
                0x0000000000000000       0x1e /opt/st/stm32cubeide_1.8.0/plugins/com.st.stm32cube.ide.mcu.externaltools.gnu-tools-for-stm32.9-2020-q2-update.linux64_2.0.0.202105311346/tools/bin/../lib/gcc/arm-none-eabi/9.3.1/thumb/v7e-m+fp/hard/crti.o
 .ARM.attributes
                0x000000000000001e       0x34 /opt/st/stm32cubeide_1.8.0/plugins/com.st.stm32cube.ide.mcu.externaltools.gnu-tools-for-stm32.9-2020-q2-update.linux64_2.0.0.202105311346/tools/bin/../lib/gcc/arm-none-eabi/9.3.1/thumb/v7e-m+fp/hard/crtbegin.o
 .ARM.attributes
                0x0000000000000052       0x34 ./Core/Src/freertos.o
 .ARM.attributes
                0x0000000000000086       0x34 ./Core/Src/main.o
 .ARM.attributes
                0x00000000000000ba       0x34 ./Core/Src/stm32f7xx_hal_msp.o
 .ARM.attributes
                0x00000000000000ee       0x34 ./Core/Src/stm32f7xx_hal_timebase_tim.o
 .ARM.attributes
                0x0000000000000122       0x34 ./Core/Src/stm32f7xx_it.o
 .ARM.attributes
                0x0000000000000156       0x34 ./Core/Src/system_stm32f7xx.o
 .ARM.attributes
                0x000000000000018a       0x21 ./Core/Startup/startup_stm32f746nghx.o
 .ARM.attributes
                0x00000000000001ab       0x34 ./Drivers/BSP/STM32746G-Discovery/stm32746g_discovery_lcd.o
 .ARM.attributes
                0x00000000000001df       0x34 ./Drivers/BSP/STM32746G-Discovery/stm32746g_discovery_sdram.o
 .ARM.attributes
                0x0000000000000213       0x34 ./Drivers/STM32F7xx_HAL_Driver/Src/stm32f7xx_hal.o
 .ARM.attributes
                0x0000000000000247       0x34 ./Drivers/STM32F7xx_HAL_Driver/Src/stm32f7xx_hal_cortex.o
 .ARM.attributes
                0x000000000000027b       0x34 ./Drivers/STM32F7xx_HAL_Driver/Src/stm32f7xx_hal_dma.o
 .ARM.attributes
                0x00000000000002af       0x34 ./Drivers/STM32F7xx_HAL_Driver/Src/stm32f7xx_hal_dma2d.o
 .ARM.attributes
                0x00000000000002e3       0x34 ./Drivers/STM32F7xx_HAL_Driver/Src/stm32f7xx_hal_gpio.o
 .ARM.attributes
                0x0000000000000317       0x34 ./Drivers/STM32F7xx_HAL_Driver/Src/stm32f7xx_hal_ltdc.o
 .ARM.attributes
                0x000000000000034b       0x34 ./Drivers/STM32F7xx_HAL_Driver/Src/stm32f7xx_hal_pwr_ex.o
 .ARM.attributes
                0x000000000000037f       0x34 ./Drivers/STM32F7xx_HAL_Driver/Src/stm32f7xx_hal_rcc.o
 .ARM.attributes
                0x00000000000003b3       0x34 ./Drivers/STM32F7xx_HAL_Driver/Src/stm32f7xx_hal_rcc_ex.o
 .ARM.attributes
                0x00000000000003e7       0x34 ./Drivers/STM32F7xx_HAL_Driver/Src/stm32f7xx_hal_sdram.o
 .ARM.attributes
                0x000000000000041b       0x34 ./Drivers/STM32F7xx_HAL_Driver/Src/stm32f7xx_hal_tim.o
 .ARM.attributes
                0x000000000000044f       0x34 ./Drivers/STM32F7xx_HAL_Driver/Src/stm32f7xx_hal_tim_ex.o
 .ARM.attributes
                0x0000000000000483       0x34 ./Drivers/STM32F7xx_HAL_Driver/Src/stm32f7xx_hal_uart.o
 .ARM.attributes
                0x00000000000004b7       0x34 ./Drivers/STM32F7xx_HAL_Driver/Src/stm32f7xx_ll_fmc.o
 .ARM.attributes
                0x00000000000004eb       0x34 ./Middlewares/Third_Party/FreeRTOS/Source/CMSIS_RTOS/cmsis_os.o
 .ARM.attributes
                0x000000000000051f       0x34 ./Middlewares/Third_Party/FreeRTOS/Source/list.o
 .ARM.attributes
                0x0000000000000553       0x34 ./Middlewares/Third_Party/FreeRTOS/Source/tasks.o
 .ARM.attributes
                0x0000000000000587       0x34 ./Middlewares/Third_Party/FreeRTOS/Source/portable/GCC/ARM_CM7/r0p1/port.o
 .ARM.attributes
                0x00000000000005bb       0x34 ./Middlewares/Third_Party/FreeRTOS/Source/portable/MemMang/heap_4.o
 .ARM.attributes
                0x00000000000005ef       0x34 /opt/st/stm32cubeide_1.8.0/plugins/com.st.stm32cube.ide.mcu.externaltools.gnu-tools-for-stm32.9-2020-q2-update.linux64_2.0.0.202105311346/tools/bin/../lib/gcc/arm-none-eabi/9.3.1/../../../../arm-none-eabi/lib/thumb/v7e-m+fp/hard/libc_nano.a(lib_a-init.o)
 .ARM.attributes
                0x0000000000000623       0x34 /opt/st/stm32cubeide_1.8.0/plugins/com.st.stm32cube.ide.mcu.externaltools.gnu-tools-for-stm32.9-2020-q2-update.linux64_2.0.0.202105311346/tools/bin/../lib/gcc/arm-none-eabi/9.3.1/../../../../arm-none-eabi/lib/thumb/v7e-m+fp/hard/libc_nano.a(lib_a-memset.o)
 .ARM.attributes
                0x0000000000000657       0x1e /opt/st/stm32cubeide_1.8.0/plugins/com.st.stm32cube.ide.mcu.externaltools.gnu-tools-for-stm32.9-2020-q2-update.linux64_2.0.0.202105311346/tools/bin/../lib/gcc/arm-none-eabi/9.3.1/thumb/v7e-m+fp/hard/libgcc.a(_aeabi_uldivmod.o)
 .ARM.attributes
                0x0000000000000675       0x34 /opt/st/stm32cubeide_1.8.0/plugins/com.st.stm32cube.ide.mcu.externaltools.gnu-tools-for-stm32.9-2020-q2-update.linux64_2.0.0.202105311346/tools/bin/../lib/gcc/arm-none-eabi/9.3.1/thumb/v7e-m+fp/hard/libgcc.a(_udivmoddi4.o)
 .ARM.attributes
                0x00000000000006a9       0x1e /opt/st/stm32cubeide_1.8.0/plugins/com.st.stm32cube.ide.mcu.externaltools.gnu-tools-for-stm32.9-2020-q2-update.linux64_2.0.0.202105311346/tools/bin/../lib/gcc/arm-none-eabi/9.3.1/thumb/v7e-m+fp/hard/libgcc.a(_dvmd_tls.o)
 .ARM.attributes
                0x00000000000006c7       0x1e /opt/st/stm32cubeide_1.8.0/plugins/com.st.stm32cube.ide.mcu.externaltools.gnu-tools-for-stm32.9-2020-q2-update.linux64_2.0.0.202105311346/tools/bin/../lib/gcc/arm-none-eabi/9.3.1/thumb/v7e-m+fp/hard/crtn.o
OUTPUT(56_BSP.elf elf32-littlearm)
LOAD linker stubs
LOAD /opt/st/stm32cubeide_1.8.0/plugins/com.st.stm32cube.ide.mcu.externaltools.gnu-tools-for-stm32.9-2020-q2-update.linux64_2.0.0.202105311346/tools/bin/../lib/gcc/arm-none-eabi/9.3.1/../../../../arm-none-eabi/lib/thumb/v7e-m+fp/hard/libc.a
LOAD /opt/st/stm32cubeide_1.8.0/plugins/com.st.stm32cube.ide.mcu.externaltools.gnu-tools-for-stm32.9-2020-q2-update.linux64_2.0.0.202105311346/tools/bin/../lib/gcc/arm-none-eabi/9.3.1/../../../../arm-none-eabi/lib/thumb/v7e-m+fp/hard/libm.a
LOAD /opt/st/stm32cubeide_1.8.0/plugins/com.st.stm32cube.ide.mcu.externaltools.gnu-tools-for-stm32.9-2020-q2-update.linux64_2.0.0.202105311346/tools/bin/../lib/gcc/arm-none-eabi/9.3.1/thumb/v7e-m+fp/hard/libgcc.a

.debug_info     0x0000000000000000    0x1fe33
 .debug_info    0x0000000000000000      0x36d ./Core/Src/freertos.o
 .debug_info    0x000000000000036d     0x2442 ./Core/Src/main.o
 .debug_info    0x00000000000027af     0x1a97 ./Core/Src/stm32f7xx_hal_msp.o
 .debug_info    0x0000000000004246      0xd41 ./Core/Src/stm32f7xx_hal_timebase_tim.o
 .debug_info    0x0000000000004f87      0x816 ./Core/Src/stm32f7xx_it.o
 .debug_info    0x000000000000579d      0x7ad ./Core/Src/system_stm32f7xx.o
 .debug_info    0x0000000000005f4a       0x22 ./Core/Startup/startup_stm32f746nghx.o
 .debug_info    0x0000000000005f6c     0x248f ./Drivers/BSP/STM32746G-Discovery/stm32746g_discovery_lcd.o
 .debug_info    0x00000000000083fb      0xfe8 ./Drivers/BSP/STM32746G-Discovery/stm32746g_discovery_sdram.o
 .debug_info    0x00000000000093e3      0xa42 ./Drivers/STM32F7xx_HAL_Driver/Src/stm32f7xx_hal.o
 .debug_info    0x0000000000009e25     0x1116 ./Drivers/STM32F7xx_HAL_Driver/Src/stm32f7xx_hal_cortex.o
 .debug_info    0x000000000000af3b      0x9f1 ./Drivers/STM32F7xx_HAL_Driver/Src/stm32f7xx_hal_dma.o
 .debug_info    0x000000000000b92c     0x1067 ./Drivers/STM32F7xx_HAL_Driver/Src/stm32f7xx_hal_dma2d.o
 .debug_info    0x000000000000c993      0x868 ./Drivers/STM32F7xx_HAL_Driver/Src/stm32f7xx_hal_gpio.o
 .debug_info    0x000000000000d1fb     0x1205 ./Drivers/STM32F7xx_HAL_Driver/Src/stm32f7xx_hal_ltdc.o
 .debug_info    0x000000000000e400      0x9f6 ./Drivers/STM32F7xx_HAL_Driver/Src/stm32f7xx_hal_pwr_ex.o
 .debug_info    0x000000000000edf6      0x9cc ./Drivers/STM32F7xx_HAL_Driver/Src/stm32f7xx_hal_rcc.o
 .debug_info    0x000000000000f7c2      0x82c ./Drivers/STM32F7xx_HAL_Driver/Src/stm32f7xx_hal_rcc_ex.o
 .debug_info    0x000000000000ffee      0xeec ./Drivers/STM32F7xx_HAL_Driver/Src/stm32f7xx_hal_sdram.o
 .debug_info    0x0000000000010eda     0x2d3e ./Drivers/STM32F7xx_HAL_Driver/Src/stm32f7xx_hal_tim.o
 .debug_info    0x0000000000013c18     0x1688 ./Drivers/STM32F7xx_HAL_Driver/Src/stm32f7xx_hal_tim_ex.o
 .debug_info    0x00000000000152a0     0x3cd4 ./Drivers/STM32F7xx_HAL_Driver/Src/stm32f7xx_hal_uart.o
 .debug_info    0x0000000000018f74      0xd15 ./Drivers/STM32F7xx_HAL_Driver/Src/stm32f7xx_ll_fmc.o
 .debug_info    0x0000000000019c89     0x203a ./Middlewares/Third_Party/FreeRTOS/Source/CMSIS_RTOS/cmsis_os.o
 .debug_info    0x000000000001bcc3      0xb82 ./Middlewares/Third_Party/FreeRTOS/Source/list.o
 .debug_info    0x000000000001c845     0x24c3 ./Middlewares/Third_Party/FreeRTOS/Source/tasks.o
 .debug_info    0x000000000001ed08      0x4b4 ./Middlewares/Third_Party/FreeRTOS/Source/portable/GCC/ARM_CM7/r0p1/port.o
 .debug_info    0x000000000001f1bc      0xc77 ./Middlewares/Third_Party/FreeRTOS/Source/portable/MemMang/heap_4.o

.debug_abbrev   0x0000000000000000     0x3deb
 .debug_abbrev  0x0000000000000000      0x11d ./Core/Src/freertos.o
 .debug_abbrev  0x000000000000011d      0x2fe ./Core/Src/main.o
 .debug_abbrev  0x000000000000041b      0x261 ./Core/Src/stm32f7xx_hal_msp.o
 .debug_abbrev  0x000000000000067c      0x1bf ./Core/Src/stm32f7xx_hal_timebase_tim.o
 .debug_abbrev  0x000000000000083b      0x176 ./Core/Src/stm32f7xx_it.o
 .debug_abbrev  0x00000000000009b1      0x165 ./Core/Src/system_stm32f7xx.o
 .debug_abbrev  0x0000000000000b16       0x12 ./Core/Startup/startup_stm32f746nghx.o
 .debug_abbrev  0x0000000000000b28      0x2ff ./Drivers/BSP/STM32746G-Discovery/stm32746g_discovery_lcd.o
 .debug_abbrev  0x0000000000000e27      0x244 ./Drivers/BSP/STM32746G-Discovery/stm32746g_discovery_sdram.o
 .debug_abbrev  0x000000000000106b      0x1ed ./Drivers/STM32F7xx_HAL_Driver/Src/stm32f7xx_hal.o
 .debug_abbrev  0x0000000000001258      0x33c ./Drivers/STM32F7xx_HAL_Driver/Src/stm32f7xx_hal_cortex.o
 .debug_abbrev  0x0000000000001594      0x259 ./Drivers/STM32F7xx_HAL_Driver/Src/stm32f7xx_hal_dma.o
 .debug_abbrev  0x00000000000017ed      0x23f ./Drivers/STM32F7xx_HAL_Driver/Src/stm32f7xx_hal_dma2d.o
 .debug_abbrev  0x0000000000001a2c      0x1f1 ./Drivers/STM32F7xx_HAL_Driver/Src/stm32f7xx_hal_gpio.o
 .debug_abbrev  0x0000000000001c1d      0x239 ./Drivers/STM32F7xx_HAL_Driver/Src/stm32f7xx_hal_ltdc.o
 .debug_abbrev  0x0000000000001e56      0x1dc ./Drivers/STM32F7xx_HAL_Driver/Src/stm32f7xx_hal_pwr_ex.o
 .debug_abbrev  0x0000000000002032      0x246 ./Drivers/STM32F7xx_HAL_Driver/Src/stm32f7xx_hal_rcc.o
 .debug_abbrev  0x0000000000002278      0x1d1 ./Drivers/STM32F7xx_HAL_Driver/Src/stm32f7xx_hal_rcc_ex.o
 .debug_abbrev  0x0000000000002449      0x22a ./Drivers/STM32F7xx_HAL_Driver/Src/stm32f7xx_hal_sdram.o
 .debug_abbrev  0x0000000000002673      0x25e ./Drivers/STM32F7xx_HAL_Driver/Src/stm32f7xx_hal_tim.o
 .debug_abbrev  0x00000000000028d1      0x266 ./Drivers/STM32F7xx_HAL_Driver/Src/stm32f7xx_hal_tim_ex.o
 .debug_abbrev  0x0000000000002b37      0x2b3 ./Drivers/STM32F7xx_HAL_Driver/Src/stm32f7xx_hal_uart.o
 .debug_abbrev  0x0000000000002dea      0x1ae ./Drivers/STM32F7xx_HAL_Driver/Src/stm32f7xx_ll_fmc.o
 .debug_abbrev  0x0000000000002f98      0x3c2 ./Middlewares/Third_Party/FreeRTOS/Source/CMSIS_RTOS/cmsis_os.o
 .debug_abbrev  0x000000000000335a      0x1f7 ./Middlewares/Third_Party/FreeRTOS/Source/list.o
 .debug_abbrev  0x0000000000003551      0x380 ./Middlewares/Third_Party/FreeRTOS/Source/tasks.o
 .debug_abbrev  0x00000000000038d1      0x247 ./Middlewares/Third_Party/FreeRTOS/Source/portable/GCC/ARM_CM7/r0p1/port.o
 .debug_abbrev  0x0000000000003b18      0x2d3 ./Middlewares/Third_Party/FreeRTOS/Source/portable/MemMang/heap_4.o

.debug_aranges  0x0000000000000000     0x18c0
 .debug_aranges
                0x0000000000000000       0x20 ./Core/Src/freertos.o
 .debug_aranges
                0x0000000000000020       0x98 ./Core/Src/main.o
 .debug_aranges
                0x00000000000000b8       0x70 ./Core/Src/stm32f7xx_hal_msp.o
 .debug_aranges
                0x0000000000000128       0x30 ./Core/Src/stm32f7xx_hal_timebase_tim.o
 .debug_aranges
                0x0000000000000158       0x50 ./Core/Src/stm32f7xx_it.o
 .debug_aranges
                0x00000000000001a8       0x28 ./Core/Src/system_stm32f7xx.o
 .debug_aranges
                0x00000000000001d0       0x28 ./Core/Startup/startup_stm32f746nghx.o
 .debug_aranges
                0x00000000000001f8      0x1d8 ./Drivers/BSP/STM32746G-Discovery/stm32746g_discovery_lcd.o
 .debug_aranges
                0x00000000000003d0       0x68 ./Drivers/BSP/STM32746G-Discovery/stm32746g_discovery_sdram.o
 .debug_aranges
                0x0000000000000438      0x100 ./Drivers/STM32F7xx_HAL_Driver/Src/stm32f7xx_hal.o
 .debug_aranges
                0x0000000000000538      0x118 ./Drivers/STM32F7xx_HAL_Driver/Src/stm32f7xx_hal_cortex.o
 .debug_aranges
                0x0000000000000650       0x90 ./Drivers/STM32F7xx_HAL_Driver/Src/stm32f7xx_hal_dma.o
 .debug_aranges
                0x00000000000006e0      0x118 ./Drivers/STM32F7xx_HAL_Driver/Src/stm32f7xx_hal_dma2d.o
 .debug_aranges
                0x00000000000007f8       0x58 ./Drivers/STM32F7xx_HAL_Driver/Src/stm32f7xx_hal_gpio.o
 .debug_aranges
                0x0000000000000850      0x158 ./Drivers/STM32F7xx_HAL_Driver/Src/stm32f7xx_hal_ltdc.o
 .debug_aranges
                0x00000000000009a8       0x80 ./Drivers/STM32F7xx_HAL_Driver/Src/stm32f7xx_hal_pwr_ex.o
 .debug_aranges
                0x0000000000000a28       0x88 ./Drivers/STM32F7xx_HAL_Driver/Src/stm32f7xx_hal_rcc.o
 .debug_aranges
                0x0000000000000ab0       0x50 ./Drivers/STM32F7xx_HAL_Driver/Src/stm32f7xx_hal_rcc_ex.o
 .debug_aranges
                0x0000000000000b00       0xe8 ./Drivers/STM32F7xx_HAL_Driver/Src/stm32f7xx_hal_sdram.o
 .debug_aranges
                0x0000000000000be8      0x3e0 ./Drivers/STM32F7xx_HAL_Driver/Src/stm32f7xx_hal_tim.o
 .debug_aranges
                0x0000000000000fc8      0x178 ./Drivers/STM32F7xx_HAL_Driver/Src/stm32f7xx_hal_tim_ex.o
 .debug_aranges
                0x0000000000001140      0x228 ./Drivers/STM32F7xx_HAL_Driver/Src/stm32f7xx_hal_uart.o
 .debug_aranges
                0x0000000000001368       0xc8 ./Drivers/STM32F7xx_HAL_Driver/Src/stm32f7xx_ll_fmc.o
 .debug_aranges
                0x0000000000001430      0x1d8 ./Middlewares/Third_Party/FreeRTOS/Source/CMSIS_RTOS/cmsis_os.o
 .debug_aranges
                0x0000000000001608       0x40 ./Middlewares/Third_Party/FreeRTOS/Source/list.o
 .debug_aranges
                0x0000000000001648      0x1a8 ./Middlewares/Third_Party/FreeRTOS/Source/tasks.o
 .debug_aranges
                0x00000000000017f0       0x80 ./Middlewares/Third_Party/FreeRTOS/Source/portable/GCC/ARM_CM7/r0p1/port.o
 .debug_aranges
                0x0000000000001870       0x50 ./Middlewares/Third_Party/FreeRTOS/Source/portable/MemMang/heap_4.o

.debug_ranges   0x0000000000000000     0x1738
 .debug_ranges  0x0000000000000000       0x10 ./Core/Src/freertos.o
 .debug_ranges  0x0000000000000010       0x88 ./Core/Src/main.o
 .debug_ranges  0x0000000000000098       0x60 ./Core/Src/stm32f7xx_hal_msp.o
 .debug_ranges  0x00000000000000f8       0x20 ./Core/Src/stm32f7xx_hal_timebase_tim.o
 .debug_ranges  0x0000000000000118       0x40 ./Core/Src/stm32f7xx_it.o
 .debug_ranges  0x0000000000000158       0x18 ./Core/Src/system_stm32f7xx.o
 .debug_ranges  0x0000000000000170       0x20 ./Core/Startup/startup_stm32f746nghx.o
 .debug_ranges  0x0000000000000190      0x1c8 ./Drivers/BSP/STM32746G-Discovery/stm32746g_discovery_lcd.o
 .debug_ranges  0x0000000000000358       0x58 ./Drivers/BSP/STM32746G-Discovery/stm32746g_discovery_sdram.o
 .debug_ranges  0x00000000000003b0       0xf0 ./Drivers/STM32F7xx_HAL_Driver/Src/stm32f7xx_hal.o
 .debug_ranges  0x00000000000004a0      0x108 ./Drivers/STM32F7xx_HAL_Driver/Src/stm32f7xx_hal_cortex.o
 .debug_ranges  0x00000000000005a8       0x80 ./Drivers/STM32F7xx_HAL_Driver/Src/stm32f7xx_hal_dma.o
 .debug_ranges  0x0000000000000628      0x108 ./Drivers/STM32F7xx_HAL_Driver/Src/stm32f7xx_hal_dma2d.o
 .debug_ranges  0x0000000000000730       0x48 ./Drivers/STM32F7xx_HAL_Driver/Src/stm32f7xx_hal_gpio.o
 .debug_ranges  0x0000000000000778      0x148 ./Drivers/STM32F7xx_HAL_Driver/Src/stm32f7xx_hal_ltdc.o
 .debug_ranges  0x00000000000008c0       0x70 ./Drivers/STM32F7xx_HAL_Driver/Src/stm32f7xx_hal_pwr_ex.o
 .debug_ranges  0x0000000000000930       0x78 ./Drivers/STM32F7xx_HAL_Driver/Src/stm32f7xx_hal_rcc.o
 .debug_ranges  0x00000000000009a8       0x40 ./Drivers/STM32F7xx_HAL_Driver/Src/stm32f7xx_hal_rcc_ex.o
 .debug_ranges  0x00000000000009e8       0xd8 ./Drivers/STM32F7xx_HAL_Driver/Src/stm32f7xx_hal_sdram.o
 .debug_ranges  0x0000000000000ac0      0x3d0 ./Drivers/STM32F7xx_HAL_Driver/Src/stm32f7xx_hal_tim.o
 .debug_ranges  0x0000000000000e90      0x168 ./Drivers/STM32F7xx_HAL_Driver/Src/stm32f7xx_hal_tim_ex.o
 .debug_ranges  0x0000000000000ff8      0x248 ./Drivers/STM32F7xx_HAL_Driver/Src/stm32f7xx_hal_uart.o
 .debug_ranges  0x0000000000001240       0xb8 ./Drivers/STM32F7xx_HAL_Driver/Src/stm32f7xx_ll_fmc.o
 .debug_ranges  0x00000000000012f8      0x1c8 ./Middlewares/Third_Party/FreeRTOS/Source/CMSIS_RTOS/cmsis_os.o
 .debug_ranges  0x00000000000014c0       0x30 ./Middlewares/Third_Party/FreeRTOS/Source/list.o
 .debug_ranges  0x00000000000014f0      0x198 ./Middlewares/Third_Party/FreeRTOS/Source/tasks.o
 .debug_ranges  0x0000000000001688       0x70 ./Middlewares/Third_Party/FreeRTOS/Source/portable/GCC/ARM_CM7/r0p1/port.o
 .debug_ranges  0x00000000000016f8       0x40 ./Middlewares/Third_Party/FreeRTOS/Source/portable/MemMang/heap_4.o

.debug_macro    0x0000000000000000    0x2976e
 .debug_macro   0x0000000000000000      0x298 ./Core/Src/freertos.o
 .debug_macro   0x0000000000000298      0xaa8 ./Core/Src/freertos.o
 .debug_macro   0x0000000000000d40      0x174 ./Core/Src/freertos.o
 .debug_macro   0x0000000000000eb4       0x22 ./Core/Src/freertos.o
 .debug_macro   0x0000000000000ed6       0x8e ./Core/Src/freertos.o
 .debug_macro   0x0000000000000f64       0x51 ./Core/Src/freertos.o
 .debug_macro   0x0000000000000fb5      0x103 ./Core/Src/freertos.o
 .debug_macro   0x00000000000010b8       0x6a ./Core/Src/freertos.o
 .debug_macro   0x0000000000001122      0x1df ./Core/Src/freertos.o
 .debug_macro   0x0000000000001301       0xea ./Core/Src/freertos.o
 .debug_macro   0x00000000000013eb      0x15a ./Core/Src/freertos.o
 .debug_macro   0x0000000000001545       0xde ./Core/Src/freertos.o
 .debug_macro   0x0000000000001623       0x1c ./Core/Src/freertos.o
 .debug_macro   0x000000000000163f       0x26 ./Core/Src/freertos.o
 .debug_macro   0x0000000000001665      0x4e8 ./Core/Src/freertos.o
 .debug_macro   0x0000000000001b4d       0xb5 ./Core/Src/freertos.o
 .debug_macro   0x0000000000001c02       0xaa ./Core/Src/freertos.o
 .debug_macro   0x0000000000001cac      0x2a5 ./Core/Src/freertos.o
 .debug_macro   0x0000000000001f51       0x2e ./Core/Src/freertos.o
 .debug_macro   0x0000000000001f7f       0x3b ./Core/Src/freertos.o
 .debug_macro   0x0000000000001fba       0x1c ./Core/Src/freertos.o
 .debug_macro   0x0000000000001fd6       0x22 ./Core/Src/freertos.o
 .debug_macro   0x0000000000001ff8       0xdf ./Core/Src/freertos.o
 .debug_macro   0x00000000000020d7     0x12cd ./Core/Src/freertos.o
 .debug_macro   0x00000000000033a4      0x11f ./Core/Src/freertos.o
 .debug_macro   0x00000000000034c3       0x19 ./Core/Src/freertos.o
 .debug_macro   0x00000000000034dc    0x191da ./Core/Src/freertos.o
 .debug_macro   0x000000000001c6b6       0x6d ./Core/Src/freertos.o
 .debug_macro   0x000000000001c723     0x3714 ./Core/Src/freertos.o
 .debug_macro   0x000000000001fe37       0x63 ./Core/Src/freertos.o
 .debug_macro   0x000000000001fe9a     0x18ad ./Core/Src/freertos.o
 .debug_macro   0x0000000000021747      0x6c4 ./Core/Src/freertos.o
 .debug_macro   0x0000000000021e0b      0x185 ./Core/Src/freertos.o
 .debug_macro   0x0000000000021f90      0x115 ./Core/Src/freertos.o
 .debug_macro   0x00000000000220a5      0x1fd ./Core/Src/freertos.o
 .debug_macro   0x00000000000222a2       0xa5 ./Core/Src/freertos.o
 .debug_macro   0x0000000000022347      0x24f ./Core/Src/freertos.o
 .debug_macro   0x0000000000022596       0x41 ./Core/Src/freertos.o
 .debug_macro   0x00000000000225d7       0x58 ./Core/Src/freertos.o
 .debug_macro   0x000000000002262f      0x236 ./Core/Src/freertos.o
 .debug_macro   0x0000000000022865      0x208 ./Core/Src/freertos.o
 .debug_macro   0x0000000000022a6d      0x14e ./Core/Src/freertos.o
 .debug_macro   0x0000000000022bbb      0x25a ./Core/Src/freertos.o
 .debug_macro   0x0000000000022e15       0x12 ./Core/Src/freertos.o
 .debug_macro   0x0000000000022e27      0x504 ./Core/Src/freertos.o
 .debug_macro   0x000000000002332b      0x22c ./Core/Src/freertos.o
 .debug_macro   0x0000000000023557       0x61 ./Core/Src/freertos.o
 .debug_macro   0x00000000000235b8       0xa5 ./Core/Src/freertos.o
 .debug_macro   0x000000000002365d      0x198 ./Core/Src/freertos.o
 .debug_macro   0x00000000000237f5       0xd6 ./Core/Src/freertos.o
 .debug_macro   0x00000000000238cb      0x12e ./Core/Src/freertos.o
 .debug_macro   0x00000000000239f9      0x108 ./Core/Src/freertos.o
 .debug_macro   0x0000000000023b01       0x35 ./Core/Src/freertos.o
 .debug_macro   0x0000000000023b36      0xa60 ./Core/Src/freertos.o
 .debug_macro   0x0000000000024596       0x59 ./Core/Src/freertos.o
 .debug_macro   0x00000000000245ef      0x558 ./Core/Src/freertos.o
 .debug_macro   0x0000000000024b47       0x44 ./Core/Src/freertos.o
 .debug_macro   0x0000000000024b8b      0x14d ./Core/Src/freertos.o
 .debug_macro   0x0000000000024cd8      0x89c ./Core/Src/freertos.o
 .debug_macro   0x0000000000025574      0x320 ./Core/Src/main.o
 .debug_macro   0x0000000000025894       0xea ./Core/Src/main.o
 .debug_macro   0x000000000002597e       0x91 ./Core/Src/main.o
 .debug_macro   0x0000000000025a0f       0x8d ./Core/Src/main.o
 .debug_macro   0x0000000000025a9c       0x7e ./Core/Src/main.o
 .debug_macro   0x0000000000025b1a       0x19 ./Core/Src/main.o
 .debug_macro   0x0000000000025b33       0xf2 ./Core/Src/main.o
 .debug_macro   0x0000000000025c25      0x26a ./Core/Src/main.o
 .debug_macro   0x0000000000025e8f       0x40 ./Core/Src/main.o
 .debug_macro   0x0000000000025ecf       0xa0 ./Core/Src/main.o
 .debug_macro   0x0000000000025f6f       0x10 ./Core/Src/main.o
 .debug_macro   0x0000000000025f7f      0x12c ./Core/Src/main.o
 .debug_macro   0x00000000000260ab      0x230 ./Core/Src/stm32f7xx_hal_msp.o
 .debug_macro   0x00000000000262db      0x221 ./Core/Src/stm32f7xx_hal_timebase_tim.o
 .debug_macro   0x00000000000264fc      0x23a ./Core/Src/stm32f7xx_it.o
 .debug_macro   0x0000000000026736      0x221 ./Core/Src/system_stm32f7xx.o
 .debug_macro   0x0000000000026957      0x284 ./Drivers/BSP/STM32746G-Discovery/stm32746g_discovery_lcd.o
 .debug_macro   0x0000000000026bdb       0x9a ./Drivers/BSP/STM32746G-Discovery/stm32746g_discovery_lcd.o
 .debug_macro   0x0000000000026c75      0x230 ./Drivers/BSP/STM32746G-Discovery/stm32746g_discovery_sdram.o
 .debug_macro   0x0000000000026ea5      0x245 ./Drivers/STM32F7xx_HAL_Driver/Src/stm32f7xx_hal.o
 .debug_macro   0x00000000000270ea      0x221 ./Drivers/STM32F7xx_HAL_Driver/Src/stm32f7xx_hal_cortex.o
 .debug_macro   0x000000000002730b      0x227 ./Drivers/STM32F7xx_HAL_Driver/Src/stm32f7xx_hal_dma.o
 .debug_macro   0x0000000000027532      0x230 ./Drivers/STM32F7xx_HAL_Driver/Src/stm32f7xx_hal_dma2d.o
 .debug_macro   0x0000000000027762      0x227 ./Drivers/STM32F7xx_HAL_Driver/Src/stm32f7xx_hal_gpio.o
 .debug_macro   0x0000000000027989      0x222 ./Drivers/STM32F7xx_HAL_Driver/Src/stm32f7xx_hal_ltdc.o
 .debug_macro   0x0000000000027bab      0x239 ./Drivers/STM32F7xx_HAL_Driver/Src/stm32f7xx_hal_pwr_ex.o
 .debug_macro   0x0000000000027de4      0x245 ./Drivers/STM32F7xx_HAL_Driver/Src/stm32f7xx_hal_rcc.o
 .debug_macro   0x0000000000028029      0x221 ./Drivers/STM32F7xx_HAL_Driver/Src/stm32f7xx_hal_rcc_ex.o
 .debug_macro   0x000000000002824a      0x221 ./Drivers/STM32F7xx_HAL_Driver/Src/stm32f7xx_hal_sdram.o
 .debug_macro   0x000000000002846b      0x222 ./Drivers/STM32F7xx_HAL_Driver/Src/stm32f7xx_hal_tim.o
 .debug_macro   0x000000000002868d      0x221 ./Drivers/STM32F7xx_HAL_Driver/Src/stm32f7xx_hal_tim_ex.o
 .debug_macro   0x00000000000288ae      0x23e ./Drivers/STM32F7xx_HAL_Driver/Src/stm32f7xx_hal_uart.o
 .debug_macro   0x0000000000028aec      0x24b ./Drivers/STM32F7xx_HAL_Driver/Src/stm32f7xx_ll_fmc.o
 .debug_macro   0x0000000000028d37      0x1fe ./Middlewares/Third_Party/FreeRTOS/Source/CMSIS_RTOS/cmsis_os.o
 .debug_macro   0x0000000000028f35       0x10 ./Middlewares/Third_Party/FreeRTOS/Source/CMSIS_RTOS/cmsis_os.o
 .debug_macro   0x0000000000028f45       0x20 ./Middlewares/Third_Party/FreeRTOS/Source/CMSIS_RTOS/cmsis_os.o
 .debug_macro   0x0000000000028f65       0xc7 ./Middlewares/Third_Party/FreeRTOS/Source/CMSIS_RTOS/cmsis_os.o
 .debug_macro   0x000000000002902c      0x187 ./Middlewares/Third_Party/FreeRTOS/Source/list.o
 .debug_macro   0x00000000000291b3      0x279 ./Middlewares/Third_Party/FreeRTOS/Source/tasks.o
 .debug_macro   0x000000000002942c       0x10 ./Middlewares/Third_Party/FreeRTOS/Source/tasks.o
 .debug_macro   0x000000000002943c      0x184 ./Middlewares/Third_Party/FreeRTOS/Source/portable/GCC/ARM_CM7/r0p1/port.o
 .debug_macro   0x00000000000295c0      0x1ae ./Middlewares/Third_Party/FreeRTOS/Source/portable/MemMang/heap_4.o

.debug_line     0x0000000000000000    0x1c0f3
 .debug_line    0x0000000000000000      0x84b ./Core/Src/freertos.o
 .debug_line    0x000000000000084b     0x1058 ./Core/Src/main.o
 .debug_line    0x00000000000018a3      0x995 ./Core/Src/stm32f7xx_hal_msp.o
 .debug_line    0x0000000000002238      0x7a8 ./Core/Src/stm32f7xx_hal_timebase_tim.o
 .debug_line    0x00000000000029e0      0x7e5 ./Core/Src/stm32f7xx_it.o
 .debug_line    0x00000000000031c5      0x7c8 ./Core/Src/system_stm32f7xx.o
 .debug_line    0x000000000000398d       0x88 ./Core/Startup/startup_stm32f746nghx.o
 .debug_line    0x0000000000003a15     0x172b ./Drivers/BSP/STM32746G-Discovery/stm32746g_discovery_lcd.o
 .debug_line    0x0000000000005140      0x927 ./Drivers/BSP/STM32746G-Discovery/stm32746g_discovery_sdram.o
 .debug_line    0x0000000000005a67      0xa59 ./Drivers/STM32F7xx_HAL_Driver/Src/stm32f7xx_hal.o
 .debug_line    0x00000000000064c0      0xcdf ./Drivers/STM32F7xx_HAL_Driver/Src/stm32f7xx_hal_cortex.o
 .debug_line    0x000000000000719f      0xfa6 ./Drivers/STM32F7xx_HAL_Driver/Src/stm32f7xx_hal_dma.o
 .debug_line    0x0000000000008145     0x11e5 ./Drivers/STM32F7xx_HAL_Driver/Src/stm32f7xx_hal_dma2d.o
 .debug_line    0x000000000000932a      0xbcd ./Drivers/STM32F7xx_HAL_Driver/Src/stm32f7xx_hal_gpio.o
 .debug_line    0x0000000000009ef7     0x1743 ./Drivers/STM32F7xx_HAL_Driver/Src/stm32f7xx_hal_ltdc.o
 .debug_line    0x000000000000b63a      0x9ce ./Drivers/STM32F7xx_HAL_Driver/Src/stm32f7xx_hal_pwr_ex.o
 .debug_line    0x000000000000c008      0xe9a ./Drivers/STM32F7xx_HAL_Driver/Src/stm32f7xx_hal_rcc.o
 .debug_line    0x000000000000cea2      0xe55 ./Drivers/STM32F7xx_HAL_Driver/Src/stm32f7xx_hal_rcc_ex.o
 .debug_line    0x000000000000dcf7      0xe30 ./Drivers/STM32F7xx_HAL_Driver/Src/stm32f7xx_hal_sdram.o
 .debug_line    0x000000000000eb27     0x3c4a ./Drivers/STM32F7xx_HAL_Driver/Src/stm32f7xx_hal_tim.o
 .debug_line    0x0000000000012771     0x1b4f ./Drivers/STM32F7xx_HAL_Driver/Src/stm32f7xx_hal_tim_ex.o
 .debug_line    0x00000000000142c0     0x3223 ./Drivers/STM32F7xx_HAL_Driver/Src/stm32f7xx_hal_uart.o
 .debug_line    0x00000000000174e3      0xac7 ./Drivers/STM32F7xx_HAL_Driver/Src/stm32f7xx_ll_fmc.o
 .debug_line    0x0000000000017faa     0x119b ./Middlewares/Third_Party/FreeRTOS/Source/CMSIS_RTOS/cmsis_os.o
 .debug_line    0x0000000000019145      0x6e2 ./Middlewares/Third_Party/FreeRTOS/Source/list.o
 .debug_line    0x0000000000019827     0x18aa ./Middlewares/Third_Party/FreeRTOS/Source/tasks.o
 .debug_line    0x000000000001b0d1      0x774 ./Middlewares/Third_Party/FreeRTOS/Source/portable/GCC/ARM_CM7/r0p1/port.o
 .debug_line    0x000000000001b845      0x8ae ./Middlewares/Third_Party/FreeRTOS/Source/portable/MemMang/heap_4.o

.debug_str      0x0000000000000000   0x1030e1
 .debug_str     0x0000000000000000    0xf3050 ./Core/Src/freertos.o
                                      0xf375e (size before relaxing)
 .debug_str     0x00000000000f3050     0x53d9 ./Core/Src/main.o
                                      0xf8c2e (size before relaxing)
 .debug_str     0x00000000000f8429      0x883 ./Core/Src/stm32f7xx_hal_msp.o
                                      0xf0da2 (size before relaxing)
 .debug_str     0x00000000000f8cac       0xaa ./Core/Src/stm32f7xx_hal_timebase_tim.o
                                      0xee678 (size before relaxing)
 .debug_str     0x00000000000f8d56       0xab ./Core/Src/stm32f7xx_it.o
                                      0xefed1 (size before relaxing)
 .debug_str     0x00000000000f8e01       0x5b ./Core/Src/system_stm32f7xx.o
                                      0xedbbd (size before relaxing)
 .debug_str     0x00000000000f8e5c       0x36 ./Core/Startup/startup_stm32f746nghx.o
                                         0x6c (size before relaxing)
 .debug_str     0x00000000000f8e92      0x88e ./Drivers/BSP/STM32746G-Discovery/stm32746g_discovery_lcd.o
                                      0xf0991 (size before relaxing)
 .debug_str     0x00000000000f9720      0x1b9 ./Drivers/BSP/STM32746G-Discovery/stm32746g_discovery_sdram.o
                                      0xeeb3d (size before relaxing)
 .debug_str     0x00000000000f98d9      0x341 ./Drivers/STM32F7xx_HAL_Driver/Src/stm32f7xx_hal.o
                                      0xee484 (size before relaxing)
 .debug_str     0x00000000000f9c1a      0x373 ./Drivers/STM32F7xx_HAL_Driver/Src/stm32f7xx_hal_cortex.o
                                      0xee52b (size before relaxing)
 .debug_str     0x00000000000f9f8d      0x323 ./Drivers/STM32F7xx_HAL_Driver/Src/stm32f7xx_hal_dma.o
                                      0xedf0c (size before relaxing)
 .debug_str     0x00000000000fa2b0      0x3a6 ./Drivers/STM32F7xx_HAL_Driver/Src/stm32f7xx_hal_dma2d.o
                                      0xee0f0 (size before relaxing)
 .debug_str     0x00000000000fa656      0x143 ./Drivers/STM32F7xx_HAL_Driver/Src/stm32f7xx_hal_gpio.o
                                      0xedca7 (size before relaxing)
 .debug_str     0x00000000000fa799      0x410 ./Drivers/STM32F7xx_HAL_Driver/Src/stm32f7xx_hal_ltdc.o
                                      0xee140 (size before relaxing)
 .debug_str     0x00000000000faba9      0x1d1 ./Drivers/STM32F7xx_HAL_Driver/Src/stm32f7xx_hal_pwr_ex.o
                                      0xede4c (size before relaxing)
 .debug_str     0x00000000000fad7a      0x26e ./Drivers/STM32F7xx_HAL_Driver/Src/stm32f7xx_hal_rcc.o
                                      0xedeed (size before relaxing)
 .debug_str     0x00000000000fafe8      0x161 ./Drivers/STM32F7xx_HAL_Driver/Src/stm32f7xx_hal_rcc_ex.o
                                      0xede77 (size before relaxing)
 .debug_str     0x00000000000fb149      0x2af ./Drivers/STM32F7xx_HAL_Driver/Src/stm32f7xx_hal_sdram.o
                                      0xee142 (size before relaxing)
 .debug_str     0x00000000000fb3f8      0xe60 ./Drivers/STM32F7xx_HAL_Driver/Src/stm32f7xx_hal_tim.o
                                      0xeee6c (size before relaxing)
 .debug_str     0x00000000000fc258      0x5af ./Drivers/STM32F7xx_HAL_Driver/Src/stm32f7xx_hal_tim_ex.o
                                      0xee670 (size before relaxing)
 .debug_str     0x00000000000fc807      0x868 ./Drivers/STM32F7xx_HAL_Driver/Src/stm32f7xx_hal_uart.o
                                      0xee7e1 (size before relaxing)
 .debug_str     0x00000000000fd06f      0x847 ./Drivers/STM32F7xx_HAL_Driver/Src/stm32f7xx_ll_fmc.o
                                      0xee400 (size before relaxing)
 .debug_str     0x00000000000fd8b6     0x3a39 ./Middlewares/Third_Party/FreeRTOS/Source/CMSIS_RTOS/cmsis_os.o
                                       0xe4a0 (size before relaxing)
 .debug_str     0x00000000001012ef      0x219 ./Middlewares/Third_Party/FreeRTOS/Source/list.o
                                       0xaace (size before relaxing)
 .debug_str     0x0000000000101508     0x11fd ./Middlewares/Third_Party/FreeRTOS/Source/tasks.o
                                       0xccf3 (size before relaxing)
 .debug_str     0x0000000000102705      0x782 ./Middlewares/Third_Party/FreeRTOS/Source/portable/GCC/ARM_CM7/r0p1/port.o
                                       0x858c (size before relaxing)
 .debug_str     0x0000000000102e87      0x25a ./Middlewares/Third_Party/FreeRTOS/Source/portable/MemMang/heap_4.o
                                       0xb2c1 (size before relaxing)

.comment        0x0000000000000000       0x53
 .comment       0x0000000000000000       0x53 ./Core/Src/freertos.o
                                         0x54 (size before relaxing)
 .comment       0x0000000000000053       0x54 ./Core/Src/main.o
 .comment       0x0000000000000053       0x54 ./Core/Src/stm32f7xx_hal_msp.o
 .comment       0x0000000000000053       0x54 ./Core/Src/stm32f7xx_hal_timebase_tim.o
 .comment       0x0000000000000053       0x54 ./Core/Src/stm32f7xx_it.o
 .comment       0x0000000000000053       0x54 ./Core/Src/system_stm32f7xx.o
 .comment       0x0000000000000053       0x54 ./Drivers/BSP/STM32746G-Discovery/stm32746g_discovery_lcd.o
 .comment       0x0000000000000053       0x54 ./Drivers/BSP/STM32746G-Discovery/stm32746g_discovery_sdram.o
 .comment       0x0000000000000053       0x54 ./Drivers/STM32F7xx_HAL_Driver/Src/stm32f7xx_hal.o
 .comment       0x0000000000000053       0x54 ./Drivers/STM32F7xx_HAL_Driver/Src/stm32f7xx_hal_cortex.o
 .comment       0x0000000000000053       0x54 ./Drivers/STM32F7xx_HAL_Driver/Src/stm32f7xx_hal_dma.o
 .comment       0x0000000000000053       0x54 ./Drivers/STM32F7xx_HAL_Driver/Src/stm32f7xx_hal_dma2d.o
 .comment       0x0000000000000053       0x54 ./Drivers/STM32F7xx_HAL_Driver/Src/stm32f7xx_hal_gpio.o
 .comment       0x0000000000000053       0x54 ./Drivers/STM32F7xx_HAL_Driver/Src/stm32f7xx_hal_ltdc.o
 .comment       0x0000000000000053       0x54 ./Drivers/STM32F7xx_HAL_Driver/Src/stm32f7xx_hal_pwr_ex.o
 .comment       0x0000000000000053       0x54 ./Drivers/STM32F7xx_HAL_Driver/Src/stm32f7xx_hal_rcc.o
 .comment       0x0000000000000053       0x54 ./Drivers/STM32F7xx_HAL_Driver/Src/stm32f7xx_hal_rcc_ex.o
 .comment       0x0000000000000053       0x54 ./Drivers/STM32F7xx_HAL_Driver/Src/stm32f7xx_hal_sdram.o
 .comment       0x0000000000000053       0x54 ./Drivers/STM32F7xx_HAL_Driver/Src/stm32f7xx_hal_tim.o
 .comment       0x0000000000000053       0x54 ./Drivers/STM32F7xx_HAL_Driver/Src/stm32f7xx_hal_tim_ex.o
 .comment       0x0000000000000053       0x54 ./Drivers/STM32F7xx_HAL_Driver/Src/stm32f7xx_hal_uart.o
 .comment       0x0000000000000053       0x54 ./Drivers/STM32F7xx_HAL_Driver/Src/stm32f7xx_ll_fmc.o
 .comment       0x0000000000000053       0x54 ./Middlewares/Third_Party/FreeRTOS/Source/CMSIS_RTOS/cmsis_os.o
 .comment       0x0000000000000053       0x54 ./Middlewares/Third_Party/FreeRTOS/Source/list.o
 .comment       0x0000000000000053       0x54 ./Middlewares/Third_Party/FreeRTOS/Source/tasks.o
 .comment       0x0000000000000053       0x54 ./Middlewares/Third_Party/FreeRTOS/Source/portable/GCC/ARM_CM7/r0p1/port.o
 .comment       0x0000000000000053       0x54 ./Middlewares/Third_Party/FreeRTOS/Source/portable/MemMang/heap_4.o

.debug_frame    0x0000000000000000     0x684c
 .debug_frame   0x0000000000000000       0x38 ./Core/Src/freertos.o
 .debug_frame   0x0000000000000038      0x224 ./Core/Src/main.o
 .debug_frame   0x000000000000025c      0x1a4 ./Core/Src/stm32f7xx_hal_msp.o
 .debug_frame   0x0000000000000400       0x74 ./Core/Src/stm32f7xx_hal_timebase_tim.o
 .debug_frame   0x0000000000000474       0xc4 ./Core/Src/stm32f7xx_it.o
 .debug_frame   0x0000000000000538       0x58 ./Core/Src/system_stm32f7xx.o
 .debug_frame   0x0000000000000590      0x840 ./Drivers/BSP/STM32746G-Discovery/stm32746g_discovery_lcd.o
 .debug_frame   0x0000000000000dd0      0x168 ./Drivers/BSP/STM32746G-Discovery/stm32746g_discovery_sdram.o
 .debug_frame   0x0000000000000f38      0x3b4 ./Drivers/STM32F7xx_HAL_Driver/Src/stm32f7xx_hal.o
 .debug_frame   0x00000000000012ec      0x498 ./Drivers/STM32F7xx_HAL_Driver/Src/stm32f7xx_hal_cortex.o
 .debug_frame   0x0000000000001784      0x250 ./Drivers/STM32F7xx_HAL_Driver/Src/stm32f7xx_hal_dma.o
 .debug_frame   0x00000000000019d4      0x4e0 ./Drivers/STM32F7xx_HAL_Driver/Src/stm32f7xx_hal_dma2d.o
 .debug_frame   0x0000000000001eb4      0x14c ./Drivers/STM32F7xx_HAL_Driver/Src/stm32f7xx_hal_gpio.o
 .debug_frame   0x0000000000002000      0x61c ./Drivers/STM32F7xx_HAL_Driver/Src/stm32f7xx_hal_ltdc.o
 .debug_frame   0x000000000000261c      0x1c8 ./Drivers/STM32F7xx_HAL_Driver/Src/stm32f7xx_hal_pwr_ex.o
 .debug_frame   0x00000000000027e4      0x1f0 ./Drivers/STM32F7xx_HAL_Driver/Src/stm32f7xx_hal_rcc.o
 .debug_frame   0x00000000000029d4      0x118 ./Drivers/STM32F7xx_HAL_Driver/Src/stm32f7xx_hal_rcc_ex.o
 .debug_frame   0x0000000000002aec      0x3e8 ./Drivers/STM32F7xx_HAL_Driver/Src/stm32f7xx_hal_sdram.o
 .debug_frame   0x0000000000002ed4     0x121c ./Drivers/STM32F7xx_HAL_Driver/Src/stm32f7xx_hal_tim.o
 .debug_frame   0x00000000000040f0      0x688 ./Drivers/STM32F7xx_HAL_Driver/Src/stm32f7xx_hal_tim_ex.o
 .debug_frame   0x0000000000004778      0x9e4 ./Drivers/STM32F7xx_HAL_Driver/Src/stm32f7xx_hal_uart.o
 .debug_frame   0x000000000000515c      0x37c ./Drivers/STM32F7xx_HAL_Driver/Src/stm32f7xx_ll_fmc.o
 .debug_frame   0x00000000000054d8      0x80c ./Middlewares/Third_Party/FreeRTOS/Source/CMSIS_RTOS/cmsis_os.o
 .debug_frame   0x0000000000005ce4       0xd8 ./Middlewares/Third_Party/FreeRTOS/Source/list.o
 .debug_frame   0x0000000000005dbc      0x734 ./Middlewares/Third_Party/FreeRTOS/Source/tasks.o
 .debug_frame   0x00000000000064f0      0x1a8 ./Middlewares/Third_Party/FreeRTOS/Source/portable/GCC/ARM_CM7/r0p1/port.o
 .debug_frame   0x0000000000006698      0x108 ./Middlewares/Third_Party/FreeRTOS/Source/portable/MemMang/heap_4.o
 .debug_frame   0x00000000000067a0       0x2c /opt/st/stm32cubeide_1.8.0/plugins/com.st.stm32cube.ide.mcu.externaltools.gnu-tools-for-stm32.9-2020-q2-update.linux64_2.0.0.202105311346/tools/bin/../lib/gcc/arm-none-eabi/9.3.1/../../../../arm-none-eabi/lib/thumb/v7e-m+fp/hard/libc_nano.a(lib_a-init.o)
 .debug_frame   0x00000000000067cc       0x20 /opt/st/stm32cubeide_1.8.0/plugins/com.st.stm32cube.ide.mcu.externaltools.gnu-tools-for-stm32.9-2020-q2-update.linux64_2.0.0.202105311346/tools/bin/../lib/gcc/arm-none-eabi/9.3.1/../../../../arm-none-eabi/lib/thumb/v7e-m+fp/hard/libc_nano.a(lib_a-memset.o)