stm32f7xx_ll_usb.c:1416:26:USB_CoreReset	8	static
stm32f7xx_ll_usb.c:86:19:USB_CoreInit	16	static
stm32f7xx_ll_usb.c:173:19:USB_SetTurnaroundTime	0	static
stm32f7xx_ll_usb.c:256:19:USB_EnableGlobalInt	0	static
stm32f7xx_ll_usb.c:268:19:USB_DisableGlobalInt	0	static
stm32f7xx_ll_usb.c:283:19:USB_SetCurrentMode	16	static
stm32f7xx_ll_usb.c:500:19:USB_FlushTxFifo	8	static
stm32f7xx_ll_usb.c:533:19:USB_FlushRxFifo	8	static
stm32f7xx_ll_usb.c:572:19:USB_SetDevSpeed	0	static
stm32f7xx_ll_usb.c:330:19:USB_DevInit	32	static
stm32f7xx_ll_usb.c:588:9:USB_GetDevSpeed	0	static
stm32f7xx_ll_usb.c:617:19:USB_ActivateEndpoint	12	static
stm32f7xx_ll_usb.c:655:19:USB_ActivateDedicatedEndpoint	20	static
stm32f7xx_ll_usb.c:694:19:USB_DeactivateEndpoint	8	static
stm32f7xx_ll_usb.c:741:19:USB_DeactivateDedicatedEndpoint	0	static
stm32f7xx_ll_usb.c:927:19:USB_EP0StartXfer	20	static
stm32f7xx_ll_usb.c:1027:19:USB_WritePacket	8	static
stm32f7xx_ll_usb.c:783:19:USB_EPStartXfer	32	static
stm32f7xx_ll_usb.c:1058:7:USB_ReadPacket	16	static
stm32f7xx_ll_usb.c:1100:19:USB_EPSetStall	0	static
stm32f7xx_ll_usb.c:1131:19:USB_EPClearStall	0	static
stm32f7xx_ll_usb.c:1160:19:USB_StopDevice	8	static
stm32f7xx_ll_usb.c:1201:20:USB_SetDevAddress	0	static
stm32f7xx_ll_usb.c:1216:20:USB_DevConnect	0	static
stm32f7xx_ll_usb.c:1233:20:USB_DevDisconnect	0	static
stm32f7xx_ll_usb.c:1250:11:USB_ReadInterrupts	0	static
stm32f7xx_ll_usb.c:1265:10:USB_ReadDevAllOutEpInterrupt	0	static
stm32f7xx_ll_usb.c:1281:10:USB_ReadDevAllInEpInterrupt	0	static
stm32f7xx_ll_usb.c:1299:10:USB_ReadDevOutEPInterrupt	0	static
stm32f7xx_ll_usb.c:1317:10:USB_ReadDevInEPInterrupt	8	static
stm32f7xx_ll_usb.c:1338:7:USB_ClearInterrupts	0	static
stm32f7xx_ll_usb.c:1351:10:USB_GetMode	0	static
stm32f7xx_ll_usb.c:1361:20:USB_ActivateSetup	0	static
stm32f7xx_ll_usb.c:1383:19:USB_EP0_OutStart	12	static
stm32f7xx_ll_usb.c:1520:19:USB_HostInit	16	static
stm32f7xx_ll_usb.c:1614:19:USB_InitFSLSPClkSel	8	static
stm32f7xx_ll_usb.c:1644:19:USB_ResetPort	24	static
stm32f7xx_ll_usb.c:1671:19:USB_DriveVbus	8	static
stm32f7xx_ll_usb.c:1701:10:USB_GetHostSpeed	8	static
stm32f7xx_ll_usb.c:1715:10:USB_GetCurrentFrame	0	static
stm32f7xx_ll_usb.c:1746:19:USB_HC_Init	24	static
stm32f7xx_ll_usb.c:2011:10:USB_HC_ReadInterrupt	0	static
stm32f7xx_ll_usb.c:2025:19:USB_HC_Halt	24	static
stm32f7xx_ll_usb.c:2096:19:USB_DoPing	0	static
stm32f7xx_ll_usb.c:1872:19:USB_HC_StartXfer	40	static
stm32f7xx_ll_usb.c:2120:19:USB_StopHost	24	static
stm32f7xx_ll_usb.c:2183:19:USB_ActivateRemoteWakeup	0	static
stm32f7xx_ll_usb.c:2201:19:USB_DeActivateRemoteWakeup	0	static
