core_cm7.h:2229:22:SCB_EnableICache	4	static,ignoring_inline_asm
core_cm7.h:2281:22:SCB_EnableDCache	24	static,ignoring_inline_asm
main.c:89:5:main	160	static
main.c:191:6:SystemClock_Config	88	static
main.c:241:13:MX_DMA2D_Init	8	static
main.c:278:13:MX_LTDC_Init	64	static
main.c:340:13:MX_USART1_UART_Init	8	static
main.c:371:13:MX_FMC_Init	40	static
main.c:422:13:MX_GPIO_Init	72	static
main.c:826:6:StartDefaultTask	16	static
main.c:844:6:StartTask02	16	static
main.c:862:6:StartTask03	16	static
main.c:880:6:StartTask04	16	static
main.c:898:6:StartTask05	16	static
main.c:917:6:HAL_TIM_PeriodElapsedCallback	16	static
main.c:934:6:Error_Handler	4	static,ignoring_inline_asm
