core_cm7.h:2229:22:SCB_EnableICache	4	static,ignoring_inline_asm
core_cm7.h:2281:22:SCB_EnableDCache	24	static,ignoring_inline_asm
main.c:87:5:main	160	static
main.c:185:6:SystemClock_Config	88	static
main.c:235:13:MX_DMA2D_Init	8	static
main.c:272:13:MX_LTDC_Init	64	static
main.c:334:13:MX_USART1_UART_Init	8	static
main.c:365:13:MX_FMC_Init	40	static
main.c:416:13:MX_GPIO_Init	72	static
main.c:820:6:StartDefaultTask	16	static
main.c:838:6:StartTask02	16	static
main.c:856:6:StartTask03	16	static
main.c:874:6:StartTask04	16	static
main.c:892:6:StartTask05	16	static
main.c:911:6:HAL_TIM_PeriodElapsedCallback	16	static
main.c:928:6:Error_Handler	4	static,ignoring_inline_asm
