stm32f7xx_hal_msp.c:63:6:HAL_MspInit	16	static
stm32f7xx_hal_msp.c:87:6:HAL_DMA2D_MspInit	24	static
stm32f7xx_hal_msp.c:109:6:HAL_DMA2D_MspDeInit	16	static
stm32f7xx_hal_msp.c:131:6:HAL_LTDC_MspInit	192	static
stm32f7xx_hal_msp.c:244:6:HAL_LTDC_MspDeInit	16	static
stm32f7xx_hal_msp.c:311:6:HAL_UART_MspInit	184	static
stm32f7xx_hal_msp.c:365:6:HAL_UART_MspDeInit	16	static
stm32f7xx_hal_msp.c:392:13:HAL_FMC_MspInit	32	static
stm32f7xx_hal_msp.c:498:6:HAL_SDRAM_MspInit	16	static
stm32f7xx_hal_msp.c:510:13:HAL_FMC_MspDeInit	8	static
stm32f7xx_hal_msp.c:584:6:HAL_SDRAM_MspDeInit	16	static
